2026-05-19 12:26:52.737 UTC [1] LOG:  starting PostgreSQL 14.17 (Debian 14.17-1.pgdg120+1) on x86_64-pc-linux-gnu, compiled by gcc (Debian 12.2.0-14) 12.2.0, 64-bit
2026-05-19 12:26:52.747 UTC [1] LOG:  listening on IPv4 address "0.0.0.0", port 5432
2026-05-19 12:26:52.747 UTC [1] LOG:  listening on IPv6 address "::", port 5432
2026-05-19 12:26:55.460 UTC [1] LOG:  listening on Unix socket "/var/run/postgresql/.s.PGSQL.5432"
2026-05-19 12:26:58.141 UTC [28] LOG:  database system was shut down at 2026-05-19 12:19:47 UTC
[2026-05-19T12:26:58Z INFO  service::utils::clean] Find directory "pg_vectors/indexes/17576".
[2026-05-19T12:26:58Z INFO  service::utils::clean] Find directory "pg_vectors/indexes/17332".
[2026-05-19T12:26:58Z INFO  service::utils::clean] Find directory "pg_vectors/indexes/17576/segments/71c2a884-29b7-4e33-a945-28dfac840a67".
[2026-05-19T12:26:59Z INFO  service::utils::clean] Find directory "pg_vectors/indexes/17332/segments/a2b3c4a6-8223-41fe-a99f-c47b7f1b8a1c".
2026-05-19 12:27:00.492 UTC [1] LOG:  database system is ready to accept connections
2026-05-19 12:28:19.049 UTC [73] LOG:  could not receive data from client: Connection reset by peer
2026-05-19 12:29:09.485 UTC [90] LOG:  could not receive data from client: Connection reset by peer
2026-05-19 12:42:39.669 UTC [407] LOG:  could not receive data from client: Connection reset by peer
2026-05-19 12:43:54.466 UTC [434] LOG:  could not receive data from client: Connection reset by peer
2026-05-19 12:45:39.525 UTC [473] LOG:  could not receive data from client: Connection reset by peer
2026-05-19 13:02:15.892 UTC [860] LOG:  could not receive data from client: Connection reset by peer
2026-05-19 13:07:44.486 UTC [996] LOG:  could not receive data from client: Connection reset by peer
2026-05-19 13:13:55.704 UTC [1142] LOG:  could not receive data from client: Connection reset by peer
2026-05-19 13:22:35.612 UTC [1350] LOG:  could not receive data from client: Connection reset by peer
2026-05-19 13:23:49.925 UTC [1377] LOG:  could not receive data from client: Connection reset by peer
2026-05-19 13:29:31.854 UTC [1511] LOG:  could not receive data from client: Connection reset by peer
2026-05-19 13:30:32.002 UTC [1534] LOG:  could not receive data from client: Connection reset by peer
2026-05-19 13:39:27.649 UTC [1747] LOG:  could not receive data from client: Connection reset by peer
2026-05-19 13:39:27.649 UTC [1747] LOG:  unexpected EOF on client connection with an open transaction
2026-05-19 13:45:09.037 UTC [1880] LOG:  could not receive data from client: Connection reset by peer
2026-05-19 13:47:52.709 UTC [1950] LOG:  could not receive data from client: Connection reset by peer
2026-05-19 13:48:22.670 UTC [1962] LOG:  could not receive data from client: Connection reset by peer
2026-05-19 13:51:05.665 UTC [2021] LOG:  could not receive data from client: Connection reset by peer
2026-05-19 14:04:11.461 UTC [2332] LOG:  could not receive data from client: Connection reset by peer
2026-05-19 14:04:55.779 UTC [2348] LOG:  could not receive data from client: Connection reset by peer
2026-05-19 14:05:25.865 UTC [2360] LOG:  could not receive data from client: Connection reset by peer
2026-05-19 14:05:40.856 UTC [2366] LOG:  could not receive data from client: Connection reset by peer
2026-05-19 14:07:54.683 UTC [2424] LOG:  could not receive data from client: Connection reset by peer
2026-05-19 14:16:05.102 UTC [2609] LOG:  could not receive data from client: Connection reset by peer
2026-05-19 14:18:33.336 UTC [2673] LOG:  could not receive data from client: Connection reset by peer
2026-05-19 14:25:59.594 UTC [2842] LOG:  could not receive data from client: Connection reset by peer
2026-05-19 14:27:58.752 UTC [2895] LOG:  could not receive data from client: Connection reset by peer
2026-05-19 14:32:40.631 UTC [3006] LOG:  could not receive data from client: Connection reset by peer
2026-05-19 14:34:24.991 UTC [3045] LOG:  could not receive data from client: Connection reset by peer
2026-05-19 14:36:09.038 UTC [3084] LOG:  could not receive data from client: Connection reset by peer
2026-05-19 14:49:30.893 UTC [3399] LOG:  could not receive data from client: Connection reset by peer
2026-05-19 14:51:15.553 UTC [3440] LOG:  could not receive data from client: Connection reset by peer
2026-05-19 14:52:15.010 UTC [3462] LOG:  could not receive data from client: Connection reset by peer
2026-05-19 14:53:14.622 UTC [3494] LOG:  could not receive data from client: Connection reset by peer
2026-05-19 14:58:11.829 UTC [3613] LOG:  could not receive data from client: Connection reset by peer
2026-05-19 14:59:40.817 UTC [3646] LOG:  could not receive data from client: Connection reset by peer
2026-05-19 15:12:02.451 UTC [3929] LOG:  could not receive data from client: Connection reset by peer
2026-05-19 15:15:45.317 UTC [4019] LOG:  could not receive data from client: Connection reset by peer
2026-05-19 15:18:28.858 UTC [4089] LOG:  could not receive data from client: Connection reset by peer
2026-05-19 15:25:44.826 UTC [4252] LOG:  could not receive data from client: Connection reset by peer
2026-05-19 15:29:12.934 UTC [4338] LOG:  could not receive data from client: Connection reset by peer
2026-05-19 15:29:57.673 UTC [4354] LOG:  could not receive data from client: Connection reset by peer
2026-05-19 15:33:25.373 UTC [4440] LOG:  could not receive data from client: Connection reset by peer
2026-05-19 15:37:52.491 UTC [4547] LOG:  could not receive data from client: Connection reset by peer
2026-05-19 15:42:05.106 UTC [4637] LOG:  could not receive data from client: Connection reset by peer
2026-05-19 15:47:31.133 UTC [4764] LOG:  could not receive data from client: Connection reset by peer
2026-05-19 15:51:14.548 UTC [4855] LOG:  could not receive data from client: Connection reset by peer
2026-05-19 15:58:55.247 UTC [5040] LOG:  could not receive data from client: Connection reset by peer
2026-05-19 16:05:07.013 UTC [5183] LOG:  could not receive data from client: Connection reset by peer
2026-05-19 16:09:20.079 UTC [5285] LOG:  could not receive data from client: Connection reset by peer
2026-05-19 16:11:04.389 UTC [5323] LOG:  could not receive data from client: Connection reset by peer
2026-05-19 16:13:33.711 UTC [5387] LOG:  could not receive data from client: Connection reset by peer
2026-05-19 16:24:41.764 UTC [5646] LOG:  could not receive data from client: Connection reset by peer
2026-05-19 16:25:41.499 UTC [5668] LOG:  could not receive data from client: Connection reset by peer
2026-05-19 16:35:05.466 UTC [5888] LOG:  could not receive data from client: Connection reset by peer
2026-05-19 16:41:16.972 UTC [6033] LOG:  could not receive data from client: Connection reset by peer
2026-05-19 16:51:10.943 UTC [6267] LOG:  could not receive data from client: Connection reset by peer
2026-05-19 17:07:29.976 UTC [6649] LOG:  could not receive data from client: Connection reset by peer
2026-05-19 17:11:41.436 UTC [6749] LOG:  could not receive data from client: Connection reset by peer
2026-05-19 17:12:26.311 UTC [6767] LOG:  could not receive data from client: Connection reset by peer
2026-05-19 17:14:39.715 UTC [6826] LOG:  could not receive data from client: Connection reset by peer
2026-05-19 17:33:27.252 UTC [7267] LOG:  could not receive data from client: Connection reset by peer
2026-05-19 17:36:40.166 UTC [7338] LOG:  could not receive data from client: Connection reset by peer
2026-05-19 17:45:33.607 UTC [7550] LOG:  could not receive data from client: Connection reset by peer
2026-05-19 17:52:30.530 UTC [7712] LOG:  could not receive data from client: Connection reset by peer
2026-05-19 17:53:15.412 UTC [7739] LOG:  could not receive data from client: Connection reset by peer
2026-05-19 17:55:28.813 UTC [7788] LOG:  could not receive data from client: Connection reset by peer
2026-05-19 17:58:26.484 UTC [7863] LOG:  could not receive data from client: Connection reset by peer
2026-05-19 18:11:47.792 UTC [8169] LOG:  could not receive data from client: Connection reset by peer
2026-05-19 18:14:16.029 UTC [8232] LOG:  could not receive data from client: Connection reset by peer
2026-05-19 18:34:17.989 UTC [8702] LOG:  could not receive data from client: Connection reset by peer
2026-05-19 18:37:00.844 UTC [8761] LOG:  could not receive data from client: Connection reset by peer
2026-05-19 18:37:15.781 UTC [8767] LOG:  could not receive data from client: Connection reset by peer
2026-05-19 18:58:04.604 UTC [9264] LOG:  could not receive data from client: Connection reset by peer
2026-05-19 19:01:17.774 UTC [9334] LOG:  could not receive data from client: Connection reset by peer
2026-05-19 19:05:00.487 UTC [9424] LOG:  could not receive data from client: Connection reset by peer
2026-05-19 19:05:45.083 UTC [9441] LOG:  could not receive data from client: Connection reset by peer
2026-05-19 19:08:13.984 UTC [9504] LOG:  could not receive data from client: Connection reset by peer
2026-05-19 19:08:29.137 UTC [9512] LOG:  could not receive data from client: Connection reset by peer
2026-05-19 19:11:56.826 UTC [9587] LOG:  could not receive data from client: Connection reset by peer
2026-05-19 19:14:40.493 UTC [9656] LOG:  could not receive data from client: Connection reset by peer
2026-05-19 19:21:51.013 UTC [9822] LOG:  could not receive data from client: Connection reset by peer
2026-05-19 19:22:06.079 UTC [9829] LOG:  could not receive data from client: Connection reset by peer
2026-05-19 19:47:36.047 UTC [10427] LOG:  could not receive data from client: Connection reset by peer
2026-05-19 19:50:34.817 UTC [10502] LOG:  could not receive data from client: Connection reset by peer
2026-05-19 19:57:14.995 UTC [10656] LOG:  could not receive data from client: Connection reset by peer
2026-05-19 19:59:58.501 UTC [10725] LOG:  could not receive data from client: Connection reset by peer
2026-05-19 20:00:13.451 UTC [10731] LOG:  could not receive data from client: Connection reset by peer
2026-05-19 20:00:43.460 UTC [10743] LOG:  could not receive data from client: Connection reset by peer
2026-05-19 20:09:54.069 UTC [10961] LOG:  could not receive data from client: Connection reset by peer
2026-05-19 20:19:02.843 UTC [11176] LOG:  could not receive data from client: Connection reset by peer
2026-05-19 20:28:56.476 UTC [11409] LOG:  could not receive data from client: Connection reset by peer
2026-05-19 20:33:23.171 UTC [11516] LOG:  could not receive data from client: Connection reset by peer
2026-05-19 20:34:22.719 UTC [11538] LOG:  could not receive data from client: Connection reset by peer
2026-05-19 20:34:52.414 UTC [11550] LOG:  could not receive data from client: Connection reset by peer
2026-05-19 20:38:06.404 UTC [11633] LOG:  could not receive data from client: Connection reset by peer
2026-05-19 20:39:35.534 UTC [11666] LOG:  could not receive data from client: Connection reset by peer
2026-05-19 20:40:05.381 UTC [11677] LOG:  could not receive data from client: Connection reset by peer
2026-05-19 20:43:02.412 UTC [11751] LOG:  could not receive data from client: Connection reset by peer
2026-05-19 20:49:44.863 UTC [11904] LOG:  could not receive data from client: Connection reset by peer
2026-05-19 20:52:13.301 UTC [11958] LOG:  could not receive data from client: Connection reset by peer
2026-05-19 20:59:53.146 UTC [12142] LOG:  could not receive data from client: Connection reset by peer
2026-05-19 21:08:47.853 UTC [12355] LOG:  could not receive data from client: Connection reset by peer
2026-05-19 21:10:47.244 UTC [12398] LOG:  could not receive data from client: Connection reset by peer
2026-05-19 21:12:16.231 UTC [12430] LOG:  could not receive data from client: Connection reset by peer
2026-05-19 21:13:45.810 UTC [12475] LOG:  could not receive data from client: Connection reset by peer
2026-05-19 21:21:11.761 UTC [12646] LOG:  could not receive data from client: Connection reset by peer
2026-05-19 21:25:08.640 UTC [12744] LOG:  could not receive data from client: Connection reset by peer
2026-05-19 21:27:07.356 UTC [12787] LOG:  could not receive data from client: Connection reset by peer
2026-05-19 21:28:06.801 UTC [12819] LOG:  could not receive data from client: Connection reset by peer
2026-05-19 21:34:32.788 UTC [12969] LOG:  could not receive data from client: Connection reset by peer
2026-05-19 21:36:46.634 UTC [13018] LOG:  could not receive data from client: Connection reset by peer
2026-05-19 21:37:46.389 UTC [13041] LOG:  could not receive data from client: Connection reset by peer
2026-05-19 21:40:15.885 UTC [13106] LOG:  could not receive data from client: Connection reset by peer
2026-05-19 21:43:29.006 UTC [13189] LOG:  could not receive data from client: Connection reset by peer
2026-05-19 21:59:05.423 UTC [13553] LOG:  could not receive data from client: Connection reset by peer
2026-05-19 22:05:30.928 UTC [13703] LOG:  could not receive data from client: Connection reset by peer
2026-05-19 22:08:28.864 UTC [13776] LOG:  could not receive data from client: Connection reset by peer
2026-05-19 22:25:18.248 UTC [14169] LOG:  could not receive data from client: Connection reset by peer
2026-05-19 22:35:57.160 UTC [14417] LOG:  could not receive data from client: Connection reset by peer
2026-05-19 22:50:04.782 UTC [14752] LOG:  could not receive data from client: Connection reset by peer
2026-05-19 22:54:01.956 UTC [14847] LOG:  could not receive data from client: Connection reset by peer
2026-05-19 22:59:43.177 UTC [14980] LOG:  could not receive data from client: Connection reset by peer
2026-05-19 23:00:14.337 UTC [14992] LOG:  could not receive data from client: Connection reset by peer
2026-05-19 23:06:55.237 UTC [15145] LOG:  could not receive data from client: Connection reset by peer
2026-05-19 23:10:08.862 UTC [15226] LOG:  could not receive data from client: Connection reset by peer
2026-05-19 23:14:21.517 UTC [15327] LOG:  could not receive data from client: Connection reset by peer
2026-05-19 23:15:06.251 UTC [15345] LOG:  could not receive data from client: Connection reset by peer
2026-05-19 23:23:32.618 UTC [15548] LOG:  could not receive data from client: Connection reset by peer
2026-05-19 23:23:47.534 UTC [15555] LOG:  could not receive data from client: Connection reset by peer
2026-05-19 23:31:12.450 UTC [15724] LOG:  could not receive data from client: Connection reset by peer
2026-05-19 23:31:42.110 UTC [15736] LOG:  could not receive data from client: Connection reset by peer
2026-05-19 23:58:53.518 UTC [16378] LOG:  could not receive data from client: Connection reset by peer
