2026-06-08 00:01:07.088 UTC [80122] LOG:  could not receive data from client: Connection reset by peer
2026-06-08 00:02:06.923 UTC [80145] LOG:  could not receive data from client: Connection reset by peer
2026-06-08 00:08:49.469 UTC [80307] LOG:  could not receive data from client: Connection reset by peer
2026-06-08 00:12:17.973 UTC [80392] LOG:  could not receive data from client: Connection reset by peer
2026-06-08 00:28:16.617 UTC [80762] LOG:  could not receive data from client: Connection reset by peer
2026-06-08 00:32:21.119 UTC [80857] LOG:  could not receive data from client: Connection reset by peer
2026-06-08 00:34:35.506 UTC [80906] LOG:  could not receive data from client: Connection reset by peer
2026-06-08 00:40:32.212 UTC [81044] LOG:  could not receive data from client: Connection reset by peer
2026-06-08 00:43:31.622 UTC [81119] LOG:  could not receive data from client: Connection reset by peer
2026-06-08 00:44:16.418 UTC [81136] LOG:  could not receive data from client: Connection reset by peer
2026-06-08 00:54:11.304 UTC [81368] LOG:  could not receive data from client: Connection reset by peer
2026-06-08 00:59:39.093 UTC [81498] LOG:  could not receive data from client: Connection reset by peer
2026-06-08 01:11:18.165 UTC [81768] LOG:  could not receive data from client: Connection reset by peer
2026-06-08 01:16:00.670 UTC [81881] LOG:  could not receive data from client: Connection reset by peer
2026-06-08 01:20:27.920 UTC [81987] LOG:  could not receive data from client: Connection reset by peer
2026-06-08 01:41:57.103 UTC [82485] LOG:  could not receive data from client: Connection reset by peer
2026-06-08 01:46:54.738 UTC [82604] LOG:  could not receive data from client: Connection reset by peer
2026-06-08 01:49:38.766 UTC [82674] LOG:  could not receive data from client: Connection reset by peer
2026-06-08 01:49:53.721 UTC [82680] LOG:  could not receive data from client: Connection reset by peer
2026-06-08 01:52:52.755 UTC [82758] LOG:  could not receive data from client: Connection reset by peer
2026-06-08 01:55:21.531 UTC [82812] LOG:  could not receive data from client: Connection reset by peer
2026-06-08 02:01:49.045 UTC [82960] LOG:  could not receive data from client: Connection reset by peer
2026-06-08 02:06:02.041 UTC [83060] LOG:  could not receive data from client: Connection reset by peer
2026-06-08 02:08:31.239 UTC [83125] LOG:  could not receive data from client: Connection reset by peer
2026-06-08 02:16:57.069 UTC [83317] LOG:  could not receive data from client: Connection reset by peer
2026-06-08 02:22:25.470 UTC [83456] LOG:  could not receive data from client: Connection reset by peer
2026-06-08 02:37:48.187 UTC [83818] LOG:  could not receive data from client: Connection reset by peer
2026-06-08 02:38:03.230 UTC [83825] LOG:  could not receive data from client: Connection reset by peer
2026-06-08 02:40:17.133 UTC [83875] LOG:  could not receive data from client: Connection reset by peer
2026-06-08 02:43:32.188 UTC [83956] LOG:  could not receive data from client: Connection reset by peer
2026-06-08 02:46:01.110 UTC [84009] LOG:  could not receive data from client: Connection reset by peer
2026-06-08 02:47:30.354 UTC [84053] LOG:  could not receive data from client: Connection reset by peer
2026-06-08 02:48:29.721 UTC [84075] LOG:  could not receive data from client: Connection reset by peer
2026-06-08 02:58:10.548 UTC [84301] LOG:  could not receive data from client: Connection reset by peer
2026-06-08 03:05:06.997 UTC [84459] LOG:  could not receive data from client: Connection reset by peer
2026-06-08 03:05:21.870 UTC [84466] LOG:  could not receive data from client: Connection reset by peer
2026-06-08 03:08:50.160 UTC [84551] LOG:  could not receive data from client: Connection reset by peer
2026-06-08 03:09:05.130 UTC [84557] LOG:  could not receive data from client: Connection reset by peer
2026-06-08 03:14:02.154 UTC [84674] LOG:  could not receive data from client: Connection reset by peer
2026-06-08 03:15:16.934 UTC [84703] LOG:  could not receive data from client: Connection reset by peer
2026-06-08 03:18:30.528 UTC [84783] LOG:  could not receive data from client: Connection reset by peer
2026-06-08 03:26:10.358 UTC [84957] LOG:  could not receive data from client: Connection reset by peer
2026-06-08 03:26:54.906 UTC [84974] LOG:  could not receive data from client: Connection reset by peer
2026-06-08 03:31:37.936 UTC [85088] LOG:  could not receive data from client: Connection reset by peer
2026-06-08 03:46:15.411 UTC [85432] LOG:  could not receive data from client: Connection reset by peer
2026-06-08 03:49:29.331 UTC [85512] LOG:  unexpected EOF on client connection with an open transaction
2026-06-08 03:49:44.548 UTC [85518] LOG:  could not receive data from client: Connection reset by peer
2026-06-08 04:04:37.174 UTC [85866] LOG:  could not receive data from client: Connection reset by peer
2026-06-08 04:05:06.992 UTC [85877] LOG:  could not receive data from client: Connection reset by peer
2026-06-08 04:14:03.561 UTC [86089] LOG:  could not receive data from client: Connection reset by peer
2026-06-08 04:15:32.957 UTC [86122] LOG:  could not receive data from client: Connection reset by peer
2026-06-08 04:21:43.159 UTC [86266] LOG:  could not receive data from client: Connection reset by peer
2026-06-08 04:25:10.829 UTC [86350] LOG:  could not receive data from client: Connection reset by peer
2026-06-08 04:34:51.157 UTC [86578] LOG:  could not receive data from client: Connection reset by peer
2026-06-08 04:44:04.039 UTC [86795] LOG:  could not receive data from client: Connection reset by peer
2026-06-08 04:44:18.941 UTC [86802] LOG:  could not receive data from client: Connection reset by peer
2026-06-08 04:45:47.928 UTC [86834] LOG:  could not receive data from client: Connection reset by peer
2026-06-08 04:49:15.302 UTC [86918] LOG:  could not receive data from client: Connection reset by peer
2026-06-08 04:50:29.900 UTC [86947] LOG:  could not receive data from client: Connection reset by peer
2026-06-08 04:55:27.308 UTC [87066] LOG:  could not receive data from client: Connection reset by peer
2026-06-08 04:56:41.719 UTC [87093] LOG:  could not receive data from client: Connection reset by peer
2026-06-08 04:58:25.989 UTC [87142] LOG:  could not receive data from client: Connection reset by peer
2026-06-08 04:59:11.237 UTC [87159] LOG:  could not receive data from client: Connection reset by peer
2026-06-08 04:59:56.020 UTC [87176] LOG:  could not receive data from client: Connection reset by peer
2026-06-08 05:04:09.064 UTC [87277] LOG:  could not receive data from client: Connection reset by peer
2026-06-08 05:10:06.322 UTC [87416] LOG:  could not receive data from client: Connection reset by peer
2026-06-08 05:10:36.064 UTC [87428] LOG:  could not receive data from client: Connection reset by peer
2026-06-08 05:11:21.128 UTC [87445] LOG:  could not receive data from client: Connection reset by peer
2026-06-08 05:11:36.374 UTC [87451] LOG:  could not receive data from client: Connection reset by peer
2026-06-08 05:11:51.324 UTC [87457] LOG:  could not receive data from client: Connection reset by peer
2026-06-08 05:15:49.089 UTC [87554] LOG:  could not receive data from client: Connection reset by peer
2026-06-08 05:17:33.660 UTC [87602] LOG:  could not receive data from client: Connection reset by peer
2026-06-08 05:20:46.928 UTC [87671] LOG:  could not receive data from client: Connection reset by peer
2026-06-08 05:24:00.078 UTC [87750] LOG:  could not receive data from client: Connection reset by peer
2026-06-08 05:40:06.258 UTC [88123] LOG:  could not receive data from client: Connection reset by peer
2026-06-08 05:46:20.072 UTC [88270] LOG:  could not receive data from client: Connection reset by peer
2026-06-08 05:51:03.612 UTC [88383] LOG:  could not receive data from client: Connection reset by peer
2026-06-08 06:00:42.479 UTC [88610] LOG:  could not receive data from client: Connection reset by peer
2026-06-08 06:01:27.306 UTC [88628] LOG:  could not receive data from client: Connection reset by peer
2026-06-08 06:02:57.016 UTC [88671] LOG:  could not receive data from client: Connection reset by peer
2026-06-08 06:08:39.202 UTC [88803] LOG:  could not receive data from client: Connection reset by peer
2026-06-08 06:09:09.327 UTC [88815] LOG:  could not receive data from client: Connection reset by peer
2026-06-08 06:17:20.821 UTC [89003] LOG:  could not receive data from client: Connection reset by peer
2026-06-08 06:19:05.264 UTC [89051] LOG:  could not receive data from client: Connection reset by peer
2026-06-08 06:20:05.159 UTC [89074] LOG:  could not receive data from client: Connection reset by peer
2026-06-08 06:24:47.431 UTC [89186] LOG:  could not receive data from client: Connection reset by peer
2026-06-08 06:25:32.185 UTC [89203] LOG:  could not receive data from client: Connection reset by peer
2026-06-08 06:30:14.003 UTC [89313] LOG:  could not receive data from client: Connection reset by peer
2026-06-08 06:30:44.114 UTC [89326] LOG:  could not receive data from client: Connection reset by peer
2026-06-08 06:32:28.295 UTC [89364] LOG:  could not receive data from client: Connection reset by peer
2026-06-08 06:36:55.629 UTC [89469] LOG:  could not receive data from client: Connection reset by peer
2026-06-08 06:37:55.155 UTC [89501] LOG:  could not receive data from client: Connection reset by peer
2026-06-08 06:38:55.249 UTC [89524] LOG:  could not receive data from client: Connection reset by peer
2026-06-08 06:39:40.252 UTC [89541] LOG:  could not receive data from client: Connection reset by peer
2026-06-08 06:42:23.744 UTC [89600] LOG:  could not receive data from client: Connection reset by peer
2026-06-08 06:43:38.485 UTC [89637] LOG:  could not receive data from client: Connection reset by peer
2026-06-08 06:44:53.193 UTC [89665] LOG:  could not receive data from client: Connection reset by peer
2026-06-08 06:50:07.023 UTC [89789] LOG:  could not receive data from client: Connection reset by peer
2026-06-08 07:03:59.806 UTC [90117] LOG:  could not receive data from client: Connection reset by peer
2026-06-08 07:08:57.383 UTC [90234] LOG:  could not receive data from client: Connection reset by peer
2026-06-08 07:13:25.456 UTC [90341] LOG:  could not receive data from client: Connection reset by peer
2026-06-08 07:13:55.046 UTC [90352] LOG:  could not receive data from client: Connection reset by peer
2026-06-08 07:14:10.104 UTC [90358] LOG:  could not receive data from client: Connection reset by peer
2026-06-08 07:17:38.340 UTC [90445] LOG:  could not receive data from client: Connection reset by peer
2026-06-08 07:19:07.717 UTC [90477] LOG:  could not receive data from client: Connection reset by peer
2026-06-08 07:28:19.933 UTC [90694] LOG:  could not receive data from client: Connection reset by peer
2026-06-08 07:36:01.767 UTC [90870] LOG:  could not receive data from client: Connection reset by peer
2026-06-08 07:47:11.491 UTC [91130] LOG:  could not receive data from client: Connection reset by peer
2026-06-08 07:48:40.829 UTC [91174] LOG:  could not receive data from client: Connection reset by peer
2026-06-08 07:49:10.530 UTC [91185] LOG:  could not receive data from client: Connection reset by peer
2026-06-08 07:49:25.648 UTC [91191] LOG:  could not receive data from client: Connection reset by peer
2026-06-08 08:04:33.419 UTC [91546] LOG:  could not receive data from client: Connection reset by peer
2026-06-08 08:05:47.869 UTC [91573] LOG:  could not receive data from client: Connection reset by peer
2026-06-08 08:08:00.806 UTC [91631] LOG:  could not receive data from client: Connection reset by peer
2026-06-08 08:08:15.892 UTC [91637] LOG:  could not receive data from client: Connection reset by peer
2026-06-08 08:09:15.559 UTC [91659] LOG:  could not receive data from client: Connection reset by peer
2026-06-08 08:10:15.450 UTC [91681] LOG:  could not receive data from client: Connection reset by peer
2026-06-08 08:15:29.030 UTC [91804] LOG:  could not receive data from client: Connection reset by peer
2026-06-08 08:16:28.543 UTC [91826] LOG:  could not receive data from client: Connection reset by peer
2026-06-08 08:18:12.840 UTC [91873] LOG:  could not receive data from client: Connection reset by peer
2026-06-08 08:18:57.602 UTC [91890] LOG:  could not receive data from client: Connection reset by peer
2026-06-08 08:24:55.207 UTC [92027] LOG:  could not receive data from client: Connection reset by peer
2026-06-08 08:27:09.243 UTC [92075] LOG:  could not receive data from client: Connection reset by peer
2026-06-08 08:28:08.486 UTC [92107] LOG:  could not receive data from client: Connection reset by peer
2026-06-08 08:29:52.984 UTC [92145] LOG:  could not receive data from client: Connection reset by peer
2026-06-08 08:34:51.017 UTC [92263] LOG:  could not receive data from client: Connection reset by peer
2026-06-08 08:35:20.819 UTC [92274] LOG:  could not receive data from client: Connection reset by peer
2026-06-08 08:36:50.125 UTC [92307] LOG:  could not receive data from client: Connection reset by peer
2026-06-08 08:37:34.686 UTC [92324] LOG:  could not receive data from client: Connection reset by peer
2026-06-08 08:39:47.789 UTC [92383] LOG:  could not receive data from client: Connection reset by peer
2026-06-08 08:41:03.118 UTC [92410] LOG:  could not receive data from client: Connection reset by peer
2026-06-08 08:46:30.668 UTC [92537] LOG:  could not receive data from client: Connection reset by peer
2026-06-08 08:48:44.384 UTC [92595] LOG:  could not receive data from client: Connection reset by peer
2026-06-08 08:51:43.832 UTC [92659] LOG:  could not receive data from client: Connection reset by peer
2026-06-08 08:52:58.333 UTC [92696] LOG:  could not receive data from client: Connection reset by peer
2026-06-08 08:56:41.392 UTC [92776] LOG:  could not receive data from client: Connection reset by peer
2026-06-08 08:58:40.649 UTC [92829] LOG:  could not receive data from client: Connection reset by peer
2026-06-08 08:59:25.265 UTC [92845] LOG:  could not receive data from client: Connection reset by peer
2026-06-08 09:04:38.125 UTC [92971] LOG:  could not receive data from client: Connection reset by peer
2026-06-08 09:12:18.668 UTC [93144] LOG:  could not receive data from client: Connection reset by peer
2026-06-08 09:17:15.592 UTC [93261] LOG:  could not receive data from client: Connection reset by peer
2026-06-08 09:27:42.426 UTC [93505] LOG:  could not receive data from client: Connection reset by peer
2026-06-08 09:27:57.253 UTC [93522] LOG:  could not receive data from client: Connection reset by peer
2026-06-08 09:28:56.508 UTC [93544] LOG:  could not receive data from client: Connection reset by peer
2026-06-08 09:34:54.714 UTC [93686] LOG:  could not receive data from client: Connection reset by peer
2026-06-08 09:39:37.832 UTC [93798] LOG:  could not receive data from client: Connection reset by peer
2026-06-08 09:45:49.536 UTC [93941] LOG:  could not receive data from client: Connection reset by peer
2026-06-08 09:50:02.932 UTC [94042] LOG:  could not receive data from client: Connection reset by peer
2026-06-08 09:52:47.197 UTC [94113] LOG:  could not receive data from client: Connection reset by peer
2026-06-08 09:53:17.185 UTC [94125] LOG:  could not receive data from client: Connection reset by peer
2026-06-08 09:59:59.554 UTC [94278] LOG:  could not receive data from client: Connection reset by peer
2026-06-08 10:07:41.402 UTC [94452] LOG:  could not receive data from client: Connection reset by peer
2026-06-08 10:10:25.095 UTC [94521] LOG:  could not receive data from client: Connection reset by peer
2026-06-08 10:20:22.134 UTC [94753] LOG:  could not receive data from client: Connection reset by peer
2026-06-08 10:22:21.149 UTC [94796] LOG:  could not receive data from client: Connection reset by peer
2026-06-08 10:26:49.171 UTC [94904] LOG:  could not receive data from client: Connection reset by peer
2026-06-08 10:30:17.595 UTC [94989] LOG:  could not receive data from client: Connection reset by peer
2026-06-08 10:35:00.635 UTC [95102] LOG:  could not receive data from client: Connection reset by peer
2026-06-08 10:39:14.089 UTC [95203] LOG:  could not receive data from client: Connection reset by peer
2026-06-08 10:41:57.534 UTC [95262] LOG:  could not receive data from client: Connection reset by peer
2026-06-08 10:43:41.930 UTC [95311] LOG:  could not receive data from client: Connection reset by peer
2026-06-08 10:43:56.912 UTC [95317] LOG:  could not receive data from client: Connection reset by peer
2026-06-08 10:44:11.788 UTC [95323] LOG:  could not receive data from client: Connection reset by peer
2026-06-08 10:50:09.488 UTC [95460] LOG:  could not receive data from client: Connection reset by peer
2026-06-08 10:57:06.783 UTC [95622] LOG:  could not receive data from client: Connection reset by peer
2026-06-08 10:57:36.762 UTC [95634] LOG:  could not receive data from client: Connection reset by peer
2026-06-08 10:59:05.807 UTC [95677] LOG:  could not receive data from client: Connection reset by peer
2026-06-08 11:01:50.128 UTC [95738] LOG:  could not receive data from client: Connection reset by peer
2026-06-08 11:05:34.089 UTC [95827] LOG:  could not receive data from client: Connection reset by peer
2026-06-08 11:10:16.854 UTC [95942] LOG:  could not receive data from client: Connection reset by peer
2026-06-08 11:14:00.355 UTC [96035] LOG:  could not receive data from client: Connection reset by peer
2026-06-08 11:16:29.534 UTC [96090] LOG:  could not receive data from client: Connection reset by peer
2026-06-08 11:18:42.576 UTC [96149] LOG:  could not receive data from client: Connection reset by peer
2026-06-08 11:18:57.613 UTC [96155] LOG:  could not receive data from client: Connection reset by peer
2026-06-08 11:29:36.616 UTC [96401] LOG:  could not receive data from client: Connection reset by peer
2026-06-08 11:36:31.781 UTC [96560] LOG:  could not receive data from client: Connection reset by peer
2026-06-08 11:38:31.008 UTC [96614] LOG:  could not receive data from client: Connection reset by peer
2026-06-08 11:40:30.692 UTC [96660] LOG:  could not receive data from client: Connection reset by peer
2026-06-08 11:41:15.570 UTC [96677] LOG:  could not receive data from client: Connection reset by peer
2026-06-08 11:41:30.360 UTC [96683] LOG:  could not receive data from client: Connection reset by peer
2026-06-08 11:42:44.805 UTC [96711] LOG:  could not receive data from client: Connection reset by peer
2026-06-08 11:47:13.034 UTC [96817] LOG:  could not receive data from client: Connection reset by peer
2026-06-08 12:11:46.961 UTC [97393] LOG:  could not receive data from client: Connection reset by peer
2026-06-08 12:15:59.404 UTC [97493] LOG:  could not receive data from client: Connection reset by peer
2026-06-08 12:26:52.631 UTC [97749] LOG:  could not receive data from client: Connection reset by peer
2026-06-08 12:32:20.378 UTC [97876] LOG:  could not receive data from client: Connection reset by peer
2026-06-08 12:37:48.193 UTC [98006] LOG:  could not receive data from client: Connection reset by peer
2026-06-08 12:46:59.804 UTC [98223] LOG:  could not receive data from client: Connection reset by peer
2026-06-08 12:53:42.304 UTC [98386] LOG:  could not receive data from client: Connection reset by peer
2026-06-08 12:57:56.422 UTC [98487] LOG:  could not receive data from client: Connection reset by peer
2026-06-08 13:00:26.397 UTC [98543] LOG:  could not receive data from client: Connection reset by peer
2026-06-08 13:00:41.481 UTC [98549] LOG:  could not receive data from client: Connection reset by peer
2026-06-08 13:08:51.668 UTC [98746] LOG:  could not receive data from client: Connection reset by peer
2026-06-08 13:11:35.081 UTC [98806] LOG:  could not receive data from client: Connection reset by peer
2026-06-08 13:14:33.429 UTC [98881] LOG:  could not receive data from client: Connection reset by peer
2026-06-08 13:30:55.040 UTC [99263] LOG:  could not receive data from client: Connection reset by peer
2026-06-08 13:33:09.394 UTC [99321] LOG:  could not receive data from client: Connection reset by peer
2026-06-08 13:35:53.120 UTC [99381] LOG:  could not receive data from client: Connection reset by peer
2026-06-08 13:44:04.121 UTC [99576] LOG:  could not receive data from client: Connection reset by peer
2026-06-08 13:44:48.891 UTC [99593] LOG:  could not receive data from client: Connection reset by peer
2026-06-08 13:58:58.630 UTC [99927] LOG:  could not receive data from client: Connection reset by peer
2026-06-08 13:59:28.543 UTC [99938] LOG:  could not receive data from client: Connection reset by peer
2026-06-08 14:02:12.098 UTC [99998] LOG:  could not receive data from client: Connection reset by peer
2026-06-08 14:07:53.700 UTC [100130] LOG:  could not receive data from client: Connection reset by peer
2026-06-08 14:08:38.499 UTC [100156] LOG:  could not receive data from client: Connection reset by peer
2026-06-08 14:09:53.452 UTC [100184] LOG:  could not receive data from client: Connection reset by peer
2026-06-08 14:11:38.530 UTC [100221] LOG:  could not receive data from client: Connection reset by peer
2026-06-08 14:18:21.672 UTC [100387] LOG:  could not receive data from client: Connection reset by peer
2026-06-08 14:18:21.672 UTC [100387] LOG:  unexpected EOF on client connection with an open transaction
2026-06-08 14:22:49.835 UTC [100483] LOG:  could not receive data from client: Connection reset by peer
2026-06-08 14:27:48.993 UTC [100600] LOG:  could not receive data from client: Connection reset by peer
2026-06-08 14:29:33.077 UTC [100648] LOG:  could not receive data from client: Connection reset by peer
2026-06-08 14:37:00.216 UTC [100820] LOG:  could not receive data from client: Connection reset by peer
2026-06-08 14:43:56.765 UTC [100990] LOG:  could not receive data from client: Connection reset by peer
2026-06-08 14:44:26.559 UTC [101001] LOG:  could not receive data from client: Connection reset by peer
2026-06-08 14:46:11.228 UTC [101039] LOG:  could not receive data from client: Connection reset by peer
2026-06-08 14:53:23.144 UTC [101214] LOG:  could not receive data from client: Connection reset by peer
2026-06-08 14:59:34.830 UTC [101356] LOG:  could not receive data from client: Connection reset by peer
2026-06-08 15:02:18.285 UTC [101415] LOG:  could not receive data from client: Connection reset by peer
2026-06-08 15:03:02.882 UTC [101433] LOG:  could not receive data from client: Connection reset by peer
2026-06-08 15:06:30.676 UTC [101518] LOG:  could not receive data from client: Connection reset by peer
2026-06-08 15:15:41.589 UTC [101734] LOG:  could not receive data from client: Connection reset by peer
2026-06-08 15:17:55.471 UTC [101783] LOG:  could not receive data from client: Connection reset by peer
2026-06-08 15:18:25.590 UTC [101804] LOG:  could not receive data from client: Connection reset by peer
2026-06-08 15:19:10.620 UTC [101821] LOG:  could not receive data from client: Connection reset by peer
2026-06-08 15:21:39.552 UTC [101875] LOG:  could not receive data from client: Connection reset by peer
2026-06-08 15:21:54.434 UTC [101882] LOG:  could not receive data from client: Connection reset by peer
2026-06-08 15:30:20.626 UTC [102081] LOG:  could not receive data from client: Connection reset by peer
2026-06-08 15:31:05.480 UTC [102098] LOG:  could not receive data from client: Connection reset by peer
2026-06-08 15:39:31.524 UTC [102298] LOG:  could not receive data from client: Connection reset by peer
2026-06-08 15:48:59.178 UTC [102523] LOG:  could not receive data from client: Connection reset by peer
2026-06-08 15:55:41.969 UTC [102680] LOG:  could not receive data from client: Connection reset by peer
2026-06-08 16:07:36.120 UTC [102954] LOG:  could not receive data from client: Connection reset by peer
2026-06-08 16:17:16.594 UTC [103183] LOG:  could not receive data from client: Connection reset by peer
2026-06-08 16:27:26.901 UTC [103422] LOG:  could not receive data from client: Connection reset by peer
2026-06-08 16:30:56.547 UTC [103509] LOG:  could not receive data from client: Connection reset by peer
2026-06-08 16:40:06.722 UTC [103724] LOG:  could not receive data from client: Connection reset by peer
2026-06-08 16:42:50.719 UTC [103782] LOG:  could not receive data from client: Connection reset by peer
2026-06-08 16:45:04.266 UTC [103841] LOG:  could not receive data from client: Connection reset by peer
2026-06-08 16:48:02.343 UTC [103905] LOG:  could not receive data from client: Connection reset by peer
2026-06-08 17:01:26.539 UTC [104219] LOG:  could not receive data from client: Connection reset by peer
2026-06-08 17:01:56.549 UTC [104231] LOG:  could not receive data from client: Connection reset by peer
2026-06-08 17:03:11.068 UTC [104268] LOG:  could not receive data from client: Connection reset by peer
2026-06-08 17:04:25.208 UTC [104295] LOG:  could not receive data from client: Connection reset by peer
2026-06-08 17:07:39.392 UTC [104364] LOG:  could not receive data from client: Connection reset by peer
2026-06-08 17:09:23.613 UTC [104413] LOG:  could not receive data from client: Connection reset by peer
2026-06-08 17:10:53.055 UTC [104446] LOG:  could not receive data from client: Connection reset by peer
2026-06-08 17:11:38.395 UTC [104463] LOG:  could not receive data from client: Connection reset by peer
2026-06-08 17:13:07.784 UTC [104496] LOG:  could not receive data from client: Connection reset by peer
2026-06-08 17:17:35.736 UTC [104602] LOG:  could not receive data from client: Connection reset by peer
2026-06-08 17:33:13.342 UTC [104979] LOG:  could not receive data from client: Connection reset by peer
2026-06-08 17:36:26.774 UTC [105048] LOG:  could not receive data from client: Connection reset by peer
2026-06-08 17:44:09.026 UTC [105233] LOG:  could not receive data from client: Connection reset by peer
2026-06-08 17:47:37.500 UTC [105308] LOG:  could not receive data from client: Connection reset by peer
2026-06-08 17:51:05.824 UTC [105395] LOG:  could not receive data from client: Connection reset by peer
2026-06-08 17:52:05.355 UTC [105417] LOG:  could not receive data from client: Connection reset by peer
2026-06-08 17:57:33.065 UTC [105545] LOG:  could not receive data from client: Connection reset by peer
2026-06-08 17:57:48.196 UTC [105551] LOG:  could not receive data from client: Connection reset by peer
2026-06-08 18:18:07.074 UTC [106023] LOG:  could not receive data from client: Connection reset by peer
2026-06-08 18:19:51.698 UTC [106070] LOG:  could not receive data from client: Connection reset by peer
2026-06-08 18:20:06.675 UTC [106077] LOG:  could not receive data from client: Connection reset by peer
2026-06-08 18:23:05.484 UTC [106142] LOG:  could not receive data from client: Connection reset by peer
2026-06-08 18:32:47.250 UTC [106370] LOG:  could not receive data from client: Connection reset by peer
2026-06-08 18:35:31.932 UTC [106440] LOG:  could not receive data from client: Connection reset by peer
2026-06-08 18:36:31.934 UTC [106463] LOG:  could not receive data from client: Connection reset by peer
2026-06-08 18:37:46.718 UTC [106490] LOG:  could not receive data from client: Connection reset by peer
2026-06-08 18:44:58.285 UTC [106664] LOG:  could not receive data from client: Connection reset by peer
2026-06-08 19:03:50.211 UTC [107108] LOG:  could not receive data from client: Connection reset by peer
2026-06-08 19:10:17.948 UTC [107257] LOG:  could not receive data from client: Connection reset by peer
2026-06-08 19:11:32.872 UTC [107285] LOG:  could not receive data from client: Connection reset by peer
2026-06-08 19:13:47.098 UTC [107343] LOG:  could not receive data from client: Connection reset by peer
2026-06-08 19:14:02.013 UTC [107350] LOG:  could not receive data from client: Connection reset by peer
2026-06-08 19:17:04.523 UTC [107417] LOG:  could not receive data from client: Connection reset by peer
2026-06-08 19:29:44.419 UTC [107716] LOG:  could not receive data from client: Connection reset by peer
2026-06-08 19:38:40.327 UTC [107928] LOG:  could not receive data from client: Connection reset by peer
2026-06-08 20:00:45.748 UTC [108440] LOG:  could not receive data from client: Connection reset by peer
2026-06-08 20:04:58.676 UTC [108540] LOG:  could not receive data from client: Connection reset by peer
2026-06-08 20:10:10.951 UTC [108663] LOG:  could not receive data from client: Connection reset by peer
2026-06-08 20:12:14.477 UTC [108706] LOG:  could not receive data from client: Connection reset by peer
2026-06-08 20:12:29.566 UTC [108712] LOG:  could not receive data from client: Connection reset by peer
2026-06-08 20:19:11.734 UTC [108870] LOG:  could not receive data from client: Connection reset by peer
2026-06-08 20:20:41.076 UTC [108902] LOG:  could not receive data from client: Connection reset by peer
2026-06-08 20:30:51.461 UTC [109140] LOG:  could not receive data from client: Connection reset by peer
2026-06-08 20:32:22.022 UTC [109173] LOG:  could not receive data from client: Connection reset by peer
2026-06-08 20:34:35.710 UTC [109232] LOG:  could not receive data from client: Connection reset by peer
2026-06-08 20:54:09.741 UTC [109690] LOG:  could not receive data from client: Connection reset by peer
2026-06-08 20:56:40.883 UTC [109744] LOG:  could not receive data from client: Connection reset by peer
2026-06-08 21:04:39.442 UTC [109935] LOG:  could not receive data from client: Connection reset by peer
2026-06-08 21:05:09.211 UTC [109947] LOG:  could not receive data from client: Connection reset by peer
2026-06-08 21:08:37.350 UTC [110032] LOG:  could not receive data from client: Connection reset by peer
2026-06-08 21:13:04.949 UTC [110130] LOG:  could not receive data from client: Connection reset by peer
2026-06-08 21:14:34.716 UTC [110174] LOG:  could not receive data from client: Connection reset by peer
2026-06-08 21:17:32.456 UTC [110239] LOG:  could not receive data from client: Connection reset by peer
2026-06-08 21:17:47.489 UTC [110245] LOG:  could not receive data from client: Connection reset by peer
2026-06-08 21:22:02.034 UTC [110345] LOG:  could not receive data from client: Connection reset by peer
2026-06-08 21:30:42.644 UTC [110551] LOG:  could not receive data from client: Connection reset by peer
2026-06-08 21:30:57.651 UTC [110558] LOG:  could not receive data from client: Connection reset by peer
2026-06-08 21:33:26.682 UTC [110621] LOG:  could not receive data from client: Connection reset by peer
2026-06-08 21:34:40.595 UTC [110651] LOG:  could not receive data from client: Connection reset by peer
2026-06-08 21:43:36.363 UTC [110863] LOG:  could not receive data from client: Connection reset by peer
2026-06-08 21:58:42.812 UTC [111217] LOG:  could not receive data from client: Connection reset by peer
2026-06-08 22:00:41.186 UTC [111260] LOG:  could not receive data from client: Connection reset by peer
2026-06-08 22:02:10.779 UTC [111293] LOG:  could not receive data from client: Connection reset by peer
2026-06-08 22:10:36.688 UTC [111494] LOG:  could not receive data from client: Connection reset by peer
2026-06-08 22:12:51.154 UTC [111542] LOG:  could not receive data from client: Connection reset by peer
2026-06-08 22:16:24.135 UTC [111627] LOG:  could not receive data from client: Connection reset by peer
2026-06-08 22:20:36.300 UTC [111728] LOG:  could not receive data from client: Connection reset by peer
2026-06-08 22:25:20.160 UTC [111841] LOG:  could not receive data from client: Connection reset by peer
2026-06-08 22:27:04.085 UTC [111879] LOG:  could not receive data from client: Connection reset by peer
2026-06-08 22:28:18.272 UTC [1] LOG:  received fast shutdown request
2026-06-08 22:28:18.347 UTC [111906] LOG:  could not receive data from client: Connection reset by peer
2026-06-08 22:28:19.053 UTC [1] LOG:  aborting any active transactions
2026-06-08 22:28:19.415 UTC [1] LOG:  background worker "logical replication launcher" (PID 73) exited with exit code 1
2026-06-08 22:28:19.982 UTC [68] LOG:  shutting down
2026-06-08 22:28:27.493 UTC [1] LOG:  database system is shut down
