2026-04-08 12:39:12.360 UTC [1] LOG:  starting PostgreSQL 14.17 (Debian 14.17-1.pgdg120+1) on x86_64-pc-linux-gnu, compiled by gcc (Debian 12.2.0-14) 12.2.0, 64-bit
2026-04-08 12:39:12.374 UTC [1] LOG:  listening on IPv4 address "0.0.0.0", port 5432
2026-04-08 12:39:12.374 UTC [1] LOG:  listening on IPv6 address "::", port 5432
2026-04-08 12:39:13.812 UTC [1] LOG:  listening on Unix socket "/var/run/postgresql/.s.PGSQL.5432"
2026-04-08 12:39:15.609 UTC [28] LOG:  database system was interrupted; last known up at 2026-04-08 12:22:06 UTC
[2026-04-08T12:39:15Z INFO  service::utils::clean] Find directory "pg_vectors/indexes/17576".
[2026-04-08T12:39:15Z INFO  service::utils::clean] Find directory "pg_vectors/indexes/17332".
[2026-04-08T12:39:15Z INFO  service::utils::clean] Find directory "pg_vectors/indexes/17576/segments/71c2a884-29b7-4e33-a945-28dfac840a67".
[2026-04-08T12:39:17Z INFO  service::utils::clean] Find directory "pg_vectors/indexes/17332/segments/a2b3c4a6-8223-41fe-a99f-c47b7f1b8a1c".
2026-04-08 12:39:38.890 UTC [49] FATAL:  the database system is starting up
2026-04-08 12:39:44.409 UTC [50] FATAL:  the database system is starting up
2026-04-08 12:39:49.914 UTC [28] LOG:  database system was not properly shut down; automatic recovery in progress
2026-04-08 12:39:49.919 UTC [28] LOG:  redo starts at 0/A38B8B18
2026-04-08 12:39:49.919 UTC [28] LOG:  invalid record length at 0/A38B8C00: wanted 24, got 0
2026-04-08 12:39:49.919 UTC [28] LOG:  redo done at 0/A38B8BC8 system usage: CPU: user: 0.00 s, system: 0.00 s, elapsed: 0.00 s
2026-04-08 12:39:50.033 UTC [1] LOG:  database system is ready to accept connections
2026-04-08 12:40:12.586 UTC [73] LOG:  could not receive data from client: Connection reset by peer
2026-04-08 12:40:28.866 UTC [79] LOG:  could not receive data from client: Connection reset by peer
2026-04-08 12:40:46.584 UTC [85] LOG:  could not receive data from client: Connection reset by peer
2026-04-08 12:51:06.142 UTC [328] LOG:  could not receive data from client: Connection reset by peer
2026-04-08 12:52:49.374 UTC [365] LOG:  could not receive data from client: Connection reset by peer
2026-04-08 12:53:18.720 UTC [377] LOG:  could not receive data from client: Connection reset by peer
2026-04-08 13:05:50.834 UTC [676] LOG:  could not receive data from client: Connection reset by peer
2026-04-08 13:07:05.169 UTC [705] LOG:  could not receive data from client: Connection reset by peer
2026-04-08 13:14:13.528 UTC [868] LOG:  could not receive data from client: Connection reset by peer
2026-04-08 13:43:44.505 UTC [1] LOG:  received fast shutdown request
2026-04-08 13:43:45.817 UTC [1] LOG:  aborting any active transactions
2026-04-08 13:43:45.822 UTC [1] LOG:  background worker "logical replication launcher" (PID 56) exited with exit code 1
2026-04-08 13:43:46.178 UTC [51] LOG:  shutting down
2026-04-08 13:43:48.698 UTC [1] LOG:  database system is shut down
