2026-01-27 00:37:49.262 UTC [1] LOG:  starting PostgreSQL 14.17 (Debian 14.17-1.pgdg120+1) on x86_64-pc-linux-gnu, compiled by gcc (Debian 12.2.0-14) 12.2.0, 64-bit
2026-01-27 00:37:49.266 UTC [1] LOG:  listening on IPv4 address "0.0.0.0", port 5432
2026-01-27 00:37:49.266 UTC [1] LOG:  listening on IPv6 address "::", port 5432
2026-01-27 00:37:50.106 UTC [1] LOG:  listening on Unix socket "/var/run/postgresql/.s.PGSQL.5432"
2026-01-27 00:37:54.043 UTC [28] LOG:  database system was interrupted; last known up at 2026-01-24 19:27:29 UTC
[2026-01-27T00:37:54Z INFO  service::utils::clean] Find directory "pg_vectors/indexes/17576".
[2026-01-27T00:37:54Z INFO  service::utils::clean] Find directory "pg_vectors/indexes/17332".
[2026-01-27T00:37:54Z INFO  service::utils::clean] Find directory "pg_vectors/indexes/17576/segments/8587a0c8-8786-4fee-a66b-117b254a0678".
[2026-01-27T00:37:56Z INFO  service::utils::clean] Find directory "pg_vectors/indexes/17332/segments/a2b3c4a6-8223-41fe-a99f-c47b7f1b8a1c".
2026-01-27 00:38:15.293 UTC [49] FATAL:  the database system is starting up
2026-01-27 00:38:27.583 UTC [50] FATAL:  the database system is starting up
2026-01-27 00:38:44.089 UTC [28] LOG:  database system was not properly shut down; automatic recovery in progress
2026-01-27 00:38:44.112 UTC [28] LOG:  redo starts at 0/9043CF00
2026-01-27 00:38:44.112 UTC [28] LOG:  invalid record length at 0/9043CFE8: wanted 24, got 0
2026-01-27 00:38:44.112 UTC [28] LOG:  redo done at 0/9043CFB0 system usage: CPU: user: 0.00 s, system: 0.00 s, elapsed: 0.00 s
2026-01-27 00:38:44.208 UTC [1] LOG:  database system is ready to accept connections
2026-01-27 19:14:03.975 UTC [19312] LOG:  could not receive data from client: Connection reset by peer
2026-01-27 19:25:08.068 UTC [1] LOG:  received fast shutdown request
2026-01-27 19:25:08.077 UTC [1] LOG:  aborting any active transactions
2026-01-27 19:25:08.081 UTC [19510] FATAL:  terminating connection due to administrator command
2026-01-27 19:25:08.081 UTC [19511] FATAL:  terminating connection due to administrator command
2026-01-27 19:25:08.081 UTC [19508] FATAL:  terminating connection due to administrator command
2026-01-27 19:25:08.081 UTC [19512] FATAL:  terminating connection due to administrator command
2026-01-27 19:25:08.081 UTC [19509] FATAL:  terminating connection due to administrator command
2026-01-27 19:25:08.084 UTC [1] LOG:  background worker "logical replication launcher" (PID 56) exited with exit code 1
2026-01-27 19:25:08.112 UTC [51] LOG:  shutting down
2026-01-27 19:25:08.280 UTC [1] LOG:  database system is shut down
