2025-11-30 06:40:25.272 UTC [1] LOG:  starting PostgreSQL 14.17 (Debian 14.17-1.pgdg120+1) on x86_64-pc-linux-gnu, compiled by gcc (Debian 12.2.0-14) 12.2.0, 64-bit
2025-11-30 06:40:25.296 UTC [1] LOG:  listening on IPv4 address "0.0.0.0", port 5432
2025-11-30 06:40:25.297 UTC [1] LOG:  listening on IPv6 address "::", port 5432
2025-11-30 06:40:29.635 UTC [1] LOG:  listening on Unix socket "/var/run/postgresql/.s.PGSQL.5432"
2025-11-30 06:40:32.780 UTC [28] LOG:  database system was interrupted; last known up at 2025-11-29 13:00:38 UTC
[2025-11-30T06:40:32Z INFO  service::utils::clean] Find directory "pg_vectors/indexes/17576".
[2025-11-30T06:40:32Z INFO  service::utils::clean] Find directory "pg_vectors/indexes/17332".
[2025-11-30T06:40:32Z INFO  service::utils::clean] Find directory "pg_vectors/indexes/17332/segments/a2b3c4a6-8223-41fe-a99f-c47b7f1b8a1c".
[2025-11-30T06:40:33Z INFO  service::utils::clean] Find directory "pg_vectors/indexes/17576/segments/8587a0c8-8786-4fee-a66b-117b254a0678".
2025-11-30 06:40:44.445 UTC [49] FATAL:  the database system is starting up
2025-11-30 06:41:00.356 UTC [50] FATAL:  the database system is starting up
2025-11-30 06:41:14.770 UTC [58] FATAL:  the database system is starting up
2025-11-30 06:41:33.230 UTC [28] LOG:  database system was not properly shut down; automatic recovery in progress
2025-11-30 06:41:33.271 UTC [28] LOG:  redo starts at 0/87FFC848
2025-11-30 06:41:33.271 UTC [28] LOG:  invalid record length at 0/87FFC930: wanted 24, got 0
2025-11-30 06:41:33.271 UTC [28] LOG:  redo done at 0/87FFC8F8 system usage: CPU: user: 0.00 s, system: 0.00 s, elapsed: 0.00 s
2025-11-30 06:41:33.359 UTC [1] LOG:  database system is ready to accept connections
2025-11-30 06:41:43.262 UTC [68] LOG:  could not receive data from client: Connection reset by peer
2025-11-30 09:44:45.112 UTC [3239] LOG:  could not receive data from client: Connection reset by peer
2025-11-30 09:56:43.425 UTC [3443] LOG:  could not receive data from client: Connection reset by peer
2025-11-30 13:10:41.898 UTC [6799] LOG:  could not receive data from client: Connection reset by peer
2025-11-30 15:00:17.213 UTC [8694] LOG:  could not receive data from client: Connection reset by peer
2025-11-30 15:21:17.888 UTC [9056] LOG:  could not receive data from client: Connection reset by peer
2025-11-30 17:54:29.331 UTC [11707] LOG:  could not receive data from client: Connection reset by peer
2025-11-30 18:41:18.763 UTC [12515] LOG:  could not receive data from client: Connection reset by peer
2025-11-30 18:41:18.763 UTC [12515] LOG:  unexpected EOF on client connection with an open transaction
2025-11-30 21:46:25.132 UTC [15716] LOG:  could not receive data from client: Connection reset by peer
2025-11-30 21:46:50.792 UTC [15723] LOG:  could not receive data from client: Connection reset by peer
