2026-05-15 00:03:14.172 UTC [119295] LOG:  could not receive data from client: Connection reset by peer
2026-05-15 00:10:52.603 UTC [119480] LOG:  could not receive data from client: Connection reset by peer
2026-05-15 00:20:31.648 UTC [119707] LOG:  could not receive data from client: Connection reset by peer
2026-05-15 00:35:04.355 UTC [120050] LOG:  could not receive data from client: Connection reset by peer
2026-05-15 00:41:44.718 UTC [120204] LOG:  could not receive data from client: Connection reset by peer
2026-05-15 00:42:14.420 UTC [120216] LOG:  could not receive data from client: Connection reset by peer
2026-05-15 00:48:24.819 UTC [120360] LOG:  could not receive data from client: Connection reset by peer
2026-05-15 00:50:37.907 UTC [120418] LOG:  could not receive data from client: Connection reset by peer
2026-05-15 01:03:41.040 UTC [120718] LOG:  could not receive data from client: Connection reset by peer
2026-05-15 01:09:06.289 UTC [120845] LOG:  could not receive data from client: Connection reset by peer
2026-05-15 01:10:05.815 UTC [120877] LOG:  could not receive data from client: Connection reset by peer
2026-05-15 01:10:50.228 UTC [120894] LOG:  could not receive data from client: Connection reset by peer
2026-05-15 01:15:01.526 UTC [120994] LOG:  could not receive data from client: Connection reset by peer
2026-05-15 01:25:52.962 UTC [121247] LOG:  could not receive data from client: Connection reset by peer
2026-05-15 01:27:37.082 UTC [121284] LOG:  could not receive data from client: Connection reset by peer
2026-05-15 01:30:05.753 UTC [121348] LOG:  could not receive data from client: Connection reset by peer
2026-05-15 01:32:04.774 UTC [121391] LOG:  could not receive data from client: Connection reset by peer
2026-05-15 01:39:59.329 UTC [121586] LOG:  could not receive data from client: Connection reset by peer
2026-05-15 01:41:28.030 UTC [121618] LOG:  could not receive data from client: Connection reset by peer
2026-05-15 01:43:41.101 UTC [121666] LOG:  could not receive data from client: Connection reset by peer
2026-05-15 01:47:53.708 UTC [121770] LOG:  could not receive data from client: Connection reset by peer
2026-05-15 01:56:46.528 UTC [121981] LOG:  could not receive data from client: Connection reset by peer
2026-05-15 02:08:22.480 UTC [122251] LOG:  could not receive data from client: Connection reset by peer
2026-05-15 02:15:32.374 UTC [122424] LOG:  could not receive data from client: Connection reset by peer
2026-05-15 02:16:02.307 UTC [122436] LOG:  could not receive data from client: Connection reset by peer
2026-05-15 02:18:00.580 UTC [122479] LOG:  could not receive data from client: Connection reset by peer
2026-05-15 02:21:57.503 UTC [122575] LOG:  could not receive data from client: Connection reset by peer
2026-05-15 02:22:12.446 UTC [122581] LOG:  could not receive data from client: Connection reset by peer
2026-05-15 02:40:58.500 UTC [123024] LOG:  could not receive data from client: Connection reset by peer
2026-05-15 02:42:57.279 UTC [123068] LOG:  could not receive data from client: Connection reset by peer
2026-05-15 03:00:14.414 UTC [123480] LOG:  could not receive data from client: Connection reset by peer
2026-05-15 03:00:44.198 UTC [123491] LOG:  could not receive data from client: Connection reset by peer
2026-05-15 03:04:26.835 UTC [123572] LOG:  could not receive data from client: Connection reset by peer
2026-05-15 03:05:11.577 UTC [123599] LOG:  could not receive data from client: Connection reset by peer
2026-05-15 03:31:20.433 UTC [124213] LOG:  could not receive data from client: Connection reset by peer
2026-05-15 03:36:32.059 UTC [124334] LOG:  could not receive data from client: Connection reset by peer
2026-05-15 03:43:26.630 UTC [124493] LOG:  could not receive data from client: Connection reset by peer
2026-05-15 03:45:40.159 UTC [124551] LOG:  could not receive data from client: Connection reset by peer
2026-05-15 03:48:37.917 UTC [124615] LOG:  could not receive data from client: Connection reset by peer
2026-05-15 04:03:39.522 UTC [124972] LOG:  could not receive data from client: Connection reset by peer
2026-05-15 04:04:09.407 UTC [124985] LOG:  could not receive data from client: Connection reset by peer
2026-05-15 04:09:19.974 UTC [125106] LOG:  could not receive data from client: Connection reset by peer
2026-05-15 04:14:16.076 UTC [125224] LOG:  could not receive data from client: Connection reset by peer
2026-05-15 04:15:29.757 UTC [125261] LOG:  could not receive data from client: Connection reset by peer
2026-05-15 04:18:42.388 UTC [125331] LOG:  could not receive data from client: Connection reset by peer
2026-05-15 04:25:50.273 UTC [125504] LOG:  could not receive data from client: Connection reset by peer
2026-05-15 04:28:03.150 UTC [125553] LOG:  could not receive data from client: Connection reset by peer
2026-05-15 04:31:45.431 UTC [125643] LOG:  could not receive data from client: Connection reset by peer
2026-05-15 04:38:38.877 UTC [125804] LOG:  could not receive data from client: Connection reset by peer
2026-05-15 04:41:36.039 UTC [125879] LOG:  could not receive data from client: Connection reset by peer
2026-05-15 04:43:19.592 UTC [125917] LOG:  could not receive data from client: Connection reset by peer
2026-05-15 04:51:14.379 UTC [126109] LOG:  could not receive data from client: Connection reset by peer
2026-05-15 04:58:38.414 UTC [126280] LOG:  could not receive data from client: Connection reset by peer
2026-05-15 04:59:23.297 UTC [126298] LOG:  could not receive data from client: Connection reset by peer
2026-05-15 05:04:49.802 UTC [126438] LOG:  could not receive data from client: Connection reset by peer
2026-05-15 05:14:27.628 UTC [126660] LOG:  could not receive data from client: Connection reset by peer
2026-05-15 05:14:42.565 UTC [126676] LOG:  could not receive data from client: Connection reset by peer
2026-05-15 05:16:56.334 UTC [126724] LOG:  could not receive data from client: Connection reset by peer
2026-05-15 05:26:48.559 UTC [126956] LOG:  could not receive data from client: Connection reset by peer
2026-05-15 05:28:47.598 UTC [127001] LOG:  could not receive data from client: Connection reset by peer
2026-05-15 05:31:14.932 UTC [127065] LOG:  could not receive data from client: Connection reset by peer
2026-05-15 05:34:26.854 UTC [127134] LOG:  could not receive data from client: Connection reset by peer
2026-05-15 05:45:33.450 UTC [127402] LOG:  could not receive data from client: Connection reset by peer
2026-05-15 05:48:16.486 UTC [127461] LOG:  could not receive data from client: Connection reset by peer
2026-05-15 06:01:50.883 UTC [127781] LOG:  could not receive data from client: Connection reset by peer
2026-05-15 06:13:42.868 UTC [128058] LOG:  could not receive data from client: Connection reset by peer
2026-05-15 06:23:19.999 UTC [128285] LOG:  could not receive data from client: Connection reset by peer
2026-05-15 06:27:46.351 UTC [128390] LOG:  could not receive data from client: Connection reset by peer
2026-05-15 06:29:44.372 UTC [128443] LOG:  could not receive data from client: Connection reset by peer
2026-05-15 06:35:53.782 UTC [128588] LOG:  could not receive data from client: Connection reset by peer
2026-05-15 06:50:56.991 UTC [128941] LOG:  could not receive data from client: Connection reset by peer
2026-05-15 06:52:41.476 UTC [128979] LOG:  could not receive data from client: Connection reset by peer
2026-05-15 07:12:28.112 UTC [129443] LOG:  could not receive data from client: Connection reset by peer
2026-05-15 07:15:10.786 UTC [129513] LOG:  could not receive data from client: Connection reset by peer
2026-05-15 07:19:37.714 UTC [129609] LOG:  could not receive data from client: Connection reset by peer
2026-05-15 07:22:35.122 UTC [129683] LOG:  could not receive data from client: Connection reset by peer
2026-05-15 07:26:17.277 UTC [129773] LOG:  could not receive data from client: Connection reset by peer
2026-05-15 07:28:45.209 UTC [129826] LOG:  could not receive data from client: Connection reset by peer
2026-05-15 07:29:29.688 UTC [129843] LOG:  could not receive data from client: Connection reset by peer
2026-05-15 07:34:11.426 UTC [129954] LOG:  could not receive data from client: Connection reset by peer
2026-05-15 07:37:39.052 UTC [130038] LOG:  could not receive data from client: Connection reset by peer
2026-05-15 07:42:50.525 UTC [130159] LOG:  could not receive data from client: Connection reset by peer
2026-05-15 07:50:30.094 UTC [130348] LOG:  could not receive data from client: Connection reset by peer
2026-05-15 07:51:14.483 UTC [130365] LOG:  could not receive data from client: Connection reset by peer
2026-05-15 07:58:24.501 UTC [130528] LOG:  could not receive data from client: Connection reset by peer
2026-05-15 08:04:33.838 UTC [130671] LOG:  could not receive data from client: Connection reset by peer
2026-05-15 08:08:31.302 UTC [130766] LOG:  could not receive data from client: Connection reset by peer
2026-05-15 08:09:30.743 UTC [130788] LOG:  could not receive data from client: Connection reset by peer
2026-05-15 08:14:25.723 UTC [130905] LOG:  could not receive data from client: Connection reset by peer
2026-05-15 08:17:38.439 UTC [130985] LOG:  could not receive data from client: Connection reset by peer
2026-05-15 08:19:06.982 UTC [131018] LOG:  could not receive data from client: Connection reset by peer
2026-05-15 08:22:35.151 UTC [131103] LOG:  could not receive data from client: Connection reset by peer
2026-05-15 08:29:30.062 UTC [131261] LOG:  could not receive data from client: Connection reset by peer
2026-05-15 08:32:43.067 UTC [131343] LOG:  could not receive data from client: Connection reset by peer
2026-05-15 08:38:38.305 UTC [131480] LOG:  could not receive data from client: Connection reset by peer
2026-05-15 08:42:20.370 UTC [131570] LOG:  could not receive data from client: Connection reset by peer
2026-05-15 08:47:16.575 UTC [131687] LOG:  could not receive data from client: Connection reset by peer
2026-05-15 08:50:15.020 UTC [131761] LOG:  could not receive data from client: Connection reset by peer
2026-05-15 09:09:45.231 UTC [132208] LOG:  could not receive data from client: Connection reset by peer
2026-05-15 09:11:28.770 UTC [132256] LOG:  could not receive data from client: Connection reset by peer
2026-05-15 09:33:41.689 UTC [132774] LOG:  could not receive data from client: Connection reset by peer
2026-05-15 09:34:41.704 UTC [132796] LOG:  could not receive data from client: Connection reset by peer
2026-05-15 09:36:25.393 UTC [132844] LOG:  could not receive data from client: Connection reset by peer
2026-05-15 09:45:48.436 UTC [133065] LOG:  could not receive data from client: Connection reset by peer
2026-05-15 09:57:37.948 UTC [133341] LOG:  could not receive data from client: Connection reset by peer
2026-05-15 10:21:03.636 UTC [133892] LOG:  could not receive data from client: Connection reset by peer
2026-05-15 10:21:33.346 UTC [133904] LOG:  could not receive data from client: Connection reset by peer
2026-05-15 10:22:03.380 UTC [133916] LOG:  could not receive data from client: Connection reset by peer
2026-05-15 10:25:31.018 UTC [134004] LOG:  could not receive data from client: Connection reset by peer
2026-05-15 10:26:44.809 UTC [134031] LOG:  could not receive data from client: Connection reset by peer
2026-05-15 10:28:58.248 UTC [134079] LOG:  could not receive data from client: Connection reset by peer
2026-05-15 10:40:05.620 UTC [134350] LOG:  could not receive data from client: Connection reset by peer
2026-05-15 10:43:47.710 UTC [134430] LOG:  could not receive data from client: Connection reset by peer
2026-05-15 10:44:02.620 UTC [134436] LOG:  could not receive data from client: Connection reset by peer
2026-05-15 10:49:13.634 UTC [134557] LOG:  could not receive data from client: Connection reset by peer
2026-05-15 10:52:11.274 UTC [134631] LOG:  could not receive data from client: Connection reset by peer
2026-05-15 11:01:20.352 UTC [134848] LOG:  could not receive data from client: Connection reset by peer
2026-05-15 11:01:50.027 UTC [134859] LOG:  could not receive data from client: Connection reset by peer
2026-05-15 11:09:31.065 UTC [135035] LOG:  could not receive data from client: Connection reset by peer
2026-05-15 11:15:12.026 UTC [135177] LOG:  could not receive data from client: Connection reset by peer
2026-05-15 11:17:55.248 UTC [135237] LOG:  could not receive data from client: Connection reset by peer
2026-05-15 11:19:09.689 UTC [135264] LOG:  could not receive data from client: Connection reset by peer
2026-05-15 11:19:54.091 UTC [135281] LOG:  could not receive data from client: Connection reset by peer
2026-05-15 11:22:37.806 UTC [135350] LOG:  could not receive data from client: Connection reset by peer
2026-05-15 11:23:07.628 UTC [135361] LOG:  could not receive data from client: Connection reset by peer
2026-05-15 11:25:06.233 UTC [135416] LOG:  could not receive data from client: Connection reset by peer
2026-05-15 11:27:34.766 UTC [135470] LOG:  could not receive data from client: Connection reset by peer
2026-05-15 11:28:34.356 UTC [135492] LOG:  could not receive data from client: Connection reset by peer
2026-05-15 11:30:33.048 UTC [135545] LOG:  could not receive data from client: Connection reset by peer
2026-05-15 11:31:17.576 UTC [135561] LOG:  could not receive data from client: Connection reset by peer
2026-05-15 11:35:29.770 UTC [135664] LOG:  could not receive data from client: Connection reset by peer
2026-05-15 11:42:54.721 UTC [135833] LOG:  could not receive data from client: Connection reset by peer
2026-05-15 11:50:20.115 UTC [136013] LOG:  could not receive data from client: Connection reset by peer
2026-05-15 11:50:49.697 UTC [136024] LOG:  could not receive data from client: Connection reset by peer
2026-05-15 11:58:01.142 UTC [136189] LOG:  could not receive data from client: Connection reset by peer
2026-05-15 11:59:00.509 UTC [136211] LOG:  could not receive data from client: Connection reset by peer
2026-05-15 12:01:58.562 UTC [136286] LOG:  could not receive data from client: Connection reset by peer
2026-05-15 12:08:54.665 UTC [136447] LOG:  could not receive data from client: Connection reset by peer
2026-05-15 12:20:03.527 UTC [136708] LOG:  could not receive data from client: Connection reset by peer
2026-05-15 12:34:53.453 UTC [137058] LOG:  could not receive data from client: Connection reset by peer
2026-05-15 12:35:23.216 UTC [137080] LOG:  could not receive data from client: Connection reset by peer
2026-05-15 12:36:52.706 UTC [137112] LOG:  could not receive data from client: Connection reset by peer
2026-05-15 12:37:37.350 UTC [137129] LOG:  could not receive data from client: Connection reset by peer
2026-05-15 12:46:32.356 UTC [137345] LOG:  could not receive data from client: Connection reset by peer
2026-05-15 13:07:49.008 UTC [137845] LOG:  could not receive data from client: Connection reset by peer
2026-05-15 13:09:47.717 UTC [137889] LOG:  could not receive data from client: Connection reset by peer
2026-05-15 13:10:47.271 UTC [137921] LOG:  could not receive data from client: Connection reset by peer
2026-05-15 13:26:35.520 UTC [138291] LOG:  could not receive data from client: Connection reset by peer
2026-05-15 13:28:19.511 UTC [138328] LOG:  could not receive data from client: Connection reset by peer
2026-05-15 13:33:30.980 UTC [138450] LOG:  could not receive data from client: Connection reset by peer
2026-05-15 13:39:55.292 UTC [138597] LOG:  could not receive data from client: Connection reset by peer
2026-05-15 13:42:09.678 UTC [138655] LOG:  could not receive data from client: Connection reset by peer
2026-05-15 13:42:54.115 UTC [138672] LOG:  could not receive data from client: Connection reset by peer
2026-05-15 13:47:20.762 UTC [138777] LOG:  could not receive data from client: Connection reset by peer
2026-05-15 13:47:35.987 UTC [138784] LOG:  could not receive data from client: Connection reset by peer
2026-05-15 13:49:22.328 UTC [1] LOG:  received fast shutdown request
2026-05-15 13:49:24.498 UTC [1] LOG:  aborting any active transactions
2026-05-15 13:49:24.748 UTC [1] LOG:  background worker "logical replication launcher" (PID 63) exited with exit code 1
2026-05-15 13:49:25.342 UTC [58] LOG:  shutting down
2026-05-15 13:49:32.311 UTC [1] LOG:  database system is shut down
