2026-05-02 16:53:49.113 UTC [1] LOG:  starting PostgreSQL 14.17 (Debian 14.17-1.pgdg120+1) on x86_64-pc-linux-gnu, compiled by gcc (Debian 12.2.0-14) 12.2.0, 64-bit
2026-05-02 16:53:49.121 UTC [1] LOG:  listening on IPv4 address "0.0.0.0", port 5432
2026-05-02 16:53:49.121 UTC [1] LOG:  listening on IPv6 address "::", port 5432
2026-05-02 16:53:50.283 UTC [1] LOG:  listening on Unix socket "/var/run/postgresql/.s.PGSQL.5432"
2026-05-02 16:53:50.849 UTC [28] LOG:  database system was shut down at 2026-05-02 16:30:37 UTC
[2026-05-02T16:53:51Z INFO  service::utils::clean] Find directory "pg_vectors/indexes/17576".
[2026-05-02T16:53:51Z INFO  service::utils::clean] Find directory "pg_vectors/indexes/17332".
[2026-05-02T16:53:51Z INFO  service::utils::clean] Find directory "pg_vectors/indexes/17332/segments/a2b3c4a6-8223-41fe-a99f-c47b7f1b8a1c".
[2026-05-02T16:53:51Z INFO  service::utils::clean] Find directory "pg_vectors/indexes/17576/segments/71c2a884-29b7-4e33-a945-28dfac840a67".
2026-05-02 16:53:53.973 UTC [1] LOG:  database system is ready to accept connections
2026-05-02 16:57:52.879 UTC [130] LOG:  could not receive data from client: Connection reset by peer
2026-05-02 17:01:18.012 UTC [215] LOG:  could not receive data from client: Connection reset by peer
2026-05-02 17:26:39.994 UTC [813] LOG:  could not receive data from client: Connection reset by peer
2026-05-02 17:27:53.011 UTC [840] LOG:  could not receive data from client: Connection reset by peer
2026-05-02 17:54:43.624 UTC [1483] LOG:  could not receive data from client: Connection reset by peer
2026-05-02 18:02:47.469 UTC [1667] LOG:  could not receive data from client: Connection reset by peer
2026-05-02 18:21:21.882 UTC [2109] LOG:  could not receive data from client: Connection reset by peer
2026-05-02 18:22:05.863 UTC [2126] LOG:  could not receive data from client: Connection reset by peer
2026-05-02 18:26:30.341 UTC [2231] LOG:  could not receive data from client: Connection reset by peer
2026-05-02 18:28:28.120 UTC [2274] LOG:  could not receive data from client: Connection reset by peer
2026-05-02 18:40:56.359 UTC [2576] LOG:  could not receive data from client: Connection reset by peer
2026-05-02 18:50:58.181 UTC [2814] LOG:  could not receive data from client: Connection reset by peer
2026-05-02 18:54:23.529 UTC [2891] LOG:  could not receive data from client: Connection reset by peer
2026-05-02 18:58:03.849 UTC [2982] LOG:  could not send data to client: Broken pipe
2026-05-02 18:58:03.849 UTC [2982] STATEMENT:  select "a"."attname" as "column", "a"."attnotnull" as "not_null", "a"."atthasdef" as "has_default", "c"."relname" as "table", "c"."relkind" as "table_type", "ns"."nspname" as "schema", "typ"."typname" as "type", "dtns"."nspname" as "type_schema", col_description(a.attrelid, a.attnum) as "column_description", pg_get_serial_sequence(quote_ident(ns.nspname) || '.' || quote_ident(c.relname), a.attname) as "auto_incrementing" from "pg_catalog"."pg_attribute" as "a" inner join "pg_catalog"."pg_class" as "c" on "a"."attrelid" = "c"."oid" inner join "pg_catalog"."pg_namespace" as "ns" on "c"."relnamespace" = "ns"."oid" inner join "pg_catalog"."pg_type" as "typ" on "a"."atttypid" = "typ"."oid" inner join "pg_catalog"."pg_namespace" as "dtns" on "typ"."typnamespace" = "dtns"."oid" where "c"."relkind" in ($1, $2, $3) and "ns"."nspname" !~ $4 and "ns"."nspname" != $5 and "ns"."nspname" != $6 and has_schema_privilege(ns.nspname, 'USAGE') and "a"."attnum" >= $7 and "a"."attisdropped" != $8 order by "ns"."nspname", "c"."relname", "a"."attnum"
2026-05-02 18:58:03.849 UTC [2982] FATAL:  connection to client lost
2026-05-02 18:58:03.849 UTC [2982] STATEMENT:  select "a"."attname" as "column", "a"."attnotnull" as "not_null", "a"."atthasdef" as "has_default", "c"."relname" as "table", "c"."relkind" as "table_type", "ns"."nspname" as "schema", "typ"."typname" as "type", "dtns"."nspname" as "type_schema", col_description(a.attrelid, a.attnum) as "column_description", pg_get_serial_sequence(quote_ident(ns.nspname) || '.' || quote_ident(c.relname), a.attname) as "auto_incrementing" from "pg_catalog"."pg_attribute" as "a" inner join "pg_catalog"."pg_class" as "c" on "a"."attrelid" = "c"."oid" inner join "pg_catalog"."pg_namespace" as "ns" on "c"."relnamespace" = "ns"."oid" inner join "pg_catalog"."pg_type" as "typ" on "a"."atttypid" = "typ"."oid" inner join "pg_catalog"."pg_namespace" as "dtns" on "typ"."typnamespace" = "dtns"."oid" where "c"."relkind" in ($1, $2, $3) and "ns"."nspname" !~ $4 and "ns"."nspname" != $5 and "ns"."nspname" != $6 and has_schema_privilege(ns.nspname, 'USAGE') and "a"."attnum" >= $7 and "a"."attisdropped" != $8 order by "ns"."nspname", "c"."relname", "a"."attnum"
2026-05-02 18:59:32.106 UTC [3024] LOG:  could not receive data from client: Connection reset by peer
2026-05-02 19:08:34.459 UTC [3231] LOG:  could not receive data from client: Connection reset by peer
2026-05-02 19:12:02.385 UTC [3317] LOG:  could not receive data from client: Connection reset by peer
2026-05-02 19:14:44.376 UTC [3385] LOG:  could not receive data from client: Connection reset by peer
2026-05-02 19:22:20.471 UTC [3561] LOG:  could not receive data from client: Connection reset by peer
2026-05-02 19:24:32.645 UTC [3620] LOG:  could not receive data from client: Connection reset by peer
2026-05-02 19:33:05.027 UTC [3815] LOG:  could not receive data from client: Connection reset by peer
2026-05-02 19:45:16.732 UTC [4108] LOG:  could not receive data from client: Connection reset by peer
2026-05-02 19:46:29.950 UTC [4135] LOG:  could not receive data from client: Connection reset by peer
2026-05-02 19:47:13.621 UTC [4152] LOG:  could not receive data from client: Connection reset by peer
2026-05-02 19:48:12.930 UTC [4175] LOG:  could not receive data from client: Connection reset by peer
2026-05-02 19:54:05.092 UTC [4312] LOG:  could not receive data from client: Connection reset by peer
2026-05-02 20:03:21.569 UTC [4533] LOG:  could not receive data from client: Connection reset by peer
2026-05-02 20:04:19.977 UTC [4555] LOG:  could not receive data from client: Connection reset by peer
2026-05-02 20:10:56.879 UTC [4722] LOG:  could not receive data from client: Connection reset by peer
2026-05-02 20:12:39.474 UTC [4760] LOG:  could not receive data from client: Connection reset by peer
2026-05-02 20:13:52.683 UTC [4787] LOG:  could not receive data from client: Connection reset by peer
2026-05-02 20:23:53.082 UTC [5024] LOG:  unexpected EOF on client connection with an open transaction
2026-05-02 20:29:14.555 UTC [5151] LOG:  could not receive data from client: Connection reset by peer
2026-05-02 20:39:29.408 UTC [5392] LOG:  could not receive data from client: Connection reset by peer
2026-05-02 20:41:41.028 UTC [5450] LOG:  could not receive data from client: Connection reset by peer
2026-05-02 20:43:37.999 UTC [5494] LOG:  could not receive data from client: Connection reset by peer
2026-05-02 20:48:45.601 UTC [5615] LOG:  could not receive data from client: Connection reset by peer
2026-05-02 20:57:33.770 UTC [5828] LOG:  could not receive data from client: Connection reset by peer
2026-05-02 21:04:24.630 UTC [5987] LOG:  could not receive data from client: Connection reset by peer
2026-05-02 21:15:25.382 UTC [6255] LOG:  could not receive data from client: Connection reset by peer
2026-05-02 21:20:33.492 UTC [6377] LOG:  could not receive data from client: Connection reset by peer
2026-05-02 21:21:32.071 UTC [6399] LOG:  could not receive data from client: Connection reset by peer
2026-05-02 21:35:11.929 UTC [6727] LOG:  could not receive data from client: Connection reset by peer
2026-05-02 21:38:51.909 UTC [6807] LOG:  could not receive data from client: Connection reset by peer
2026-05-02 21:42:02.157 UTC [6886] LOG:  could not receive data from client: Connection reset by peer
2026-05-02 21:44:28.871 UTC [6940] LOG:  could not receive data from client: Connection reset by peer
2026-05-02 22:02:34.363 UTC [7373] LOG:  could not receive data from client: Connection reset by peer
2026-05-02 22:06:14.362 UTC [7465] LOG:  could not receive data from client: Connection reset by peer
2026-05-02 22:15:16.246 UTC [7682] LOG:  could not receive data from client: Connection reset by peer
2026-05-02 22:16:44.399 UTC [7714] LOG:  could not receive data from client: Connection reset by peer
2026-05-02 22:18:56.507 UTC [7762] LOG:  could not receive data from client: Connection reset by peer
2026-05-02 22:23:34.740 UTC [7873] LOG:  could not receive data from client: Connection reset by peer
2026-05-02 22:28:29.307 UTC [7991] LOG:  unexpected EOF on client connection with an open transaction
2026-05-02 22:30:26.879 UTC [8044] LOG:  could not receive data from client: Connection reset by peer
2026-05-02 22:39:30.002 UTC [8249] LOG:  could not receive data from client: Connection reset by peer
2026-05-02 22:54:25.519 UTC [8604] LOG:  could not receive data from client: Connection reset by peer
2026-05-02 22:57:05.858 UTC [8672] LOG:  could not receive data from client: Connection reset by peer
2026-05-02 22:57:20.993 UTC [8680] LOG:  could not receive data from client: Connection reset by peer
2026-05-02 22:57:20.993 UTC [8680] LOG:  unexpected EOF on client connection with an open transaction
2026-05-02 23:04:43.675 UTC [8858] LOG:  could not receive data from client: Connection reset by peer
2026-05-02 23:04:58.805 UTC [8865] LOG:  could not receive data from client: Connection reset by peer
2026-05-02 23:10:51.252 UTC [9003] LOG:  could not receive data from client: Connection reset by peer
2026-05-02 23:14:16.645 UTC [9078] LOG:  could not receive data from client: Connection reset by peer
2026-05-02 23:22:50.723 UTC [9283] LOG:  could not receive data from client: Connection reset by peer
2026-05-02 23:42:23.528 UTC [9746] LOG:  could not receive data from client: Connection reset by peer
