2026-08-06 21:21:40.010 UTC [1] LOG:  starting PostgreSQL 14.17 (Debian 14.17-1.pgdg120+1) on x86_64-pc-linux-gnu, compiled by gcc (Debian 12.2.0-14) 12.2.0, 64-bit
2026-08-06 21:21:40.030 UTC [1] LOG:  listening on IPv4 address "0.0.0.0", port 5432
2026-08-06 21:21:40.030 UTC [1] LOG:  listening on IPv6 address "::", port 5432
2026-08-06 21:21:40.296 UTC [1] LOG:  listening on Unix socket "/var/run/postgresql/.s.PGSQL.5432"
2026-08-06 21:21:41.501 UTC [28] LOG:  database system was interrupted; last known up at 2026-08-05 11:06:11 UTC
[2026-08-06T21:21:41Z INFO  service::utils::clean] Find directory "pg_vectors/indexes/17576".
[2026-08-06T21:21:41Z INFO  service::utils::clean] Find directory "pg_vectors/indexes/17332".
[2026-08-06T21:21:41Z INFO  service::utils::clean] Find directory "pg_vectors/indexes/17576/segments/71c2a884-29b7-4e33-a945-28dfac840a67".
[2026-08-06T21:21:43Z INFO  service::utils::clean] Find directory "pg_vectors/indexes/17332/segments/a2b3c4a6-8223-41fe-a99f-c47b7f1b8a1c".
2026-08-06 21:22:01.468 UTC [50] FATAL:  the database system is starting up
2026-08-06 21:22:31.844 UTC [58] FATAL:  the database system is starting up
2026-08-06 21:22:33.158 UTC [28] LOG:  database system was not properly shut down; automatic recovery in progress
2026-08-06 21:22:33.185 UTC [28] LOG:  redo starts at 0/AB50D080
2026-08-06 21:22:33.185 UTC [28] LOG:  invalid record length at 0/AB50D168: wanted 24, got 0
2026-08-06 21:22:33.185 UTC [28] LOG:  redo done at 0/AB50D130 system usage: CPU: user: 0.00 s, system: 0.00 s, elapsed: 0.00 s
2026-08-06 21:22:33.347 UTC [1] LOG:  database system is ready to accept connections
2026-08-06 23:21:04.057 UTC [1] LOG:  received fast shutdown request
2026-08-06 23:21:04.803 UTC [1] LOG:  aborting any active transactions
2026-08-06 23:21:04.809 UTC [1] LOG:  background worker "logical replication launcher" (PID 64) exited with exit code 1
2026-08-06 23:21:05.025 UTC [59] LOG:  shutting down
2026-08-06 23:21:07.369 UTC [1] LOG:  database system is shut down
