2026-04-18 19:46:17.469 UTC [1] LOG:  starting PostgreSQL 14.17 (Debian 14.17-1.pgdg120+1) on x86_64-pc-linux-gnu, compiled by gcc (Debian 12.2.0-14) 12.2.0, 64-bit
2026-04-18 19:46:17.478 UTC [1] LOG:  listening on IPv4 address "0.0.0.0", port 5432
2026-04-18 19:46:17.478 UTC [1] LOG:  listening on IPv6 address "::", port 5432
2026-04-18 19:46:18.622 UTC [1] LOG:  listening on Unix socket "/var/run/postgresql/.s.PGSQL.5432"
2026-04-18 19:46:22.404 UTC [28] LOG:  database system shutdown was interrupted; last known up at 2026-04-18 18:30:53 UTC
[2026-04-18T19:46:22Z INFO  service::utils::clean] Find directory "pg_vectors/indexes/17576".
[2026-04-18T19:46:22Z INFO  service::utils::clean] Find directory "pg_vectors/indexes/17332".
[2026-04-18T19:46:22Z INFO  service::utils::clean] Find directory "pg_vectors/indexes/17576/segments/71c2a884-29b7-4e33-a945-28dfac840a67".
[2026-04-18T19:46:24Z INFO  service::utils::clean] Find directory "pg_vectors/indexes/17332/segments/a2b3c4a6-8223-41fe-a99f-c47b7f1b8a1c".
2026-04-18 19:46:43.155 UTC [49] FATAL:  the database system is starting up
2026-04-18 19:47:01.126 UTC [50] FATAL:  the database system is starting up
2026-04-18 19:47:02.932 UTC [28] LOG:  database system was not properly shut down; automatic recovery in progress
2026-04-18 19:47:02.955 UTC [28] LOG:  redo starts at 0/AB50A718
2026-04-18 19:47:02.955 UTC [28] LOG:  invalid record length at 0/AB50A800: wanted 24, got 0
2026-04-18 19:47:02.955 UTC [28] LOG:  redo done at 0/AB50A7C8 system usage: CPU: user: 0.00 s, system: 0.00 s, elapsed: 0.00 s
2026-04-18 19:47:03.057 UTC [1] LOG:  database system is ready to accept connections
2026-04-18 19:47:26.302 UTC [74] LOG:  could not send data to client: Broken pipe
2026-04-18 19:47:26.302 UTC [74] STATEMENT:  select "c"."table_name", "c"."column_name", "c"."data_type", "c"."column_default", "c"."is_nullable", "c"."character_maximum_length", "c"."numeric_precision", "c"."numeric_scale", "c"."datetime_precision", "c"."udt_catalog", "c"."udt_schema", "c"."udt_name", "o"."data_type" as "array_type" from "information_schema"."columns" as "c" left join "information_schema"."element_types" as "o" on "c"."table_catalog" = "o"."object_catalog" and "c"."table_schema" = "o"."object_schema" and "c"."table_name" = "o"."object_name" and "o"."object_type" = 'TABLE' and "c"."dtd_identifier" = "o"."collection_type_identifier" left join "pg_type" as "t" on "t"."typname" = "c"."udt_name" and "c"."data_type" = 'USER-DEFINED' left join "pg_enum" as "e" on "e"."enumtypid" = "t"."oid" where "table_schema" = $1
2026-04-18 19:47:26.302 UTC [74] FATAL:  connection to client lost
2026-04-18 19:47:26.302 UTC [74] STATEMENT:  select "c"."table_name", "c"."column_name", "c"."data_type", "c"."column_default", "c"."is_nullable", "c"."character_maximum_length", "c"."numeric_precision", "c"."numeric_scale", "c"."datetime_precision", "c"."udt_catalog", "c"."udt_schema", "c"."udt_name", "o"."data_type" as "array_type" from "information_schema"."columns" as "c" left join "information_schema"."element_types" as "o" on "c"."table_catalog" = "o"."object_catalog" and "c"."table_schema" = "o"."object_schema" and "c"."table_name" = "o"."object_name" and "o"."object_type" = 'TABLE' and "c"."dtd_identifier" = "o"."collection_type_identifier" left join "pg_type" as "t" on "t"."typname" = "c"."udt_name" and "c"."data_type" = 'USER-DEFINED' left join "pg_enum" as "e" on "e"."enumtypid" = "t"."oid" where "table_schema" = $1
2026-04-18 19:51:57.508 UTC [171] LOG:  could not receive data from client: Connection reset by peer
2026-04-18 20:03:02.053 UTC [440] LOG:  could not receive data from client: Connection reset by peer
2026-04-18 20:09:25.658 UTC [590] LOG:  could not receive data from client: Connection reset by peer
2026-04-18 20:10:39.268 UTC [617] LOG:  could not receive data from client: Connection reset by peer
2026-04-18 20:11:24.069 UTC [634] LOG:  could not receive data from client: Connection reset by peer
2026-04-18 20:12:22.959 UTC [666] LOG:  could not receive data from client: Connection reset by peer
2026-04-18 20:16:33.399 UTC [756] LOG:  could not receive data from client: Connection reset by peer
2026-04-18 20:21:41.883 UTC [877] LOG:  could not receive data from client: Connection reset by peer
2026-04-18 20:33:44.677 UTC [1166] LOG:  could not receive data from client: Connection reset by peer
2026-04-18 20:43:06.418 UTC [1389] LOG:  could not receive data from client: Connection reset by peer
2026-04-18 20:44:20.493 UTC [1416] LOG:  could not receive data from client: Connection reset by peer
2026-04-18 20:44:35.289 UTC [1422] LOG:  could not receive data from client: Connection reset by peer
2026-04-18 20:58:52.864 UTC [1760] LOG:  could not receive data from client: Connection reset by peer
2026-04-18 21:08:26.669 UTC [1988] LOG:  could not receive data from client: Connection reset by peer
2026-04-18 21:08:56.357 UTC [1999] LOG:  could not receive data from client: Connection reset by peer
2026-04-18 21:26:52.718 UTC [2417] LOG:  could not receive data from client: Connection reset by peer
2026-04-18 21:32:45.059 UTC [2564] LOG:  could not receive data from client: Connection reset by peer
2026-04-18 21:49:56.145 UTC [2966] LOG:  could not receive data from client: Connection reset by peer
2026-04-18 21:50:40.603 UTC [2984] LOG:  could not receive data from client: Connection reset by peer
2026-04-18 21:50:55.410 UTC [2990] LOG:  could not receive data from client: Connection reset by peer
2026-04-18 21:53:08.053 UTC [3048] LOG:  could not receive data from client: Connection reset by peer
2026-04-18 22:01:29.499 UTC [3238] LOG:  could not receive data from client: Connection reset by peer
2026-04-18 22:06:53.508 UTC [3364] LOG:  could not receive data from client: Connection reset by peer
2026-04-18 22:08:51.809 UTC [3418] LOG:  could not receive data from client: Connection reset by peer
2026-04-18 22:23:05.061 UTC [3755] LOG:  could not receive data from client: Connection reset by peer
2026-04-18 22:29:13.373 UTC [3899] LOG:  could not receive data from client: Connection reset by peer
2026-04-18 22:36:19.720 UTC [4064] LOG:  could not receive data from client: Connection reset by peer
2026-04-18 22:40:16.242 UTC [4161] LOG:  could not receive data from client: Connection reset by peer
2026-04-18 22:44:40.911 UTC [4267] LOG:  could not receive data from client: Connection reset by peer
2026-04-18 22:56:57.793 UTC [4554] LOG:  could not receive data from client: Connection reset by peer
2026-04-18 22:58:26.229 UTC [4597] LOG:  could not receive data from client: Connection reset by peer
2026-04-18 23:00:27.523 UTC [4640] LOG:  could not receive data from client: Connection reset by peer
2026-04-18 23:02:11.923 UTC [4677] LOG:  could not receive data from client: Connection reset by peer
2026-04-18 23:14:58.987 UTC [4983] LOG:  could not receive data from client: Connection reset by peer
2026-04-18 23:15:43.445 UTC [5000] LOG:  could not receive data from client: Connection reset by peer
2026-04-18 23:21:22.359 UTC [5137] LOG:  could not receive data from client: Connection reset by peer
2026-04-18 23:36:19.429 UTC [5490] LOG:  could not receive data from client: Connection reset by peer
