2026-04-19 00:02:21.193 UTC [6099] LOG:  could not receive data from client: Connection reset by peer
2026-04-19 00:02:50.765 UTC [6120] LOG:  could not receive data from client: Connection reset by peer
2026-04-19 00:11:55.663 UTC [6328] LOG:  could not receive data from client: Connection reset by peer
2026-04-19 00:23:57.233 UTC [6621] LOG:  could not receive data from client: Connection reset by peer
2026-04-19 00:42:34.379 UTC [7064] LOG:  could not receive data from client: Connection reset by peer
2026-04-19 00:43:03.732 UTC [7075] LOG:  could not receive data from client: Connection reset by peer
2026-04-19 01:04:23.668 UTC [7575] LOG:  could not receive data from client: Connection reset by peer
2026-04-19 01:47:05.632 UTC [8575] LOG:  could not receive data from client: Connection reset by peer
2026-04-19 01:57:08.964 UTC [8814] LOG:  could not receive data from client: Connection reset by peer
2026-04-19 01:59:51.426 UTC [8883] LOG:  could not receive data from client: Connection reset by peer
2026-04-19 02:00:35.839 UTC [8900] LOG:  could not receive data from client: Connection reset by peer
2026-04-19 02:03:04.260 UTC [8963] LOG:  could not receive data from client: Connection reset by peer
2026-04-19 02:06:45.610 UTC [9043] LOG:  could not receive data from client: Connection reset by peer
2026-04-19 02:07:59.098 UTC [9080] LOG:  could not receive data from client: Connection reset by peer
2026-04-19 02:19:03.531 UTC [9338] LOG:  could not receive data from client: Connection reset by peer
2026-04-19 02:20:31.341 UTC [9371] LOG:  could not receive data from client: Connection reset by peer
2026-04-19 02:22:43.858 UTC [9429] LOG:  could not receive data from client: Connection reset by peer
2026-04-19 02:23:27.887 UTC [9446] LOG:  could not receive data from client: Connection reset by peer
2026-04-19 02:26:10.030 UTC [9504] LOG:  could not receive data from client: Connection reset by peer
2026-04-19 02:35:45.105 UTC [9732] LOG:  could not receive data from client: Connection reset by peer
2026-04-19 02:39:26.637 UTC [9822] LOG:  could not receive data from client: Connection reset by peer
2026-04-19 02:41:10.056 UTC [9862] LOG:  could not receive data from client: Connection reset by peer
2026-04-19 02:59:06.083 UTC [10290] LOG:  could not receive data from client: Connection reset by peer
2026-04-19 02:59:35.900 UTC [10302] LOG:  could not receive data from client: Connection reset by peer
2026-04-19 03:08:26.925 UTC [10515] LOG:  could not receive data from client: Connection reset by peer
2026-04-19 03:09:26.230 UTC [10537] LOG:  could not receive data from client: Connection reset by peer
2026-04-19 03:11:09.910 UTC [10575] LOG:  could not receive data from client: Connection reset by peer
2026-04-19 03:12:23.314 UTC [10602] LOG:  could not receive data from client: Connection reset by peer
2026-04-19 03:16:18.886 UTC [10697] LOG:  could not receive data from client: Connection reset by peer
2026-04-19 03:16:33.734 UTC [10704] LOG:  could not receive data from client: Connection reset by peer
2026-04-19 03:17:18.009 UTC [10720] LOG:  could not receive data from client: Connection reset by peer
2026-04-19 03:21:57.368 UTC [10832] LOG:  could not receive data from client: Connection reset by peer
2026-04-19 03:25:38.394 UTC [10924] LOG:  could not receive data from client: Connection reset by peer
2026-04-19 03:28:06.039 UTC [10987] LOG:  could not receive data from client: Connection reset by peer
2026-04-19 03:33:59.547 UTC [11125] LOG:  could not receive data from client: Connection reset by peer
2026-04-19 03:37:54.753 UTC [11221] LOG:  could not receive data from client: Connection reset by peer
2026-04-19 03:41:07.299 UTC [11291] LOG:  could not receive data from client: Connection reset by peer
2026-04-19 03:45:47.171 UTC [11402] LOG:  could not receive data from client: Connection reset by peer
2026-04-19 03:46:45.979 UTC [11424] LOG:  could not receive data from client: Connection reset by peer
2026-04-19 03:47:45.090 UTC [11457] LOG:  could not receive data from client: Connection reset by peer
2026-04-19 03:51:55.473 UTC [11549] LOG:  could not receive data from client: Connection reset by peer
2026-04-19 03:52:54.298 UTC [11581] LOG:  could not receive data from client: Connection reset by peer
2026-04-19 03:55:37.186 UTC [11640] LOG:  could not receive data from client: Connection reset by peer
2026-04-19 04:12:05.878 UTC [12028] LOG:  could not receive data from client: Connection reset by peer
2026-04-19 04:13:34.106 UTC [12071] LOG:  could not receive data from client: Connection reset by peer
2026-04-19 04:19:43.530 UTC [12213] LOG:  could not receive data from client: Connection reset by peer
2026-04-19 04:21:56.080 UTC [12262] LOG:  could not receive data from client: Connection reset by peer
2026-04-19 04:24:09.318 UTC [12323] LOG:  could not receive data from client: Connection reset by peer
2026-04-19 04:51:42.527 UTC [12968] LOG:  could not receive data from client: Connection reset by peer
2026-04-19 04:52:56.335 UTC [13005] LOG:  could not receive data from client: Connection reset by peer
2026-04-19 04:53:26.360 UTC [13016] LOG:  could not receive data from client: Connection reset by peer
2026-04-19 04:54:11.067 UTC [13033] LOG:  could not receive data from client: Connection reset by peer
2026-04-19 04:57:36.944 UTC [13108] LOG:  could not receive data from client: Connection reset by peer
2026-04-19 05:02:02.522 UTC [13215] LOG:  could not receive data from client: Connection reset by peer
2026-04-19 05:09:53.983 UTC [13405] LOG:  could not receive data from client: Connection reset by peer
2026-04-19 05:10:38.405 UTC [13422] LOG:  could not receive data from client: Connection reset by peer
2026-04-19 05:12:07.251 UTC [13454] LOG:  could not receive data from client: Connection reset by peer
2026-04-19 05:20:28.547 UTC [13654] LOG:  could not receive data from client: Connection reset by peer
2026-04-19 05:24:38.243 UTC [13755] LOG:  could not receive data from client: Connection reset by peer
2026-04-19 05:31:32.272 UTC [13915] LOG:  could not receive data from client: Connection reset by peer
2026-04-19 05:32:02.145 UTC [13926] LOG:  could not receive data from client: Connection reset by peer
2026-04-19 05:32:17.006 UTC [13932] LOG:  could not receive data from client: Connection reset by peer
2026-04-19 05:33:30.489 UTC [13969] LOG:  could not receive data from client: Connection reset by peer
2026-04-19 05:33:45.275 UTC [13976] LOG:  could not receive data from client: Connection reset by peer
2026-04-19 05:41:36.744 UTC [14156] LOG:  could not receive data from client: Connection reset by peer
2026-04-19 05:59:15.686 UTC [14582] LOG:  could not receive data from client: Connection reset by peer
2026-04-19 06:04:38.716 UTC [14709] LOG:  could not receive data from client: Connection reset by peer
2026-04-19 06:22:04.162 UTC [15115] LOG:  could not receive data from client: Connection reset by peer
2026-04-19 06:41:27.141 UTC [15571] LOG:  could not receive data from client: Connection reset by peer
2026-04-19 06:43:10.008 UTC [15619] LOG:  could not receive data from client: Connection reset by peer
2026-04-19 06:43:54.610 UTC [15636] LOG:  could not receive data from client: Connection reset by peer
2026-04-19 06:49:33.537 UTC [15769] LOG:  could not receive data from client: Connection reset by peer
2026-04-19 06:53:00.595 UTC [15855] LOG:  could not receive data from client: Connection reset by peer
2026-04-19 06:54:14.700 UTC [15884] LOG:  could not receive data from client: Connection reset by peer
2026-04-19 06:59:52.506 UTC [16016] LOG:  could not receive data from client: Connection reset by peer
2026-04-19 07:00:21.679 UTC [16027] LOG:  could not receive data from client: Connection reset by peer
2026-04-19 07:28:19.458 UTC [16690] LOG:  could not receive data from client: Connection reset by peer
2026-04-19 07:33:12.804 UTC [16807] LOG:  could not receive data from client: Connection reset by peer
2026-04-19 07:37:09.446 UTC [16893] LOG:  could not receive data from client: Connection reset by peer
2026-04-19 07:43:03.246 UTC [17040] LOG:  could not receive data from client: Connection reset by peer
2026-04-19 07:47:42.454 UTC [17142] LOG:  could not receive data from client: Connection reset by peer
2026-04-19 08:00:27.402 UTC [17449] LOG:  could not receive data from client: Connection reset by peer
2026-04-19 08:00:42.289 UTC [17456] LOG:  could not receive data from client: Connection reset by peer
2026-04-19 08:04:37.937 UTC [17553] LOG:  could not receive data from client: Connection reset by peer
2026-04-19 08:09:47.095 UTC [17674] LOG:  could not receive data from client: Connection reset by peer
2026-04-19 08:11:01.233 UTC [17701] LOG:  could not receive data from client: Connection reset by peer
2026-04-19 08:14:57.379 UTC [17797] LOG:  could not receive data from client: Connection reset by peer
2026-04-19 08:17:54.086 UTC [17861] LOG:  could not receive data from client: Connection reset by peer
2026-04-19 08:33:09.184 UTC [18231] LOG:  could not receive data from client: Connection reset by peer
2026-04-19 08:44:27.245 UTC [18496] LOG:  could not receive data from client: Connection reset by peer
2026-04-19 08:55:00.416 UTC [18747] LOG:  could not receive data from client: Connection reset by peer
2026-04-19 09:02:07.637 UTC [18911] LOG:  could not receive data from client: Connection reset by peer
2026-04-19 09:02:07.637 UTC [18911] LOG:  unexpected EOF on client connection with an open transaction
2026-04-19 09:05:34.894 UTC [18996] LOG:  could not receive data from client: Connection reset by peer
2026-04-19 09:09:01.447 UTC [19081] LOG:  could not receive data from client: Connection reset by peer
2026-04-19 09:22:45.186 UTC [19396] LOG:  could not receive data from client: Connection reset by peer
2026-04-19 09:23:29.583 UTC [19422] LOG:  could not receive data from client: Connection reset by peer
2026-04-19 09:24:58.251 UTC [19456] LOG:  could not receive data from client: Connection reset by peer
2026-04-19 09:28:53.788 UTC [19551] LOG:  could not receive data from client: Connection reset by peer
2026-04-19 09:35:16.705 UTC [19699] LOG:  could not receive data from client: Connection reset by peer
2026-04-19 09:40:11.056 UTC [19816] LOG:  could not receive data from client: Connection reset by peer
2026-04-19 09:47:32.609 UTC [19986] LOG:  could not receive data from client: Connection reset by peer
2026-04-19 09:56:51.669 UTC [20209] LOG:  could not receive data from client: Connection reset by peer
2026-04-19 10:00:47.549 UTC [20304] LOG:  could not receive data from client: Connection reset by peer
2026-04-19 10:06:11.790 UTC [20430] LOG:  could not receive data from client: Connection reset by peer
2026-04-19 10:06:41.653 UTC [20442] LOG:  could not receive data from client: Connection reset by peer
2026-04-19 10:12:50.552 UTC [20586] LOG:  could not receive data from client: Connection reset by peer
2026-04-19 10:18:28.212 UTC [20728] LOG:  could not receive data from client: Connection reset by peer
2026-04-19 10:27:03.839 UTC [20923] LOG:  could not receive data from client: Connection reset by peer
2026-04-19 10:28:18.518 UTC [20960] LOG:  could not receive data from client: Connection reset by peer
2026-04-19 10:29:47.011 UTC [20993] LOG:  could not receive data from client: Connection reset by peer
2026-04-19 10:30:46.265 UTC [21016] LOG:  could not receive data from client: Connection reset by peer
2026-04-19 10:37:54.110 UTC [21182] LOG:  could not receive data from client: Connection reset by peer
2026-04-19 10:38:23.612 UTC [21203] LOG:  could not receive data from client: Connection reset by peer
2026-04-19 10:42:34.970 UTC [21293] LOG:  could not receive data from client: Connection reset by peer
2026-04-19 10:43:48.502 UTC [21332] LOG:  could not receive data from client: Connection reset by peer
2026-04-19 10:43:48.502 UTC [21332] LOG:  unexpected EOF on client connection with an open transaction
2026-04-19 10:55:37.118 UTC [21608] LOG:  could not receive data from client: Connection reset by peer
2026-04-19 11:18:13.481 UTC [22147] LOG:  could not receive data from client: Connection reset by peer
2026-04-19 11:29:30.791 UTC [22413] LOG:  could not receive data from client: Connection reset by peer
2026-04-19 11:33:26.419 UTC [22510] LOG:  could not receive data from client: Connection reset by peer
2026-04-19 11:38:06.653 UTC [22613] LOG:  could not receive data from client: Connection reset by peer
2026-04-19 11:43:01.501 UTC [22729] LOG:  could not receive data from client: Connection reset by peer
2026-04-19 12:01:26.209 UTC [23168] LOG:  could not receive data from client: Connection reset by peer
2026-04-19 12:07:34.257 UTC [23311] LOG:  could not receive data from client: Connection reset by peer
2026-04-19 12:08:47.746 UTC [23348] LOG:  could not receive data from client: Connection reset by peer
2026-04-19 12:13:57.523 UTC [23473] LOG:  could not receive data from client: Connection reset by peer
2026-04-19 12:26:44.242 UTC [23769] LOG:  could not receive data from client: Connection reset by peer
2026-04-19 12:29:11.790 UTC [23834] LOG:  could not receive data from client: Connection reset by peer
2026-04-19 12:31:10.245 UTC [23878] LOG:  could not receive data from client: Connection reset by peer
2026-04-19 12:33:37.528 UTC [23941] LOG:  could not receive data from client: Connection reset by peer
2026-04-19 12:50:34.357 UTC [24338] LOG:  could not receive data from client: Connection reset by peer
2026-04-19 12:53:16.699 UTC [24408] LOG:  could not receive data from client: Connection reset by peer
2026-04-19 12:53:31.528 UTC [24414] LOG:  could not receive data from client: Connection reset by peer
2026-04-19 12:55:00.457 UTC [24448] LOG:  could not receive data from client: Connection reset by peer
2026-04-19 12:57:57.404 UTC [24512] LOG:  could not receive data from client: Connection reset by peer
2026-04-19 12:59:55.042 UTC [24565] LOG:  could not receive data from client: Connection reset by peer
2026-04-19 13:08:45.314 UTC [24775] LOG:  could not receive data from client: Connection reset by peer
2026-04-19 13:14:38.993 UTC [24912] LOG:  could not receive data from client: Connection reset by peer
2026-04-19 13:16:36.499 UTC [24955] LOG:  could not receive data from client: Connection reset by peer
2026-04-19 13:23:43.611 UTC [25128] LOG:  could not receive data from client: Connection reset by peer
2026-04-19 13:28:38.038 UTC [25244] LOG:  could not receive data from client: Connection reset by peer
2026-04-19 13:29:51.420 UTC [25271] LOG:  could not receive data from client: Connection reset by peer
2026-04-19 13:35:59.791 UTC [25418] LOG:  could not receive data from client: Connection reset by peer
2026-04-19 13:57:37.175 UTC [25927] LOG:  could not receive data from client: Connection reset by peer
2026-04-19 14:01:48.329 UTC [26028] LOG:  could not receive data from client: Connection reset by peer
2026-04-19 14:04:43.989 UTC [26102] LOG:  could not receive data from client: Connection reset by peer
2026-04-19 14:22:25.099 UTC [26518] LOG:  could not receive data from client: Connection reset by peer
2026-04-19 14:31:45.291 UTC [26743] LOG:  could not receive data from client: Connection reset by peer
2026-04-19 14:38:08.445 UTC [26893] LOG:  could not receive data from client: Connection reset by peer
2026-04-19 14:46:29.210 UTC [27093] LOG:  could not receive data from client: Connection reset by peer
2026-04-19 14:47:42.649 UTC [27120] LOG:  could not receive data from client: Connection reset by peer
2026-04-19 14:48:56.436 UTC [27158] LOG:  could not receive data from client: Connection reset by peer
2026-04-19 14:50:24.818 UTC [27190] LOG:  could not receive data from client: Connection reset by peer
2026-04-19 14:57:02.524 UTC [27344] LOG:  could not receive data from client: Connection reset by peer
2026-04-19 14:57:17.250 UTC [27350] LOG:  could not receive data from client: Connection reset by peer
2026-04-19 14:58:46.205 UTC [27392] LOG:  could not receive data from client: Connection reset by peer
2026-04-19 15:06:22.787 UTC [27568] LOG:  could not receive data from client: Connection reset by peer
2026-04-19 15:14:00.025 UTC [27755] LOG:  could not receive data from client: Connection reset by peer
2026-04-19 15:16:56.912 UTC [27819] LOG:  could not receive data from client: Connection reset by peer
2026-04-19 15:23:20.546 UTC [27968] LOG:  could not receive data from client: Connection reset by peer
2026-04-19 15:23:49.875 UTC [27989] LOG:  could not receive data from client: Connection reset by peer
2026-04-19 15:30:56.197 UTC [28152] LOG:  could not receive data from client: Connection reset by peer
2026-04-19 15:32:09.787 UTC [28180] LOG:  could not receive data from client: Connection reset by peer
2026-04-19 15:43:28.583 UTC [28454] LOG:  could not receive data from client: Connection reset by peer
2026-04-19 15:46:40.371 UTC [28523] LOG:  could not receive data from client: Connection reset by peer
2026-04-19 15:49:22.392 UTC [28593] LOG:  could not receive data from client: Connection reset by peer
2026-04-19 15:56:29.982 UTC [28757] LOG:  could not receive data from client: Connection reset by peer
2026-04-19 16:08:17.155 UTC [29033] LOG:  could not receive data from client: Connection reset by peer
2026-04-19 16:14:54.491 UTC [29198] LOG:  could not receive data from client: Connection reset by peer
2026-04-19 16:16:08.580 UTC [29227] LOG:  could not receive data from client: Connection reset by peer
2026-04-19 16:18:36.329 UTC [29290] LOG:  could not receive data from client: Connection reset by peer
2026-04-19 16:20:49.100 UTC [29338] LOG:  could not receive data from client: Connection reset by peer
2026-04-19 16:29:09.486 UTC [29541] LOG:  could not receive data from client: Connection reset by peer
2026-04-19 16:39:15.478 UTC [29780] LOG:  could not receive data from client: Connection reset by peer
2026-04-19 16:39:30.357 UTC [29786] LOG:  could not receive data from client: Connection reset by peer
2026-04-19 16:42:42.355 UTC [29855] LOG:  could not receive data from client: Connection reset by peer
2026-04-19 16:44:40.318 UTC [29908] LOG:  could not receive data from client: Connection reset by peer
2026-04-19 17:03:48.928 UTC [30361] LOG:  could not receive data from client: Connection reset by peer
2026-04-19 17:05:47.158 UTC [30406] LOG:  could not receive data from client: Connection reset by peer
2026-04-19 18:02:16.617 UTC [31735] LOG:  could not receive data from client: Connection reset by peer
2026-04-19 18:05:42.177 UTC [31819] LOG:  could not receive data from client: Connection reset by peer
2026-04-19 18:08:53.188 UTC [31899] LOG:  could not receive data from client: Connection reset by peer
2026-04-19 18:15:31.078 UTC [32053] LOG:  could not receive data from client: Connection reset by peer
2026-04-19 18:26:04.004 UTC [32301] LOG:  could not receive data from client: Connection reset by peer
2026-04-19 18:36:37.401 UTC [32551] LOG:  could not receive data from client: Connection reset by peer
2026-04-19 18:41:31.350 UTC [32668] LOG:  could not receive data from client: Connection reset by peer
2026-04-19 18:48:53.344 UTC [32847] LOG:  could not receive data from client: Connection reset by peer
2026-04-19 19:09:03.189 UTC [33323] LOG:  could not receive data from client: Connection reset by peer
2026-04-19 19:11:30.531 UTC [33377] LOG:  could not receive data from client: Connection reset by peer
2026-04-19 19:14:13.100 UTC [33446] LOG:  could not receive data from client: Connection reset by peer
2026-04-19 19:17:39.404 UTC [33520] LOG:  could not receive data from client: Connection reset by peer
2026-04-19 19:21:50.350 UTC [33620] LOG:  could not receive data from client: Connection reset by peer
2026-04-19 19:23:48.598 UTC [33674] LOG:  could not receive data from client: Connection reset by peer
2026-04-19 19:25:02.654 UTC [33701] LOG:  could not receive data from client: Connection reset by peer
2026-04-19 19:38:19.070 UTC [34011] LOG:  could not receive data from client: Connection reset by peer
2026-04-19 19:39:33.380 UTC [34050] LOG:  could not receive data from client: Connection reset by peer
2026-04-19 19:46:26.725 UTC [34209] LOG:  could not receive data from client: Connection reset by peer
2026-04-19 19:50:52.808 UTC [34315] LOG:  could not receive data from client: Connection reset by peer
2026-04-19 20:00:43.775 UTC [34547] LOG:  could not receive data from client: Connection reset by peer
2026-04-19 20:01:13.945 UTC [34560] LOG:  could not receive data from client: Connection reset by peer
2026-04-19 20:07:08.264 UTC [34696] LOG:  could not receive data from client: Connection reset by peer
2026-04-19 20:15:33.162 UTC [34900] LOG:  could not receive data from client: Connection reset by peer
2026-04-19 20:20:45.528 UTC [35022] LOG:  could not receive data from client: Connection reset by peer
2026-04-19 20:28:55.592 UTC [35222] LOG:  could not receive data from client: Connection reset by peer
2026-04-19 20:34:21.643 UTC [35352] LOG:  could not receive data from client: Connection reset by peer
2026-04-19 20:35:06.143 UTC [35368] LOG:  could not receive data from client: Connection reset by peer
2026-04-19 20:49:40.521 UTC [35713] LOG:  could not receive data from client: Connection reset by peer
2026-04-19 20:58:04.649 UTC [35904] LOG:  could not receive data from client: Connection reset by peer
2026-04-19 21:01:17.151 UTC [35987] LOG:  could not receive data from client: Connection reset by peer
2026-04-19 21:01:31.833 UTC [35993] LOG:  could not receive data from client: Connection reset by peer
2026-04-19 21:07:28.552 UTC [36132] LOG:  could not receive data from client: Connection reset by peer
2026-04-19 21:18:52.125 UTC [36411] LOG:  could not receive data from client: Connection reset by peer
2026-04-19 21:21:20.328 UTC [36465] LOG:  could not receive data from client: Connection reset by peer
2026-04-19 21:27:01.230 UTC [36597] LOG:  could not receive data from client: Connection reset by peer
2026-04-19 21:32:42.087 UTC [36731] LOG:  could not receive data from client: Connection reset by peer
2026-04-19 21:33:56.730 UTC [36769] LOG:  could not receive data from client: Connection reset by peer
2026-04-19 21:35:55.257 UTC [36812] LOG:  could not receive data from client: Connection reset by peer
2026-04-19 21:36:10.264 UTC [36819] LOG:  could not receive data from client: Connection reset by peer
2026-04-19 21:44:48.629 UTC [37025] LOG:  could not receive data from client: Connection reset by peer
2026-04-19 21:45:33.204 UTC [37043] LOG:  could not receive data from client: Connection reset by peer
2026-04-19 21:53:58.523 UTC [37244] LOG:  could not receive data from client: Connection reset by peer
2026-04-19 21:56:12.107 UTC [37292] LOG:  could not receive data from client: Connection reset by peer
2026-04-19 21:58:40.044 UTC [37346] LOG:  could not receive data from client: Connection reset by peer
2026-04-19 22:02:37.704 UTC [37441] LOG:  could not receive data from client: Connection reset by peer
2026-04-19 22:06:51.462 UTC [37542] LOG:  could not receive data from client: Connection reset by peer
2026-04-19 22:11:20.123 UTC [37648] LOG:  could not receive data from client: Connection reset by peer
2026-04-19 22:17:29.382 UTC [37791] LOG:  could not receive data from client: Connection reset by peer
2026-04-19 22:20:12.375 UTC [37859] LOG:  could not receive data from client: Connection reset by peer
2026-04-19 22:20:27.342 UTC [37866] LOG:  could not receive data from client: Connection reset by peer
2026-04-19 22:20:57.391 UTC [37878] LOG:  could not receive data from client: Connection reset by peer
2026-04-19 22:22:40.699 UTC [37916] LOG:  could not receive data from client: Connection reset by peer
2026-04-19 22:25:38.706 UTC [37991] LOG:  could not receive data from client: Connection reset by peer
2026-04-19 22:26:08.485 UTC [38003] LOG:  could not receive data from client: Connection reset by peer
2026-04-19 22:26:08.485 UTC [38003] LOG:  unexpected EOF on client connection with an open transaction
2026-04-19 22:32:49.543 UTC [38159] LOG:  could not receive data from client: Connection reset by peer
2026-04-19 22:45:25.794 UTC [38463] LOG:  could not receive data from client: Connection reset by peer
2026-04-19 22:52:51.282 UTC [38634] LOG:  could not receive data from client: Connection reset by peer
2026-04-19 23:00:32.558 UTC [38824] LOG:  could not receive data from client: Connection reset by peer
2026-04-19 23:04:49.029 UTC [38925] LOG:  could not send data to client: Broken pipe
2026-04-19 23:04:49.029 UTC [38925] STATEMENT:  select "a"."attname" as "column", "a"."attnotnull" as "not_null", "a"."atthasdef" as "has_default", "c"."relname" as "table", "c"."relkind" as "table_type", "ns"."nspname" as "schema", "typ"."typname" as "type", "dtns"."nspname" as "type_schema", col_description(a.attrelid, a.attnum) as "column_description", pg_get_serial_sequence(quote_ident(ns.nspname) || '.' || quote_ident(c.relname), a.attname) as "auto_incrementing" from "pg_catalog"."pg_attribute" as "a" inner join "pg_catalog"."pg_class" as "c" on "a"."attrelid" = "c"."oid" inner join "pg_catalog"."pg_namespace" as "ns" on "c"."relnamespace" = "ns"."oid" inner join "pg_catalog"."pg_type" as "typ" on "a"."atttypid" = "typ"."oid" inner join "pg_catalog"."pg_namespace" as "dtns" on "typ"."typnamespace" = "dtns"."oid" where "c"."relkind" in ($1, $2, $3) and "ns"."nspname" !~ $4 and "ns"."nspname" != $5 and "ns"."nspname" != $6 and has_schema_privilege(ns.nspname, 'USAGE') and "a"."attnum" >= $7 and "a"."attisdropped" != $8 order by "ns"."nspname", "c"."relname", "a"."attnum"
2026-04-19 23:04:49.029 UTC [38925] FATAL:  connection to client lost
2026-04-19 23:04:49.029 UTC [38925] STATEMENT:  select "a"."attname" as "column", "a"."attnotnull" as "not_null", "a"."atthasdef" as "has_default", "c"."relname" as "table", "c"."relkind" as "table_type", "ns"."nspname" as "schema", "typ"."typname" as "type", "dtns"."nspname" as "type_schema", col_description(a.attrelid, a.attnum) as "column_description", pg_get_serial_sequence(quote_ident(ns.nspname) || '.' || quote_ident(c.relname), a.attname) as "auto_incrementing" from "pg_catalog"."pg_attribute" as "a" inner join "pg_catalog"."pg_class" as "c" on "a"."attrelid" = "c"."oid" inner join "pg_catalog"."pg_namespace" as "ns" on "c"."relnamespace" = "ns"."oid" inner join "pg_catalog"."pg_type" as "typ" on "a"."atttypid" = "typ"."oid" inner join "pg_catalog"."pg_namespace" as "dtns" on "typ"."typnamespace" = "dtns"."oid" where "c"."relkind" in ($1, $2, $3) and "ns"."nspname" !~ $4 and "ns"."nspname" != $5 and "ns"."nspname" != $6 and has_schema_privilege(ns.nspname, 'USAGE') and "a"."attnum" >= $7 and "a"."attisdropped" != $8 order by "ns"."nspname", "c"."relname", "a"."attnum"
2026-04-19 23:07:03.615 UTC [38976] LOG:  could not receive data from client: Connection reset by peer
2026-04-19 23:12:49.253 UTC [39112] LOG:  could not receive data from client: Connection reset by peer
2026-04-19 23:13:33.869 UTC [39129] LOG:  could not receive data from client: Connection reset by peer
2026-04-19 23:15:34.371 UTC [39184] LOG:  could not receive data from client: Connection reset by peer
2026-04-19 23:17:33.843 UTC [39227] LOG:  could not receive data from client: Connection reset by peer
2026-04-19 23:18:03.756 UTC [39238] LOG:  could not receive data from client: Connection reset by peer
2026-04-19 23:18:48.652 UTC [39255] LOG:  could not receive data from client: Connection reset by peer
2026-04-19 23:21:18.693 UTC [39320] LOG:  could not receive data from client: Connection reset by peer
2026-04-19 23:22:03.805 UTC [39338] LOG:  could not receive data from client: Connection reset by peer
2026-04-19 23:33:18.338 UTC [39600] LOG:  could not receive data from client: Connection reset by peer
2026-04-19 23:36:16.410 UTC [39676] LOG:  could not receive data from client: Connection reset by peer
2026-04-19 23:38:45.071 UTC [39731] LOG:  could not receive data from client: Connection reset by peer
2026-04-19 23:44:41.461 UTC [39880] LOG:  could not receive data from client: Connection reset by peer
2026-04-19 23:47:39.048 UTC [39946] LOG:  could not receive data from client: Connection reset by peer
2026-04-19 23:50:36.473 UTC [40020] LOG:  could not receive data from client: Connection reset by peer
2026-04-19 23:57:29.486 UTC [40181] LOG:  could not receive data from client: Connection reset by peer
2026-04-19 23:57:59.252 UTC [40193] LOG:  could not receive data from client: Connection reset by peer
