2026-02-20 18:09:08.516 UTC [1] LOG:  starting PostgreSQL 14.17 (Debian 14.17-1.pgdg120+1) on x86_64-pc-linux-gnu, compiled by gcc (Debian 12.2.0-14) 12.2.0, 64-bit
2026-02-20 18:09:08.524 UTC [1] LOG:  listening on IPv4 address "0.0.0.0", port 5432
2026-02-20 18:09:08.524 UTC [1] LOG:  listening on IPv6 address "::", port 5432
2026-02-20 18:09:09.257 UTC [1] LOG:  listening on Unix socket "/var/run/postgresql/.s.PGSQL.5432"
2026-02-20 18:09:10.282 UTC [28] LOG:  database system was interrupted; last known up at 2026-02-20 00:05:32 UTC
[2026-02-20T18:09:10Z INFO  service::utils::clean] Find directory "pg_vectors/indexes/17576".
[2026-02-20T18:09:10Z INFO  service::utils::clean] Find directory "pg_vectors/indexes/17332".
[2026-02-20T18:09:10Z INFO  service::utils::clean] Find directory "pg_vectors/indexes/17576/segments/71c2a884-29b7-4e33-a945-28dfac840a67".
[2026-02-20T18:09:11Z INFO  service::utils::clean] Find directory "pg_vectors/indexes/17332/segments/a2b3c4a6-8223-41fe-a99f-c47b7f1b8a1c".
2026-02-20 18:09:31.533 UTC [49] FATAL:  the database system is starting up
2026-02-20 18:10:01.808 UTC [57] FATAL:  the database system is starting up
2026-02-20 18:10:07.278 UTC [58] FATAL:  the database system is starting up
2026-02-20 18:10:22.255 UTC [28] LOG:  database system was not properly shut down; automatic recovery in progress
2026-02-20 18:10:22.311 UTC [28] LOG:  redo starts at 0/9ACCD138
2026-02-20 18:10:22.311 UTC [28] LOG:  invalid record length at 0/9ACCD220: wanted 24, got 0
2026-02-20 18:10:22.311 UTC [28] LOG:  redo done at 0/9ACCD1E8 system usage: CPU: user: 0.00 s, system: 0.00 s, elapsed: 0.00 s
2026-02-20 18:10:22.912 UTC [1] LOG:  database system is ready to accept connections
2026-02-20 20:52:58.719 UTC [1] LOG:  received fast shutdown request
2026-02-20 20:52:59.097 UTC [1] LOG:  aborting any active transactions
2026-02-20 20:52:59.103 UTC [1] LOG:  background worker "logical replication launcher" (PID 64) exited with exit code 1
2026-02-20 20:52:59.113 UTC [59] LOG:  shutting down
2026-02-20 20:52:59.403 UTC [1] LOG:  database system is shut down
