2026-05-02 00:04:11.417 UTC [449510] LOG:  could not receive data from client: Connection reset by peer
2026-05-02 00:09:34.714 UTC [449636] LOG:  could not receive data from client: Connection reset by peer
2026-05-02 00:30:22.838 UTC [450124] LOG:  could not receive data from client: Connection reset by peer
2026-05-02 00:33:04.281 UTC [450194] LOG:  could not receive data from client: Connection reset by peer
2026-05-02 00:36:01.450 UTC [450258] LOG:  could not receive data from client: Connection reset by peer
2026-05-02 00:37:00.281 UTC [450290] LOG:  could not receive data from client: Connection reset by peer
2026-05-02 00:38:13.899 UTC [450317] LOG:  could not receive data from client: Connection reset by peer
2026-05-02 00:38:28.853 UTC [450323] LOG:  could not receive data from client: Connection reset by peer
2026-05-02 00:56:50.531 UTC [450757] LOG:  could not receive data from client: Connection reset by peer
2026-05-02 01:02:58.688 UTC [450900] LOG:  could not receive data from client: Connection reset by peer
2026-05-02 01:03:13.615 UTC [450906] LOG:  could not receive data from client: Connection reset by peer
2026-05-02 01:10:20.339 UTC [451070] LOG:  could not receive data from client: Connection reset by peer
2026-05-02 01:17:12.472 UTC [451240] LOG:  could not receive data from client: Connection reset by peer
2026-05-02 01:22:22.692 UTC [451361] LOG:  could not receive data from client: Connection reset by peer
2026-05-02 01:23:07.069 UTC [451378] LOG:  could not receive data from client: Connection reset by peer
2026-05-02 01:26:18.566 UTC [451457] LOG:  could not receive data from client: Connection reset by peer
2026-05-02 01:29:59.976 UTC [451537] LOG:  could not receive data from client: Connection reset by peer
2026-05-02 01:42:13.747 UTC [451831] LOG:  could not receive data from client: Connection reset by peer
2026-05-02 01:49:34.929 UTC [452002] LOG:  could not receive data from client: Connection reset by peer
2026-05-02 01:49:34.929 UTC [452002] LOG:  unexpected EOF on client connection with an open transaction
2026-05-02 01:49:49.756 UTC [452008] LOG:  could not receive data from client: Connection reset by peer
2026-05-02 01:57:40.480 UTC [452197] LOG:  could not receive data from client: Connection reset by peer
2026-05-02 02:14:20.569 UTC [452588] LOG:  could not receive data from client: Connection reset by peer
2026-05-02 02:18:01.491 UTC [452679] LOG:  could not receive data from client: Connection reset by peer
2026-05-02 02:23:39.398 UTC [452811] LOG:  could not receive data from client: Connection reset by peer
2026-05-02 02:23:54.321 UTC [452817] LOG:  could not receive data from client: Connection reset by peer
2026-05-02 02:43:45.022 UTC [453285] LOG:  could not receive data from client: Connection reset by peer
2026-05-02 02:54:31.418 UTC [453537] LOG:  could not receive data from client: Connection reset by peer
2026-05-02 02:57:12.906 UTC [453607] LOG:  could not receive data from client: Connection reset by peer
2026-05-02 03:13:52.456 UTC [453998] LOG:  could not receive data from client: Connection reset by peer
2026-05-02 03:16:04.978 UTC [454047] LOG:  could not receive data from client: Connection reset by peer
2026-05-02 03:20:45.382 UTC [454158] LOG:  could not receive data from client: Connection reset by peer
2026-05-02 03:35:41.983 UTC [454510] LOG:  could not receive data from client: Connection reset by peer
2026-05-02 03:47:28.081 UTC [454796] LOG:  could not receive data from client: Connection reset by peer
2026-05-02 03:52:50.664 UTC [454922] LOG:  could not receive data from client: Connection reset by peer
2026-05-02 03:58:28.984 UTC [455056] LOG:  could not receive data from client: Connection reset by peer
2026-05-02 04:11:25.634 UTC [455365] LOG:  could not receive data from client: Connection reset by peer
2026-05-02 04:13:37.760 UTC [455413] LOG:  could not receive data from client: Connection reset by peer
2026-05-02 04:32:18.160 UTC [455857] LOG:  could not receive data from client: Connection reset by peer
2026-05-02 04:43:34.010 UTC [456119] LOG:  could not receive data from client: Connection reset by peer
2026-05-02 04:46:31.145 UTC [456194] LOG:  could not receive data from client: Connection reset by peer
2026-05-02 04:51:54.459 UTC [456321] LOG:  could not receive data from client: Connection reset by peer
2026-05-02 04:53:07.726 UTC [456349] LOG:  could not receive data from client: Connection reset by peer
2026-05-02 05:05:23.718 UTC [456634] LOG:  could not receive data from client: Connection reset by peer
2026-05-02 05:31:21.169 UTC [457255] LOG:  could not receive data from client: Connection reset by peer
2026-05-02 05:32:49.384 UTC [457287] LOG:  could not receive data from client: Connection reset by peer
2026-05-02 05:39:55.957 UTC [457451] LOG:  could not receive data from client: Connection reset by peer
2026-05-02 05:41:09.695 UTC [457480] LOG:  could not receive data from client: Connection reset by peer
2026-05-02 05:45:05.359 UTC [457575] LOG:  could not receive data from client: Connection reset by peer
2026-05-02 05:48:15.733 UTC [457654] LOG:  could not receive data from client: Connection reset by peer
2026-05-02 06:06:08.527 UTC [458069] LOG:  could not receive data from client: Connection reset by peer
2026-05-02 06:11:02.985 UTC [458184] LOG:  could not receive data from client: Connection reset by peer
2026-05-02 06:18:25.243 UTC [458364] LOG:  could not receive data from client: Connection reset by peer
2026-05-02 06:18:55.046 UTC [458375] LOG:  could not receive data from client: Connection reset by peer
2026-05-02 06:34:49.997 UTC [458752] LOG:  could not receive data from client: Connection reset by peer
2026-05-02 06:36:18.857 UTC [458786] LOG:  could not receive data from client: Connection reset by peer
2026-05-02 06:41:43.515 UTC [458923] LOG:  could not receive data from client: Connection reset by peer
2026-05-02 06:53:31.208 UTC [459199] LOG:  could not receive data from client: Connection reset by peer
2026-05-02 07:04:03.925 UTC [459446] LOG:  could not receive data from client: Connection reset by peer
2026-05-02 07:08:56.890 UTC [459562] LOG:  could not receive data from client: Connection reset by peer
2026-05-02 07:17:47.252 UTC [459774] LOG:  could not receive data from client: Connection reset by peer
2026-05-02 07:23:55.003 UTC [459917] LOG:  could not receive data from client: Connection reset by peer
2026-05-02 07:26:22.732 UTC [459971] LOG:  could not receive data from client: Connection reset by peer
2026-05-02 07:41:34.278 UTC [460341] LOG:  could not receive data from client: Connection reset by peer
2026-05-02 07:42:03.880 UTC [460352] LOG:  could not receive data from client: Connection reset by peer
2026-05-02 07:44:17.454 UTC [460403] LOG:  could not receive data from client: Connection reset by peer
2026-05-02 07:55:19.642 UTC [460661] LOG:  could not receive data from client: Connection reset by peer
2026-05-02 07:57:47.016 UTC [460724] LOG:  could not receive data from client: Connection reset by peer
2026-05-02 08:00:29.169 UTC [460783] LOG:  could not receive data from client: Connection reset by peer
2026-05-02 08:10:46.941 UTC [461027] LOG:  could not receive data from client: Connection reset by peer
2026-05-02 08:14:27.377 UTC [461119] LOG:  could not receive data from client: Connection reset by peer
2026-05-02 08:15:11.823 UTC [461135] LOG:  could not receive data from client: Connection reset by peer
2026-05-02 08:31:09.534 UTC [461510] LOG:  could not receive data from client: Connection reset by peer
2026-05-02 08:32:23.290 UTC [461549] LOG:  could not receive data from client: Connection reset by peer
2026-05-02 08:34:36.151 UTC [461597] LOG:  could not receive data from client: Connection reset by peer
2026-05-02 08:44:09.822 UTC [461822] LOG:  could not receive data from client: Connection reset by peer
2026-05-02 08:46:22.414 UTC [461871] LOG:  could not receive data from client: Connection reset by peer
2026-05-02 08:47:06.997 UTC [461897] LOG:  could not receive data from client: Connection reset by peer
2026-05-02 08:55:26.675 UTC [462087] LOG:  could not receive data from client: Connection reset by peer
2026-05-02 08:58:52.233 UTC [462171] LOG:  could not receive data from client: Connection reset by peer
2026-05-02 09:01:33.958 UTC [462240] LOG:  could not receive data from client: Connection reset by peer
2026-05-02 09:18:57.298 UTC [462643] LOG:  could not receive data from client: Connection reset by peer
2026-05-02 09:19:26.937 UTC [462655] LOG:  could not receive data from client: Connection reset by peer
2026-05-02 09:19:41.824 UTC [462661] LOG:  could not receive data from client: Connection reset by peer
2026-05-02 09:47:24.168 UTC [463318] LOG:  could not receive data from client: Connection reset by peer
2026-05-02 09:56:13.341 UTC [463518] LOG:  could not receive data from client: Connection reset by peer
2026-05-02 09:56:13.341 UTC [463518] LOG:  unexpected EOF on client connection with an open transaction
2026-05-02 10:04:02.156 UTC [463709] LOG:  could not receive data from client: Connection reset by peer
2026-05-02 10:12:37.605 UTC [463916] LOG:  could not receive data from client: Connection reset by peer
2026-05-02 10:14:06.142 UTC [463948] LOG:  could not receive data from client: Connection reset by peer
2026-05-02 10:27:46.751 UTC [464276] LOG:  could not receive data from client: Connection reset by peer
2026-05-02 10:32:25.651 UTC [464387] LOG:  could not receive data from client: Connection reset by peer
2026-05-02 10:38:32.532 UTC [464530] LOG:  could not receive data from client: Connection reset by peer
2026-05-02 10:46:40.133 UTC [1] LOG:  received fast shutdown request
2026-05-02 10:46:41.552 UTC [1] LOG:  aborting any active transactions
2026-05-02 10:46:42.027 UTC [1] LOG:  background worker "logical replication launcher" (PID 56) exited with exit code 1
2026-05-02 10:46:42.589 UTC [51] LOG:  shutting down
