2026-06-05 00:02:38.450 UTC [481358] LOG:  could not receive data from client: Connection reset by peer
2026-06-05 00:06:35.657 UTC [481456] LOG:  could not receive data from client: Connection reset by peer
2026-06-05 00:15:28.912 UTC [481668] LOG:  could not receive data from client: Connection reset by peer
2026-06-05 00:27:07.586 UTC [481939] LOG:  could not receive data from client: Connection reset by peer
2026-06-05 00:39:44.568 UTC [482232] LOG:  could not receive data from client: Connection reset by peer
2026-06-05 00:40:43.857 UTC [482264] LOG:  could not receive data from client: Connection reset by peer
2026-06-05 00:44:42.189 UTC [482350] LOG:  could not receive data from client: Connection reset by peer
2026-06-05 00:54:49.270 UTC [482592] LOG:  could not receive data from client: Connection reset by peer
2026-06-05 00:59:45.953 UTC [482709] LOG:  could not receive data from client: Connection reset by peer
2026-06-05 01:01:15.316 UTC [482753] LOG:  could not receive data from client: Connection reset by peer
2026-06-05 01:05:42.134 UTC [482859] LOG:  could not receive data from client: Connection reset by peer
2026-06-05 01:06:12.096 UTC [482871] LOG:  could not receive data from client: Connection reset by peer
2026-06-05 01:06:41.935 UTC [482882] LOG:  could not receive data from client: Connection reset by peer
2026-06-05 01:21:16.362 UTC [483226] LOG:  could not receive data from client: Connection reset by peer
2026-06-05 01:24:30.161 UTC [483296] LOG:  could not receive data from client: Connection reset by peer
2026-06-05 01:27:28.125 UTC [483370] LOG:  could not receive data from client: Connection reset by peer
2026-06-05 01:41:03.729 UTC [483692] LOG:  could not receive data from client: Connection reset by peer
2026-06-05 01:44:01.589 UTC [483757] LOG:  could not receive data from client: Connection reset by peer
2026-06-05 01:45:00.680 UTC [483779] LOG:  could not receive data from client: Connection reset by peer
2026-06-05 01:45:30.463 UTC [483791] LOG:  could not receive data from client: Connection reset by peer
2026-06-05 01:46:00.496 UTC [483815] LOG:  could not receive data from client: Connection reset by peer
2026-06-05 01:47:44.942 UTC [483852] LOG:  could not receive data from client: Connection reset by peer
2026-06-05 01:48:44.496 UTC [483874] LOG:  could not receive data from client: Connection reset by peer
2026-06-05 01:49:14.177 UTC [483886] LOG:  could not receive data from client: Connection reset by peer
2026-06-05 01:52:27.095 UTC [483965] LOG:  could not receive data from client: Connection reset by peer
2026-06-05 01:55:54.885 UTC [484050] LOG:  could not receive data from client: Connection reset by peer
2026-06-05 01:56:24.720 UTC [484061] LOG:  could not receive data from client: Connection reset by peer
2026-06-05 01:59:08.161 UTC [484122] LOG:  could not receive data from client: Connection reset by peer
2026-06-05 01:59:23.367 UTC [484128] LOG:  could not receive data from client: Connection reset by peer
2026-06-05 02:02:51.838 UTC [484212] LOG:  could not receive data from client: Connection reset by peer
2026-06-05 02:03:36.511 UTC [484230] LOG:  unexpected EOF on client connection with an open transaction
2026-06-05 02:11:02.673 UTC [484411] LOG:  could not receive data from client: Connection reset by peer
2026-06-05 02:24:39.477 UTC [484725] LOG:  could not receive data from client: Connection reset by peer
2026-06-05 02:39:00.026 UTC [485062] LOG:  could not receive data from client: Connection reset by peer
2026-06-05 02:53:21.446 UTC [485398] LOG:  could not receive data from client: Connection reset by peer
2026-06-05 03:10:24.820 UTC [485793] LOG:  could not receive data from client: Connection reset by peer
2026-06-05 03:12:23.510 UTC [485846] LOG:  could not receive data from client: Connection reset by peer
2026-06-05 03:13:52.742 UTC [485878] LOG:  could not receive data from client: Connection reset by peer
2026-06-05 03:19:34.307 UTC [486010] LOG:  could not receive data from client: Connection reset by peer
2026-06-05 03:20:04.059 UTC [486022] LOG:  could not receive data from client: Connection reset by peer
2026-06-05 03:30:29.458 UTC [486266] LOG:  could not receive data from client: Connection reset by peer
2026-06-05 03:33:56.591 UTC [486352] LOG:  could not receive data from client: Connection reset by peer
2026-06-05 03:35:40.698 UTC [486400] LOG:  could not receive data from client: Connection reset by peer
2026-06-05 03:49:04.150 UTC [486711] LOG:  could not receive data from client: Connection reset by peer
2026-06-05 03:50:18.455 UTC [486739] LOG:  could not receive data from client: Connection reset by peer
2026-06-05 03:51:32.779 UTC [486777] LOG:  could not receive data from client: Connection reset by peer
2026-06-05 03:53:02.120 UTC [486811] LOG:  could not receive data from client: Connection reset by peer
2026-06-05 03:54:01.458 UTC [486833] LOG:  could not receive data from client: Connection reset by peer
2026-06-05 03:57:14.691 UTC [486913] LOG:  could not receive data from client: Connection reset by peer
2026-06-05 04:00:57.225 UTC [487003] LOG:  could not receive data from client: Connection reset by peer
2026-06-05 04:07:52.943 UTC [487162] LOG:  could not receive data from client: Connection reset by peer
2026-06-05 04:08:52.355 UTC [487184] LOG:  could not receive data from client: Connection reset by peer
2026-06-05 04:18:45.988 UTC [487416] LOG:  could not receive data from client: Connection reset by peer
2026-06-05 04:19:15.530 UTC [487428] LOG:  could not receive data from client: Connection reset by peer
2026-06-05 04:21:29.832 UTC [487486] LOG:  could not receive data from client: Connection reset by peer
2026-06-05 04:24:27.737 UTC [487550] LOG:  could not receive data from client: Connection reset by peer
2026-06-05 04:26:55.979 UTC [487613] LOG:  could not receive data from client: Connection reset by peer
2026-06-05 04:28:10.313 UTC [487641] LOG:  could not receive data from client: Connection reset by peer
2026-06-05 04:30:53.186 UTC [487709] LOG:  could not receive data from client: Connection reset by peer
2026-06-05 04:32:07.651 UTC [487738] LOG:  could not receive data from client: Connection reset by peer
2026-06-05 04:34:21.081 UTC [487786] LOG:  could not receive data from client: Connection reset by peer
2026-06-05 04:38:48.129 UTC [487891] LOG:  could not receive data from client: Connection reset by peer
2026-06-05 04:39:33.029 UTC [487908] LOG:  could not receive data from client: Connection reset by peer
2026-06-05 04:46:42.737 UTC [488082] LOG:  could not receive data from client: Connection reset by peer
2026-06-05 05:00:19.152 UTC [488393] LOG:  could not receive data from client: Connection reset by peer
2026-06-05 05:04:31.646 UTC [488494] LOG:  could not receive data from client: Connection reset by peer
2026-06-05 05:05:16.746 UTC [488512] LOG:  could not receive data from client: Connection reset by peer
2026-06-05 05:05:46.737 UTC [488533] LOG:  could not receive data from client: Connection reset by peer
2026-06-05 05:08:15.305 UTC [488588] LOG:  could not receive data from client: Connection reset by peer
2026-06-05 05:10:44.120 UTC [488641] LOG:  could not receive data from client: Connection reset by peer
2026-06-05 05:12:58.033 UTC [488701] LOG:  could not receive data from client: Connection reset by peer
2026-06-05 05:13:12.983 UTC [488708] LOG:  could not receive data from client: Connection reset by peer
2026-06-05 05:22:08.591 UTC [488920] LOG:  could not receive data from client: Connection reset by peer
2026-06-05 05:25:51.475 UTC [489010] LOG:  could not receive data from client: Connection reset by peer
2026-06-05 05:34:46.324 UTC [489215] LOG:  could not receive data from client: Connection reset by peer
2026-06-05 05:38:43.843 UTC [489312] LOG:  could not receive data from client: Connection reset by peer
2026-06-05 05:43:54.474 UTC [489434] LOG:  could not receive data from client: Connection reset by peer
2026-06-05 05:45:23.671 UTC [489468] LOG:  could not receive data from client: Connection reset by peer
2026-06-05 05:45:38.612 UTC [489474] LOG:  could not receive data from client: Connection reset by peer
2026-06-05 05:51:20.125 UTC [489617] LOG:  could not receive data from client: Connection reset by peer
2026-06-05 05:56:46.252 UTC [489744] LOG:  could not receive data from client: Connection reset by peer
2026-06-05 06:01:14.727 UTC [489852] LOG:  could not receive data from client: Connection reset by peer
2026-06-05 06:05:56.302 UTC [489963] LOG:  could not receive data from client: Connection reset by peer
2026-06-05 06:08:10.314 UTC [490013] LOG:  could not receive data from client: Connection reset by peer
2026-06-05 06:11:07.653 UTC [490087] LOG:  could not receive data from client: Connection reset by peer
2026-06-05 06:11:37.656 UTC [490098] LOG:  could not receive data from client: Connection reset by peer
2026-06-05 06:25:49.170 UTC [490421] LOG:  could not receive data from client: Connection reset by peer
2026-06-05 06:32:45.069 UTC [490590] LOG:  could not receive data from client: Connection reset by peer
2026-06-05 06:36:41.743 UTC [490686] LOG:  could not receive data from client: Connection reset by peer
2026-06-05 06:37:11.242 UTC [490698] LOG:  could not receive data from client: Connection reset by peer
2026-06-05 06:44:22.246 UTC [490866] LOG:  could not receive data from client: Connection reset by peer
2026-06-05 06:56:00.923 UTC [491145] LOG:  could not receive data from client: Connection reset by peer
2026-06-05 07:06:55.616 UTC [491402] LOG:  could not receive data from client: Connection reset by peer
2026-06-05 07:17:19.218 UTC [491646] LOG:  could not receive data from client: Connection reset by peer
2026-06-05 07:23:59.024 UTC [491798] LOG:  could not receive data from client: Connection reset by peer
2026-06-05 07:26:56.707 UTC [491873] LOG:  could not receive data from client: Connection reset by peer
2026-06-05 07:33:07.997 UTC [492017] LOG:  could not receive data from client: Connection reset by peer
2026-06-05 07:35:21.838 UTC [492065] LOG:  could not receive data from client: Connection reset by peer
2026-06-05 07:37:35.902 UTC [492125] LOG:  could not receive data from client: Connection reset by peer
2026-06-05 07:40:05.340 UTC [492179] LOG:  could not receive data from client: Connection reset by peer
2026-06-05 07:42:49.866 UTC [492248] LOG:  could not receive data from client: Connection reset by peer
2026-06-05 07:48:46.762 UTC [492387] LOG:  could not receive data from client: Connection reset by peer
2026-06-05 07:53:00.533 UTC [492489] LOG:  could not receive data from client: Connection reset by peer
2026-06-05 08:00:44.420 UTC [492666] LOG:  could not receive data from client: Connection reset by peer
2026-06-05 08:00:59.308 UTC [492682] LOG:  could not receive data from client: Connection reset by peer
2026-06-05 08:03:42.462 UTC [492741] LOG:  could not receive data from client: Connection reset by peer
2026-06-05 08:04:27.671 UTC [492759] LOG:  could not receive data from client: Connection reset by peer
2026-06-05 08:14:07.067 UTC [492988] LOG:  could not receive data from client: Connection reset by peer
2026-06-05 08:14:36.955 UTC [493000] LOG:  could not receive data from client: Connection reset by peer
2026-06-05 08:15:07.064 UTC [493012] LOG:  could not receive data from client: Connection reset by peer
2026-06-05 08:17:50.902 UTC [493082] LOG:  could not receive data from client: Connection reset by peer
2026-06-05 08:18:50.636 UTC [493105] LOG:  could not receive data from client: Connection reset by peer
2026-06-05 08:20:05.530 UTC [493132] LOG:  could not receive data from client: Connection reset by peer
2026-06-05 08:23:04.485 UTC [493208] LOG:  could not receive data from client: Connection reset by peer
2026-06-05 08:26:46.928 UTC [493298] LOG:  could not receive data from client: Connection reset by peer
2026-06-05 08:39:38.970 UTC [493596] LOG:  could not receive data from client: Connection reset by peer
2026-06-05 08:52:31.897 UTC [493902] LOG:  could not receive data from client: Connection reset by peer
2026-06-05 08:53:31.853 UTC [493924] LOG:  could not receive data from client: Connection reset by peer
2026-06-05 08:56:30.766 UTC [494000] LOG:  could not receive data from client: Connection reset by peer
2026-06-05 08:58:15.075 UTC [494038] LOG:  could not receive data from client: Connection reset by peer
2026-06-05 09:06:25.274 UTC [494234] LOG:  could not receive data from client: Connection reset by peer
2026-06-05 09:10:38.031 UTC [494325] LOG:  could not receive data from client: Connection reset by peer
2026-06-05 09:11:22.833 UTC [494353] LOG:  could not receive data from client: Connection reset by peer
2026-06-05 09:20:16.217 UTC [494554] LOG:  could not receive data from client: Connection reset by peer
2026-06-05 09:33:54.549 UTC [494884] LOG:  could not receive data from client: Connection reset by peer
2026-06-05 09:35:53.791 UTC [494929] LOG:  could not receive data from client: Connection reset by peer
2026-06-05 09:37:37.950 UTC [494977] LOG:  could not receive data from client: Connection reset by peer
2026-06-05 09:41:50.338 UTC [495078] LOG:  could not receive data from client: Connection reset by peer
2026-06-05 09:46:18.839 UTC [495185] LOG:  could not receive data from client: Connection reset by peer
2026-06-05 09:47:03.411 UTC [495201] LOG:  could not receive data from client: Connection reset by peer
2026-06-05 09:49:17.929 UTC [495250] LOG:  could not receive data from client: Connection reset by peer
2026-06-05 09:52:46.343 UTC [495336] LOG:  could not receive data from client: Connection reset by peer
2026-06-05 09:57:42.925 UTC [495453] LOG:  could not receive data from client: Connection reset by peer
2026-06-05 10:00:27.393 UTC [495515] LOG:  could not receive data from client: Connection reset by peer
2026-06-05 10:23:43.073 UTC [496065] LOG:  could not receive data from client: Connection reset by peer
2026-06-05 10:28:25.890 UTC [496179] LOG:  could not receive data from client: Connection reset by peer
2026-06-05 10:31:09.164 UTC [496248] LOG:  could not receive data from client: Connection reset by peer
2026-06-05 10:33:08.439 UTC [496292] LOG:  could not receive data from client: Connection reset by peer
2026-06-05 10:37:51.410 UTC [496403] LOG:  could not receive data from client: Connection reset by peer
2026-06-05 10:48:28.051 UTC [496652] LOG:  could not receive data from client: Connection reset by peer
2026-06-05 10:49:12.653 UTC [496668] LOG:  could not receive data from client: Connection reset by peer
2026-06-05 10:50:12.110 UTC [496690] LOG:  could not receive data from client: Connection reset by peer
2026-06-05 10:53:40.708 UTC [496775] LOG:  could not receive data from client: Connection reset by peer
2026-06-05 10:55:39.445 UTC [496818] LOG:  could not receive data from client: Connection reset by peer
2026-06-05 11:03:20.501 UTC [497005] LOG:  could not receive data from client: Connection reset by peer
2026-06-05 11:10:01.670 UTC [497157] LOG:  could not receive data from client: Connection reset by peer
2026-06-05 11:14:29.273 UTC [497263] LOG:  could not receive data from client: Connection reset by peer
2026-06-05 11:15:58.144 UTC [497295] LOG:  could not receive data from client: Connection reset by peer
2026-06-05 11:18:26.559 UTC [497360] LOG:  could not receive data from client: Connection reset by peer
2026-06-05 11:18:56.087 UTC [497371] LOG:  could not receive data from client: Connection reset by peer
2026-06-05 11:19:40.129 UTC [497388] LOG:  could not receive data from client: Connection reset by peer
2026-06-05 11:23:52.653 UTC [497490] LOG:  could not receive data from client: Connection reset by peer
2026-06-05 11:29:19.160 UTC [497619] LOG:  could not receive data from client: Connection reset by peer
2026-06-05 11:35:01.184 UTC [497753] LOG:  could not receive data from client: Connection reset by peer
2026-06-05 11:37:44.544 UTC [497822] LOG:  could not receive data from client: Connection reset by peer
2026-06-05 11:38:44.060 UTC [497844] LOG:  could not receive data from client: Connection reset by peer
2026-06-05 11:41:41.958 UTC [497918] LOG:  could not receive data from client: Connection reset by peer
2026-06-05 11:42:12.112 UTC [497929] LOG:  could not receive data from client: Connection reset by peer
2026-06-05 11:44:11.545 UTC [497973] LOG:  could not receive data from client: Connection reset by peer
2026-06-05 11:55:21.181 UTC [498237] LOG:  could not receive data from client: Connection reset by peer
2026-06-05 11:56:35.800 UTC [498274] LOG:  could not receive data from client: Connection reset by peer
2026-06-05 11:56:50.859 UTC [498280] LOG:  could not receive data from client: Connection reset by peer
2026-06-05 11:57:35.784 UTC [498297] LOG:  could not receive data from client: Connection reset by peer
2026-06-05 12:15:54.575 UTC [498719] LOG:  could not receive data from client: Connection reset by peer
2026-06-05 12:21:21.380 UTC [498856] LOG:  could not receive data from client: Connection reset by peer
2026-06-05 12:26:03.579 UTC [498958] LOG:  could not receive data from client: Connection reset by peer
2026-06-05 12:27:33.033 UTC [499001] LOG:  could not receive data from client: Connection reset by peer
2026-06-05 12:30:32.166 UTC [499067] LOG:  could not receive data from client: Connection reset by peer
2026-06-05 12:37:12.551 UTC [499230] LOG:  could not receive data from client: Connection reset by peer
2026-06-05 12:40:26.243 UTC [499302] LOG:  could not receive data from client: Connection reset by peer
2026-06-05 12:45:23.621 UTC [499419] LOG:  could not receive data from client: Connection reset by peer
2026-06-05 13:14:51.598 UTC [500113] LOG:  could not receive data from client: Connection reset by peer
2026-06-05 13:15:51.156 UTC [500135] LOG:  could not receive data from client: Connection reset by peer
2026-06-05 13:17:34.631 UTC [500184] LOG:  could not receive data from client: Connection reset by peer
2026-06-05 13:18:34.172 UTC [500206] LOG:  could not receive data from client: Connection reset by peer
2026-06-05 13:20:47.456 UTC [500254] LOG:  could not receive data from client: Connection reset by peer
2026-06-05 13:27:28.298 UTC [500417] LOG:  could not receive data from client: Connection reset by peer
2026-06-05 13:49:31.322 UTC [500932] LOG:  could not receive data from client: Connection reset by peer
2026-06-05 13:59:21.399 UTC [1] LOG:  received fast shutdown request
2026-06-05 13:59:27.427 UTC [1] LOG:  aborting any active transactions
2026-06-05 13:59:27.889 UTC [1] LOG:  background worker "logical replication launcher" (PID 48) exited with exit code 1
2026-06-05 13:59:28.584 UTC [43] LOG:  shutting down
