2025-11-12 09:15:05.447 UTC [1] LOG:  starting PostgreSQL 14.17 (Debian 14.17-1.pgdg120+1) on x86_64-pc-linux-gnu, compiled by gcc (Debian 12.2.0-14) 12.2.0, 64-bit
2025-11-12 09:15:05.460 UTC [1] LOG:  listening on IPv4 address "0.0.0.0", port 5432
2025-11-12 09:15:05.460 UTC [1] LOG:  listening on IPv6 address "::", port 5432
2025-11-12 09:15:05.852 UTC [1] LOG:  listening on Unix socket "/var/run/postgresql/.s.PGSQL.5432"
2025-11-12 09:15:06.013 UTC [30] LOG:  database system was interrupted; last known up at 2025-11-12 09:11:28 UTC
[2025-11-12T09:15:06Z INFO  service::utils::clean] Find directory "pg_vectors/indexes/17576".
[2025-11-12T09:15:06Z INFO  service::utils::clean] Find directory "pg_vectors/indexes/17332".
[2025-11-12T09:15:06Z INFO  service::utils::clean] Find directory "pg_vectors/indexes/17576/segments/8587a0c8-8786-4fee-a66b-117b254a0678".
[2025-11-12T09:15:06Z INFO  service::utils::clean] Find directory "pg_vectors/indexes/17332/segments/a2b3c4a6-8223-41fe-a99f-c47b7f1b8a1c".
2025-11-12 09:15:25.590 UTC [30] LOG:  database system was not properly shut down; automatic recovery in progress
2025-11-12 09:15:25.597 UTC [30] LOG:  redo starts at 0/805B79C0
2025-11-12 09:15:25.601 UTC [30] LOG:  invalid record length at 0/805B8E00: wanted 24, got 0
2025-11-12 09:15:25.601 UTC [30] LOG:  redo done at 0/805B8DC8 system usage: CPU: user: 0.00 s, system: 0.00 s, elapsed: 0.00 s
2025-11-12 09:15:25.790 UTC [1] LOG:  database system is ready to accept connections
2025-11-12 09:18:36.855 UTC [1] LOG:  received fast shutdown request
2025-11-12 09:18:36.860 UTC [1] LOG:  aborting any active transactions
2025-11-12 09:18:36.867 UTC [1] LOG:  background worker "logical replication launcher" (PID 49) exited with exit code 1
2025-11-12 09:18:36.874 UTC [50] FATAL:  terminating connection due to administrator command
2025-11-12 09:18:36.874 UTC [52] FATAL:  terminating connection due to administrator command
2025-11-12 09:18:36.874 UTC [51] FATAL:  terminating connection due to administrator command
2025-11-12 09:18:36.874 UTC [53] FATAL:  terminating connection due to administrator command
2025-11-12 09:18:36.874 UTC [54] FATAL:  terminating connection due to administrator command
2025-11-12 09:18:36.878 UTC [55] FATAL:  terminating connection due to administrator command
2025-11-12 09:18:36.886 UTC [44] LOG:  shutting down
2025-11-12 09:18:37.022 UTC [1] LOG:  database system is shut down
