2026-03-06 08:48:58.697 UTC [1] LOG:  starting PostgreSQL 14.17 (Debian 14.17-1.pgdg120+1) on x86_64-pc-linux-gnu, compiled by gcc (Debian 12.2.0-14) 12.2.0, 64-bit
2026-03-06 08:48:58.698 UTC [1] LOG:  listening on IPv4 address "0.0.0.0", port 5432
2026-03-06 08:48:58.698 UTC [1] LOG:  listening on IPv6 address "::", port 5432
2026-03-06 08:48:59.950 UTC [1] LOG:  listening on Unix socket "/var/run/postgresql/.s.PGSQL.5432"
2026-03-06 08:49:01.031 UTC [29] LOG:  database system was interrupted; last known up at 2026-03-05 23:12:20 UTC
[2026-03-06T08:49:01Z INFO  service::utils::clean] Find directory "pg_vectors/indexes/17576".
[2026-03-06T08:49:01Z INFO  service::utils::clean] Find directory "pg_vectors/indexes/17332".
[2026-03-06T08:49:01Z INFO  service::utils::clean] Find directory "pg_vectors/indexes/17576/segments/71c2a884-29b7-4e33-a945-28dfac840a67".
[2026-03-06T08:49:03Z INFO  service::utils::clean] Find directory "pg_vectors/indexes/17332/segments/a2b3c4a6-8223-41fe-a99f-c47b7f1b8a1c".
2026-03-06 08:49:25.924 UTC [50] FATAL:  the database system is starting up
2026-03-06 08:49:34.649 UTC [51] FATAL:  the database system is starting up
2026-03-06 08:49:39.809 UTC [29] LOG:  database system was not properly shut down; automatic recovery in progress
2026-03-06 08:49:39.819 UTC [29] LOG:  redo starts at 0/9AD6C2A0
2026-03-06 08:49:39.819 UTC [29] LOG:  invalid record length at 0/9AD6C2D8: wanted 24, got 0
2026-03-06 08:49:39.819 UTC [29] LOG:  redo done at 0/9AD6C2A0 system usage: CPU: user: 0.00 s, system: 0.00 s, elapsed: 0.00 s
2026-03-06 08:49:39.882 UTC [1] LOG:  database system is ready to accept connections
2026-03-06 13:29:50.755 UTC [5870] LOG:  could not receive data from client: Connection reset by peer
2026-03-06 18:51:30.317 UTC [1] LOG:  received fast shutdown request
2026-03-06 18:51:31.210 UTC [1] LOG:  aborting any active transactions
2026-03-06 18:51:31.216 UTC [1] LOG:  background worker "logical replication launcher" (PID 57) exited with exit code 1
2026-03-06 18:51:31.222 UTC [52] LOG:  shutting down
2026-03-06 18:51:32.050 UTC [1] LOG:  database system is shut down
