2026-05-21 11:53:50.732 UTC [1] LOG:  starting PostgreSQL 14.17 (Debian 14.17-1.pgdg120+1) on x86_64-pc-linux-gnu, compiled by gcc (Debian 12.2.0-14) 12.2.0, 64-bit
2026-05-21 11:53:50.739 UTC [1] LOG:  listening on IPv4 address "0.0.0.0", port 5432
2026-05-21 11:53:50.739 UTC [1] LOG:  listening on IPv6 address "::", port 5432
2026-05-21 11:53:52.102 UTC [1] LOG:  listening on Unix socket "/var/run/postgresql/.s.PGSQL.5432"
2026-05-21 11:53:54.099 UTC [29] LOG:  database system was interrupted; last known up at 2026-05-19 12:32:00 UTC
[2026-05-21T11:53:54Z INFO  service::utils::clean] Find directory "pg_vectors/indexes/17576".
[2026-05-21T11:53:54Z INFO  service::utils::clean] Find directory "pg_vectors/indexes/17332".
[2026-05-21T11:53:54Z INFO  service::utils::clean] Find directory "pg_vectors/indexes/17576/segments/71c2a884-29b7-4e33-a945-28dfac840a67".
[2026-05-21T11:54:00Z INFO  service::utils::clean] Find directory "pg_vectors/indexes/17332/segments/a2b3c4a6-8223-41fe-a99f-c47b7f1b8a1c".
2026-05-21 11:54:13.246 UTC [50] FATAL:  the database system is starting up
2026-05-21 11:54:18.002 UTC [51] FATAL:  the database system is starting up
2026-05-21 11:54:43.635 UTC [59] FATAL:  the database system is starting up
2026-05-21 11:54:57.620 UTC [29] LOG:  database system was not properly shut down; automatic recovery in progress
2026-05-21 11:54:57.627 UTC [29] LOG:  redo starts at 0/AB50BED8
2026-05-21 11:54:57.627 UTC [29] LOG:  invalid record length at 0/AB50BFC0: wanted 24, got 0
2026-05-21 11:54:57.627 UTC [29] LOG:  redo done at 0/AB50BF88 system usage: CPU: user: 0.00 s, system: 0.00 s, elapsed: 0.00 s
2026-05-21 11:54:57.686 UTC [1] LOG:  database system is ready to accept connections
2026-05-21 11:55:32.776 UTC [87] LOG:  could not receive data from client: Connection reset by peer
2026-05-21 11:56:12.106 UTC [99] LOG:  could not receive data from client: Connection reset by peer
2026-05-21 11:58:43.214 UTC [154] LOG:  could not receive data from client: Connection reset by peer
