2025-11-05 02:45:44.829 UTC [1] LOG:  starting PostgreSQL 14.17 (Debian 14.17-1.pgdg120+1) on x86_64-pc-linux-gnu, compiled by gcc (Debian 12.2.0-14) 12.2.0, 64-bit
2025-11-05 02:45:44.832 UTC [1] LOG:  listening on IPv4 address "0.0.0.0", port 5432
2025-11-05 02:45:44.832 UTC [1] LOG:  listening on IPv6 address "::", port 5432
2025-11-05 02:45:44.962 UTC [1] LOG:  listening on Unix socket "/var/run/postgresql/.s.PGSQL.5432"
2025-11-05 02:45:45.039 UTC [29] LOG:  database system was interrupted; last known up at 2025-11-04 21:50:40 UTC
[2025-11-05T02:45:45Z INFO  service::utils::clean] Find directory "pg_vectors/indexes/17576".
[2025-11-05T02:45:45Z INFO  service::utils::clean] Find directory "pg_vectors/indexes/17332".
[2025-11-05T02:45:45Z INFO  service::utils::clean] Find directory "pg_vectors/indexes/17576/segments/8587a0c8-8786-4fee-a66b-117b254a0678".
[2025-11-05T02:45:45Z INFO  service::utils::clean] Find directory "pg_vectors/indexes/17332/segments/a2b3c4a6-8223-41fe-a99f-c47b7f1b8a1c".
2025-11-05 02:46:11.967 UTC [50] FATAL:  the database system is starting up
2025-11-05 02:46:32.775 UTC [29] LOG:  database system was not properly shut down; automatic recovery in progress
2025-11-05 02:46:32.784 UTC [29] LOG:  redo starts at 0/80554450
2025-11-05 02:46:32.784 UTC [29] LOG:  invalid record length at 0/80554538: wanted 24, got 0
2025-11-05 02:46:32.784 UTC [29] LOG:  redo done at 0/80554500 system usage: CPU: user: 0.00 s, system: 0.00 s, elapsed: 0.00 s
2025-11-05 02:46:32.877 UTC [1] LOG:  database system is ready to accept connections
2025-11-05 21:36:57.510 UTC [1] LOG:  received fast shutdown request
2025-11-05 21:36:57.968 UTC [1] LOG:  aborting any active transactions
2025-11-05 21:36:57.972 UTC [1] LOG:  background worker "logical replication launcher" (PID 56) exited with exit code 1
2025-11-05 21:36:57.984 UTC [51] LOG:  shutting down
2025-11-05 21:36:59.217 UTC [1] LOG:  database system is shut down
