2026-05-05 22:26:20.440 UTC [1] LOG:  starting PostgreSQL 14.17 (Debian 14.17-1.pgdg120+1) on x86_64-pc-linux-gnu, compiled by gcc (Debian 12.2.0-14) 12.2.0, 64-bit
2026-05-05 22:26:20.443 UTC [1] LOG:  listening on IPv4 address "0.0.0.0", port 5432
2026-05-05 22:26:20.443 UTC [1] LOG:  listening on IPv6 address "::", port 5432
2026-05-05 22:26:21.940 UTC [1] LOG:  listening on Unix socket "/var/run/postgresql/.s.PGSQL.5432"
2026-05-05 22:26:22.574 UTC [28] LOG:  database system was interrupted; last known up at 2026-05-05 21:46:47 UTC
[2026-05-05T22:26:22Z INFO  service::utils::clean] Find directory "pg_vectors/indexes/17576".
[2026-05-05T22:26:22Z INFO  service::utils::clean] Find directory "pg_vectors/indexes/17332".
[2026-05-05T22:26:22Z INFO  service::utils::clean] Find directory "pg_vectors/indexes/17576/segments/71c2a884-29b7-4e33-a945-28dfac840a67".
[2026-05-05T22:26:24Z INFO  service::utils::clean] Find directory "pg_vectors/indexes/17332/segments/a2b3c4a6-8223-41fe-a99f-c47b7f1b8a1c".
2026-05-05 22:26:47.239 UTC [49] FATAL:  the database system is starting up
2026-05-05 22:27:17.550 UTC [58] FATAL:  the database system is starting up
2026-05-05 22:27:24.413 UTC [59] FATAL:  the database system is starting up
2026-05-05 22:27:24.487 UTC [28] LOG:  database system was not properly shut down; automatic recovery in progress
2026-05-05 22:27:24.495 UTC [28] LOG:  redo starts at 0/AB50B3E8
2026-05-05 22:27:24.495 UTC [28] LOG:  invalid record length at 0/AB50B420: wanted 24, got 0
2026-05-05 22:27:24.495 UTC [28] LOG:  redo done at 0/AB50B3E8 system usage: CPU: user: 0.00 s, system: 0.00 s, elapsed: 0.00 s
2026-05-05 22:27:24.602 UTC [1] LOG:  database system is ready to accept connections
2026-05-05 22:39:44.886 UTC [356] LOG:  could not receive data from client: Connection reset by peer
2026-05-05 22:43:45.291 UTC [451] LOG:  could not receive data from client: Connection reset by peer
2026-05-05 22:52:32.905 UTC [647] LOG:  could not receive data from client: Connection reset by peer
2026-05-05 22:59:24.707 UTC [803] LOG:  could not receive data from client: Connection reset by peer
2026-05-05 23:03:00.619 UTC [885] LOG:  could not receive data from client: Connection reset by peer
2026-05-05 23:07:27.252 UTC [964] LOG:  could not receive data from client: Connection reset by peer
2026-05-05 23:22:37.468 UTC [1319] LOG:  could not receive data from client: Connection reset by peer
2026-05-05 23:47:35.710 UTC [1900] LOG:  could not receive data from client: Connection reset by peer
