2026-03-27 13:43:49.673 UTC [1] LOG:  starting PostgreSQL 14.17 (Debian 14.17-1.pgdg120+1) on x86_64-pc-linux-gnu, compiled by gcc (Debian 12.2.0-14) 12.2.0, 64-bit
2026-03-27 13:43:49.684 UTC [1] LOG:  listening on IPv4 address "0.0.0.0", port 5432
2026-03-27 13:43:49.684 UTC [1] LOG:  listening on IPv6 address "::", port 5432
2026-03-27 13:43:50.957 UTC [1] LOG:  listening on Unix socket "/var/run/postgresql/.s.PGSQL.5432"
2026-03-27 13:43:51.722 UTC [28] LOG:  database system was interrupted; last known up at 2026-03-26 19:25:28 UTC
[2026-03-27T13:43:51Z INFO  service::utils::clean] Find directory "pg_vectors/indexes/17576".
[2026-03-27T13:43:51Z INFO  service::utils::clean] Find directory "pg_vectors/indexes/17332".
[2026-03-27T13:43:51Z INFO  service::utils::clean] Find directory "pg_vectors/indexes/17576/segments/71c2a884-29b7-4e33-a945-28dfac840a67".
[2026-03-27T13:43:52Z INFO  service::utils::clean] Find directory "pg_vectors/indexes/17332/segments/a2b3c4a6-8223-41fe-a99f-c47b7f1b8a1c".
2026-03-27 13:44:15.177 UTC [49] FATAL:  the database system is starting up
2026-03-27 13:44:26.975 UTC [28] LOG:  database system was not properly shut down; automatic recovery in progress
2026-03-27 13:44:26.990 UTC [28] LOG:  redo starts at 0/A2B47178
2026-03-27 13:44:26.990 UTC [28] LOG:  invalid record length at 0/A2B47260: wanted 24, got 0
2026-03-27 13:44:26.990 UTC [28] LOG:  redo done at 0/A2B47228 system usage: CPU: user: 0.00 s, system: 0.00 s, elapsed: 0.00 s
2026-03-27 13:44:27.080 UTC [1] LOG:  database system is ready to accept connections
2026-03-27 13:45:59.540 UTC [101] LOG:  could not receive data from client: Connection reset by peer
2026-03-27 13:46:14.624 UTC [108] LOG:  could not receive data from client: Connection reset by peer
2026-03-27 13:46:59.549 UTC [125] LOG:  could not receive data from client: Connection reset by peer
2026-03-27 13:47:14.689 UTC [132] LOG:  could not receive data from client: Connection reset by peer
2026-03-27 13:52:07.259 UTC [251] LOG:  could not receive data from client: Connection reset by peer
2026-03-27 13:57:12.747 UTC [374] LOG:  could not receive data from client: Connection reset by peer
2026-03-27 14:16:38.218 UTC [838] LOG:  could not receive data from client: Connection reset by peer
2026-03-27 14:18:20.350 UTC [876] LOG:  could not receive data from client: Connection reset by peer
2026-03-27 14:19:47.820 UTC [915] LOG:  could not receive data from client: Connection reset by peer
2026-03-27 14:19:47.820 UTC [915] LOG:  unexpected EOF on client connection with an open transaction
2026-03-27 14:24:11.649 UTC [1014] LOG:  could not receive data from client: Connection reset by peer
2026-03-27 14:29:47.141 UTC [1146] LOG:  could not receive data from client: Connection reset by peer
2026-03-27 14:33:40.136 UTC [1241] LOG:  could not receive data from client: Connection reset by peer
2026-03-27 14:35:36.693 UTC [1294] LOG:  could not receive data from client: Connection reset by peer
2026-03-27 14:35:51.446 UTC [1300] LOG:  could not receive data from client: Connection reset by peer
2026-03-27 14:39:59.316 UTC [1404] LOG:  could not receive data from client: Connection reset by peer
2026-03-27 14:49:11.883 UTC [1616] LOG:  could not receive data from client: Connection reset by peer
2026-03-27 14:57:27.931 UTC [1815] LOG:  could not receive data from client: Connection reset by peer
2026-03-27 14:58:40.810 UTC [1843] LOG:  could not receive data from client: Connection reset by peer
2026-03-27 15:15:54.529 UTC [2257] LOG:  could not receive data from client: Connection reset by peer
2026-03-27 15:19:33.305 UTC [2339] LOG:  could not receive data from client: Connection reset by peer
2026-03-27 15:21:29.822 UTC [2392] LOG:  could not receive data from client: Connection reset by peer
2026-03-27 15:25:51.551 UTC [2499] LOG:  could not receive data from client: Connection reset by peer
2026-03-27 15:36:30.653 UTC [2752] LOG:  could not receive data from client: Connection reset by peer
2026-03-27 15:44:59.377 UTC [2958] LOG:  could not receive data from client: Connection reset by peer
2026-03-27 16:09:57.792 UTC [3554] LOG:  could not receive data from client: Connection reset by peer
2026-03-27 16:10:55.992 UTC [3576] LOG:  could not receive data from client: Connection reset by peer
2026-03-27 16:14:20.375 UTC [3651] LOG:  could not receive data from client: Connection reset by peer
2026-03-27 16:17:59.727 UTC [3744] LOG:  could not receive data from client: Connection reset by peer
2026-03-27 16:24:19.812 UTC [3893] LOG:  could not receive data from client: Connection reset by peer
2026-03-27 16:26:45.264 UTC [3958] LOG:  could not receive data from client: Connection reset by peer
2026-03-27 16:28:41.573 UTC [4001] LOG:  could not receive data from client: Connection reset by peer
2026-03-27 16:31:22.505 UTC [4071] LOG:  could not receive data from client: Connection reset by peer
2026-03-27 16:32:50.115 UTC [4105] LOG:  could not receive data from client: Connection reset by peer
2026-03-27 16:41:33.462 UTC [4315] LOG:  could not receive data from client: Connection reset by peer
2026-03-27 16:50:16.311 UTC [4526] LOG:  could not receive data from client: Connection reset by peer
2026-03-27 16:52:55.983 UTC [4585] LOG:  could not receive data from client: Connection reset by peer
2026-03-27 16:58:17.638 UTC [4712] LOG:  could not receive data from client: Connection reset by peer
2026-03-27 17:02:54.477 UTC [4823] LOG:  could not receive data from client: Connection reset by peer
2026-03-27 17:10:11.222 UTC [5002] LOG:  could not receive data from client: Connection reset by peer
2026-03-27 17:11:09.829 UTC [5024] LOG:  could not receive data from client: Connection reset by peer
2026-03-27 17:14:04.141 UTC [5088] LOG:  could not receive data from client: Connection reset by peer
2026-03-27 17:15:46.531 UTC [5137] LOG:  could not receive data from client: Connection reset by peer
2026-03-27 17:24:00.317 UTC [5326] LOG:  could not receive data from client: Connection reset by peer
2026-03-27 17:35:24.430 UTC [5605] LOG:  could not receive data from client: Connection reset by peer
2026-03-27 17:35:39.171 UTC [5612] LOG:  could not receive data from client: Connection reset by peer
2026-03-27 17:36:08.395 UTC [5623] LOG:  could not receive data from client: Connection reset by peer
2026-03-27 17:45:07.010 UTC [5842] LOG:  could not receive data from client: Connection reset by peer
2026-03-27 17:57:14.729 UTC [6129] LOG:  could not receive data from client: Connection reset by peer
2026-03-27 18:01:51.902 UTC [6241] LOG:  could not receive data from client: Connection reset by peer
2026-03-27 18:05:30.877 UTC [6332] LOG:  could not receive data from client: Connection reset by peer
2026-03-27 18:07:27.373 UTC [6375] LOG:  could not receive data from client: Connection reset by peer
2026-03-27 18:10:07.508 UTC [6445] LOG:  could not receive data from client: Connection reset by peer
2026-03-27 18:15:56.529 UTC [6584] LOG:  could not receive data from client: Connection reset by peer
2026-03-27 18:21:02.248 UTC [6706] LOG:  could not receive data from client: Connection reset by peer
2026-03-27 18:28:47.917 UTC [6886] LOG:  could not receive data from client: Connection reset by peer
2026-03-27 18:34:23.478 UTC [7018] LOG:  could not receive data from client: Connection reset by peer
2026-03-27 18:38:16.548 UTC [7114] LOG:  could not receive data from client: Connection reset by peer
2026-03-27 18:44:34.758 UTC [7265] LOG:  could not receive data from client: Connection reset by peer
2026-03-27 18:46:02.050 UTC [7308] LOG:  could not receive data from client: Connection reset by peer
2026-03-27 18:49:26.317 UTC [7382] LOG:  could not receive data from client: Connection reset by peer
2026-03-27 18:53:48.113 UTC [7488] LOG:  could not receive data from client: Connection reset by peer
2026-03-27 18:59:07.459 UTC [7615] LOG:  could not receive data from client: Connection reset by peer
2026-03-27 19:02:01.529 UTC [7689] LOG:  could not receive data from client: Connection reset by peer
2026-03-27 19:21:54.806 UTC [8160] LOG:  could not receive data from client: Connection reset by peer
2026-03-27 19:37:25.347 UTC [8530] LOG:  could not receive data from client: Connection reset by peer
2026-03-27 19:37:40.016 UTC [8536] LOG:  could not receive data from client: Connection reset by peer
2026-03-27 19:40:34.836 UTC [8610] LOG:  could not receive data from client: Connection reset by peer
2026-03-27 19:44:13.529 UTC [8690] LOG:  could not receive data from client: Connection reset by peer
2026-03-27 19:45:41.247 UTC [8732] LOG:  could not receive data from client: Connection reset by peer
2026-03-27 19:49:48.441 UTC [8823] LOG:  could not receive data from client: Connection reset by peer
2026-03-27 19:51:45.295 UTC [8876] LOG:  could not receive data from client: Connection reset by peer
2026-03-27 19:52:29.052 UTC [8892] LOG:  could not receive data from client: Connection reset by peer
2026-03-27 19:58:18.029 UTC [9029] LOG:  could not receive data from client: Connection reset by peer
2026-03-27 20:23:02.593 UTC [9620] LOG:  could not receive data from client: Connection reset by peer
2026-03-27 20:23:17.260 UTC [9626] LOG:  could not receive data from client: Connection reset by peer
2026-03-27 20:31:02.653 UTC [9815] LOG:  could not receive data from client: Connection reset by peer
2026-03-27 20:34:55.284 UTC [9900] LOG:  could not receive data from client: Connection reset by peer
2026-03-27 20:47:16.501 UTC [10198] LOG:  could not receive data from client: Connection reset by peer
2026-03-27 20:48:00.118 UTC [10215] LOG:  could not receive data from client: Connection reset by peer
2026-03-27 21:00:50.306 UTC [10526] LOG:  could not receive data from client: Connection reset by peer
2026-03-27 21:05:42.334 UTC [10642] LOG:  could not receive data from client: Connection reset by peer
2026-03-27 21:15:09.520 UTC [10858] LOG:  could not receive data from client: Connection reset by peer
2026-03-27 21:20:29.433 UTC [10995] LOG:  could not receive data from client: Connection reset by peer
2026-03-27 21:28:57.973 UTC [11192] LOG:  could not receive data from client: Connection reset by peer
2026-03-27 21:29:41.974 UTC [11208] LOG:  could not receive data from client: Connection reset by peer
2026-03-27 21:30:54.719 UTC [11246] LOG:  could not receive data from client: Connection reset by peer
2026-03-27 21:36:43.547 UTC [11383] LOG:  could not receive data from client: Connection reset by peer
2026-03-27 21:44:58.669 UTC [11575] LOG:  could not receive data from client: Connection reset by peer
2026-03-27 21:52:28.169 UTC [11758] LOG:  could not receive data from client: Connection reset by peer
2026-03-27 22:02:53.858 UTC [12007] LOG:  could not receive data from client: Connection reset by peer
2026-03-27 22:11:09.685 UTC [12207] LOG:  could not receive data from client: Connection reset by peer
2026-03-27 22:21:06.247 UTC [12445] LOG:  could not receive data from client: Connection reset by peer
2026-03-27 22:22:47.863 UTC [12482] LOG:  could not receive data from client: Connection reset by peer
2026-03-27 22:27:39.398 UTC [12600] LOG:  could not receive data from client: Connection reset by peer
2026-03-27 22:39:59.155 UTC [12890] LOG:  could not receive data from client: Connection reset by peer
2026-03-27 22:53:32.968 UTC [13217] LOG:  could not receive data from client: Connection reset by peer
2026-03-27 22:54:01.925 UTC [13229] LOG:  could not receive data from client: Connection reset by peer
2026-03-27 23:00:35.078 UTC [13393] LOG:  could not receive data from client: Connection reset by peer
2026-03-27 23:14:39.735 UTC [13720] LOG:  could not receive data from client: Connection reset by peer
2026-03-27 23:20:29.470 UTC [13868] LOG:  could not receive data from client: Connection reset by peer
2026-03-27 23:20:44.436 UTC [13875] LOG:  could not receive data from client: Connection reset by peer
2026-03-27 23:21:43.063 UTC [13897] LOG:  could not receive data from client: Connection reset by peer
2026-03-27 23:38:40.044 UTC [14295] LOG:  could not receive data from client: Connection reset by peer
2026-03-27 23:41:48.614 UTC [14376] LOG:  could not receive data from client: Connection reset by peer
2026-03-27 23:49:35.047 UTC [14555] LOG:  could not receive data from client: Connection reset by peer
2026-03-27 23:51:31.326 UTC [14609] LOG:  could not receive data from client: Connection reset by peer
2026-03-27 23:55:53.198 UTC [14714] LOG:  could not receive data from client: Connection reset by peer
2026-03-27 23:58:33.038 UTC [14773] LOG:  could not receive data from client: Connection reset by peer
