2026-04-08 00:16:08.968 UTC [11012] LOG:  could not receive data from client: Connection reset by peer
2026-04-08 00:35:06.736 UTC [11468] LOG:  could not receive data from client: Connection reset by peer
2026-04-08 00:38:16.378 UTC [11537] LOG:  could not receive data from client: Connection reset by peer
2026-04-08 00:47:05.362 UTC [11748] LOG:  could not receive data from client: Connection reset by peer
2026-04-08 00:50:58.394 UTC [11843] LOG:  could not receive data from client: Connection reset by peer
2026-04-08 00:58:45.615 UTC [12022] LOG:  could not receive data from client: Connection reset by peer
2026-04-08 00:59:15.014 UTC [12034] LOG:  could not receive data from client: Connection reset by peer
2026-04-08 01:08:43.881 UTC [12262] LOG:  could not receive data from client: Connection reset by peer
2026-04-08 01:12:37.451 UTC [12358] LOG:  could not receive data from client: Connection reset by peer
2026-04-08 01:13:50.462 UTC [12386] LOG:  could not receive data from client: Connection reset by peer
2026-04-08 01:18:42.194 UTC [12502] LOG:  could not receive data from client: Connection reset by peer
2026-04-08 01:19:11.454 UTC [12514] LOG:  could not receive data from client: Connection reset by peer
2026-04-08 01:30:08.584 UTC [12784] LOG:  could not receive data from client: Connection reset by peer
2026-04-08 01:31:21.661 UTC [12812] LOG:  could not receive data from client: Connection reset by peer
2026-04-08 01:35:58.886 UTC [12925] LOG:  could not receive data from client: Connection reset by peer
2026-04-08 01:42:32.014 UTC [13078] LOG:  could not receive data from client: Connection reset by peer
2026-04-08 01:49:50.137 UTC [13246] LOG:  could not receive data from client: Connection reset by peer
2026-04-08 01:57:07.851 UTC [13427] LOG:  could not receive data from client: Connection reset by peer
2026-04-08 02:01:01.696 UTC [13523] LOG:  could not receive data from client: Connection reset by peer
2026-04-08 02:04:55.682 UTC [13608] LOG:  could not receive data from client: Connection reset by peer
2026-04-08 02:07:51.370 UTC [13681] LOG:  could not receive data from client: Connection reset by peer
2026-04-08 02:09:33.602 UTC [13719] LOG:  could not receive data from client: Connection reset by peer
2026-04-08 02:10:32.267 UTC [13752] LOG:  could not receive data from client: Connection reset by peer
2026-04-08 02:12:00.277 UTC [13785] LOG:  could not receive data from client: Connection reset by peer
2026-04-08 02:13:42.082 UTC [13823] LOG:  could not receive data from client: Connection reset by peer
2026-04-08 02:19:03.127 UTC [13951] LOG:  could not receive data from client: Connection reset by peer
2026-04-08 02:20:01.579 UTC [13973] LOG:  could not receive data from client: Connection reset by peer
2026-04-08 02:26:20.666 UTC [14130] LOG:  could not receive data from client: Connection reset by peer
2026-04-08 02:34:20.925 UTC [14317] LOG:  could not receive data from client: Connection reset by peer
2026-04-08 02:37:15.632 UTC [14393] LOG:  could not receive data from client: Connection reset by peer
2026-04-08 02:40:11.176 UTC [14469] LOG:  could not receive data from client: Connection reset by peer
2026-04-08 02:46:45.156 UTC [14623] LOG:  could not receive data from client: Connection reset by peer
2026-04-08 02:52:06.533 UTC [14753] LOG:  could not receive data from client: Connection reset by peer
2026-04-08 02:55:44.728 UTC [14842] LOG:  could not receive data from client: Connection reset by peer
2026-04-08 02:56:28.512 UTC [14859] LOG:  could not receive data from client: Connection reset by peer
2026-04-08 02:59:08.939 UTC [14919] LOG:  could not receive data from client: Connection reset by peer
2026-04-08 03:05:58.206 UTC [15090] LOG:  could not receive data from client: Connection reset by peer
2026-04-08 03:07:11.633 UTC [15117] LOG:  could not receive data from client: Connection reset by peer
2026-04-08 03:15:13.571 UTC [15312] LOG:  could not receive data from client: Connection reset by peer
2026-04-08 03:16:12.112 UTC [15335] LOG:  could not receive data from client: Connection reset by peer
2026-04-08 03:27:51.687 UTC [15611] LOG:  could not receive data from client: Connection reset by peer
2026-04-08 03:31:16.532 UTC [15698] LOG:  could not receive data from client: Connection reset by peer
2026-04-08 03:32:00.166 UTC [15715] LOG:  could not receive data from client: Connection reset by peer
2026-04-08 03:40:16.008 UTC [15917] LOG:  could not receive data from client: Connection reset by peer
2026-04-08 03:50:28.668 UTC [16160] LOG:  could not receive data from client: Connection reset by peer
2026-04-08 03:57:01.064 UTC [16315] LOG:  could not receive data from client: Connection reset by peer
2026-04-08 03:58:43.227 UTC [16352] LOG:  could not receive data from client: Connection reset by peer
2026-04-08 03:59:41.791 UTC [16374] LOG:  could not receive data from client: Connection reset by peer
2026-04-08 04:00:40.192 UTC [16406] LOG:  could not receive data from client: Connection reset by peer
2026-04-08 04:08:13.207 UTC [16583] LOG:  could not receive data from client: Connection reset by peer
2026-04-08 04:08:27.867 UTC [16589] LOG:  could not receive data from client: Connection reset by peer
2026-04-08 04:09:11.824 UTC [16606] LOG:  could not receive data from client: Connection reset by peer
2026-04-08 04:11:38.119 UTC [16672] LOG:  could not receive data from client: Connection reset by peer
2026-04-08 04:12:51.038 UTC [16699] LOG:  could not receive data from client: Connection reset by peer
2026-04-08 04:24:47.385 UTC [16983] LOG:  could not receive data from client: Connection reset by peer
2026-04-08 04:37:39.536 UTC [17296] LOG:  could not receive data from client: Connection reset by peer
2026-04-08 04:41:21.494 UTC [17381] LOG:  could not receive data from client: Connection reset by peer
2026-04-08 04:47:33.393 UTC [17526] LOG:  could not receive data from client: Connection reset by peer
2026-04-08 04:48:17.952 UTC [17543] LOG:  could not receive data from client: Connection reset by peer
2026-04-08 04:51:31.177 UTC [17623] LOG:  could not receive data from client: Connection reset by peer
2026-04-08 05:08:02.291 UTC [18008] LOG:  could not receive data from client: Connection reset by peer
2026-04-08 05:12:57.830 UTC [18123] LOG:  could not receive data from client: Connection reset by peer
2026-04-08 05:17:08.764 UTC [18224] LOG:  could not receive data from client: Connection reset by peer
2026-04-08 05:29:11.549 UTC [18503] LOG:  could not receive data from client: Connection reset by peer
2026-04-08 05:29:41.081 UTC [18514] LOG:  could not receive data from client: Connection reset by peer
2026-04-08 05:33:37.321 UTC [18609] LOG:  could not receive data from client: Connection reset by peer
2026-04-08 05:38:17.510 UTC [18720] LOG:  could not receive data from client: Connection reset by peer
2026-04-08 05:42:14.033 UTC [18815] LOG:  could not receive data from client: Connection reset by peer
2026-04-08 05:45:41.595 UTC [18899] LOG:  could not receive data from client: Connection reset by peer
2026-04-08 05:49:08.696 UTC [18975] LOG:  could not receive data from client: Connection reset by peer
2026-04-08 05:52:20.097 UTC [19054] LOG:  could not receive data from client: Connection reset by peer
2026-04-08 05:56:02.513 UTC [19145] LOG:  could not receive data from client: Connection reset by peer
2026-04-08 05:56:32.339 UTC [19156] LOG:  could not receive data from client: Connection reset by peer
2026-04-08 06:11:49.357 UTC [19517] LOG:  could not receive data from client: Connection reset by peer
2026-04-08 06:17:44.587 UTC [19656] LOG:  could not receive data from client: Connection reset by peer
2026-04-08 06:23:39.515 UTC [19794] LOG:  could not receive data from client: Connection reset by peer
2026-04-08 06:26:06.154 UTC [19858] LOG:  could not receive data from client: Connection reset by peer
2026-04-08 06:28:33.847 UTC [19911] LOG:  could not receive data from client: Connection reset by peer
2026-04-08 06:29:33.127 UTC [19933] LOG:  could not receive data from client: Connection reset by peer
2026-04-08 06:35:43.479 UTC [20088] LOG:  could not receive data from client: Connection reset by peer
2026-04-08 06:36:13.016 UTC [20100] LOG:  could not receive data from client: Connection reset by peer
2026-04-08 06:37:26.556 UTC [20127] LOG:  could not receive data from client: Connection reset by peer
2026-04-08 06:53:56.094 UTC [20514] LOG:  could not receive data from client: Connection reset by peer
2026-04-08 06:55:09.787 UTC [20542] LOG:  could not receive data from client: Connection reset by peer
2026-04-08 07:01:48.863 UTC [20704] LOG:  could not receive data from client: Connection reset by peer
2026-04-08 07:08:42.799 UTC [20862] LOG:  could not receive data from client: Connection reset by peer
2026-04-08 07:25:11.868 UTC [21247] LOG:  could not receive data from client: Connection reset by peer
2026-04-08 07:25:26.816 UTC [21263] LOG:  could not receive data from client: Connection reset by peer
2026-04-08 07:31:51.105 UTC [21413] LOG:  could not receive data from client: Connection reset by peer
2026-04-08 07:31:51.105 UTC [21413] LOG:  unexpected EOF on client connection with an open transaction
2026-04-08 07:33:19.996 UTC [21446] LOG:  could not receive data from client: Connection reset by peer
2026-04-08 07:38:30.032 UTC [21568] LOG:  could not receive data from client: Connection reset by peer
2026-04-08 07:38:44.935 UTC [21574] LOG:  could not receive data from client: Connection reset by peer
2026-04-08 07:40:28.887 UTC [21622] LOG:  could not receive data from client: Connection reset by peer
2026-04-08 07:43:25.828 UTC [21686] LOG:  could not receive data from client: Connection reset by peer
2026-04-08 07:44:54.544 UTC [21719] LOG:  could not receive data from client: Connection reset by peer
2026-04-08 07:46:37.699 UTC [21767] LOG:  could not receive data from client: Connection reset by peer
2026-04-08 07:59:40.868 UTC [22071] LOG:  could not receive data from client: Connection reset by peer
2026-04-08 08:14:11.830 UTC [22414] LOG:  could not receive data from client: Connection reset by peer
2026-04-08 08:15:25.460 UTC [22452] LOG:  could not receive data from client: Connection reset by peer
2026-04-08 08:18:52.689 UTC [22527] LOG:  could not receive data from client: Connection reset by peer
2026-04-08 08:23:04.300 UTC [22627] LOG:  could not receive data from client: Connection reset by peer
2026-04-08 08:27:00.466 UTC [22722] LOG:  could not receive data from client: Connection reset by peer
2026-04-08 08:46:56.967 UTC [23193] LOG:  could not receive data from client: Connection reset by peer
2026-04-08 08:48:40.541 UTC [23231] LOG:  could not receive data from client: Connection reset by peer
2026-04-08 08:52:37.600 UTC [23327] LOG:  could not receive data from client: Connection reset by peer
2026-04-08 09:01:14.321 UTC [23533] LOG:  could not receive data from client: Connection reset by peer
2026-04-08 09:03:56.757 UTC [23591] LOG:  could not receive data from client: Connection reset by peer
2026-04-08 09:23:42.632 UTC [24056] LOG:  could not receive data from client: Connection reset by peer
2026-04-08 09:29:51.475 UTC [24198] LOG:  could not receive data from client: Connection reset by peer
2026-04-08 09:30:50.841 UTC [24231] LOG:  could not receive data from client: Connection reset by peer
2026-04-08 09:40:56.736 UTC [24469] LOG:  could not receive data from client: Connection reset by peer
2026-04-08 09:42:55.825 UTC [24515] LOG:  could not receive data from client: Connection reset by peer
2026-04-08 09:55:30.661 UTC [24816] LOG:  could not receive data from client: Connection reset by peer
2026-04-08 09:56:59.453 UTC [24849] LOG:  could not receive data from client: Connection reset by peer
2026-04-08 09:57:44.012 UTC [24866] LOG:  could not receive data from client: Connection reset by peer
2026-04-08 09:58:14.024 UTC [24878] LOG:  could not receive data from client: Connection reset by peer
2026-04-08 10:06:21.867 UTC [25074] LOG:  could not receive data from client: Connection reset by peer
2026-04-08 10:11:02.605 UTC [25185] LOG:  could not receive data from client: Connection reset by peer
2026-04-08 10:13:00.641 UTC [25228] LOG:  could not receive data from client: Connection reset by peer
2026-04-08 10:15:28.564 UTC [25283] LOG:  could not receive data from client: Connection reset by peer
2026-04-08 10:19:24.730 UTC [25379] LOG:  could not receive data from client: Connection reset by peer
2026-04-08 10:20:53.838 UTC [25422] LOG:  could not receive data from client: Connection reset by peer
2026-04-08 10:22:07.902 UTC [25449] LOG:  could not receive data from client: Connection reset by peer
2026-04-08 10:42:05.409 UTC [25918] LOG:  could not receive data from client: Connection reset by peer
2026-04-08 10:45:32.800 UTC [26005] LOG:  could not receive data from client: Connection reset by peer
2026-04-08 10:49:28.342 UTC [26090] LOG:  could not receive data from client: Connection reset by peer
2026-04-08 10:49:57.950 UTC [26101] LOG:  could not receive data from client: Connection reset by peer
2026-04-08 10:50:12.949 UTC [26107] LOG:  could not receive data from client: Connection reset by peer
2026-04-08 10:51:12.260 UTC [26139] LOG:  could not receive data from client: Connection reset by peer
2026-04-08 10:57:06.923 UTC [26278] LOG:  could not receive data from client: Connection reset by peer
2026-04-08 10:57:22.053 UTC [26286] LOG:  could not receive data from client: Connection reset by peer
2026-04-08 11:09:40.323 UTC [26571] LOG:  could not receive data from client: Connection reset by peer
2026-04-08 11:12:53.468 UTC [26650] LOG:  could not receive data from client: Connection reset by peer
2026-04-08 11:27:41.320 UTC [27000] LOG:  could not receive data from client: Connection reset by peer
2026-04-08 11:32:21.696 UTC [27113] LOG:  could not receive data from client: Connection reset by peer
2026-04-08 11:33:21.591 UTC [27136] LOG:  could not receive data from client: Connection reset by peer
2026-04-08 11:37:02.764 UTC [27228] LOG:  could not receive data from client: Connection reset by peer
2026-04-08 11:45:39.740 UTC [27433] LOG:  could not receive data from client: Connection reset by peer
2026-04-08 11:45:54.566 UTC [27439] LOG:  could not receive data from client: Connection reset by peer
2026-04-08 11:46:09.532 UTC [27445] LOG:  could not receive data from client: Connection reset by peer
2026-04-08 11:49:22.039 UTC [27516] LOG:  could not receive data from client: Connection reset by peer
2026-04-08 11:49:36.859 UTC [27522] LOG:  could not receive data from client: Connection reset by peer
2026-04-08 11:54:03.499 UTC [27627] LOG:  could not receive data from client: Connection reset by peer
2026-04-08 11:57:01.386 UTC [27702] LOG:  could not receive data from client: Connection reset by peer
2026-04-08 11:57:01.386 UTC [27702] LOG:  unexpected EOF on client connection with an open transaction
2026-04-08 11:58:30.105 UTC [27735] LOG:  could not receive data from client: Connection reset by peer
2026-04-08 12:01:57.459 UTC [27819] LOG:  could not receive data from client: Connection reset by peer
2026-04-08 12:05:20.905 UTC [1] LOG:  received fast shutdown request
2026-04-08 12:05:23.119 UTC [1] LOG:  aborting any active transactions
2026-04-08 12:05:23.542 UTC [1] LOG:  background worker "logical replication launcher" (PID 55) exited with exit code 1
2026-04-08 12:05:23.951 UTC [50] LOG:  shutting down
2026-04-08 12:05:29.721 UTC [1] LOG:  database system is shut down
