2026-01-16 10:03:53.651 UTC [1] LOG:  starting PostgreSQL 14.17 (Debian 14.17-1.pgdg120+1) on x86_64-pc-linux-gnu, compiled by gcc (Debian 12.2.0-14) 12.2.0, 64-bit
2026-01-16 10:03:53.652 UTC [1] LOG:  listening on IPv4 address "0.0.0.0", port 5432
2026-01-16 10:03:53.652 UTC [1] LOG:  listening on IPv6 address "::", port 5432
2026-01-16 10:03:54.212 UTC [1] LOG:  listening on Unix socket "/var/run/postgresql/.s.PGSQL.5432"
2026-01-16 10:03:54.640 UTC [28] LOG:  database system was interrupted; last known up at 2026-01-16 09:47:27 UTC
[2026-01-16T10:03:54Z INFO  service::utils::clean] Find directory "pg_vectors/indexes/17576".
[2026-01-16T10:03:54Z INFO  service::utils::clean] Find directory "pg_vectors/indexes/17332".
[2026-01-16T10:03:54Z INFO  service::utils::clean] Find directory "pg_vectors/indexes/17576/segments/8587a0c8-8786-4fee-a66b-117b254a0678".
[2026-01-16T10:03:55Z INFO  service::utils::clean] Find directory "pg_vectors/indexes/17332/segments/a2b3c4a6-8223-41fe-a99f-c47b7f1b8a1c".
2026-01-16 10:04:18.603 UTC [49] FATAL:  the database system is starting up
2026-01-16 10:04:43.364 UTC [50] FATAL:  the database system is starting up
2026-01-16 10:04:46.306 UTC [28] LOG:  database system was not properly shut down; automatic recovery in progress
2026-01-16 10:04:46.317 UTC [28] LOG:  redo starts at 0/9043B8F8
2026-01-16 10:04:46.317 UTC [28] LOG:  invalid record length at 0/9043B9E0: wanted 24, got 0
2026-01-16 10:04:46.317 UTC [28] LOG:  redo done at 0/9043B9A8 system usage: CPU: user: 0.00 s, system: 0.00 s, elapsed: 0.00 s
2026-01-16 10:04:46.423 UTC [1] LOG:  database system is ready to accept connections
2026-01-16 14:00:25.227 UTC [4140] LOG:  could not receive data from client: Connection reset by peer
2026-01-16 14:00:25.227 UTC [4140] LOG:  unexpected EOF on client connection with an open transaction
2026-01-16 17:03:21.038 UTC [7302] LOG:  could not receive data from client: Connection reset by peer
2026-01-16 20:07:03.518 UTC [10489] LOG:  could not receive data from client: Connection reset by peer
2026-01-16 20:49:39.299 UTC [11216] LOG:  could not receive data from client: Connection reset by peer
2026-01-16 23:40:19.378 UTC [14136] LOG:  could not receive data from client: Connection reset by peer
