2026-06-14 00:01:10.649 UTC [172435] LOG:  could not receive data from client: Connection reset by peer
2026-06-14 00:02:25.246 UTC [172473] LOG:  could not receive data from client: Connection reset by peer
2026-06-14 00:04:09.059 UTC [172511] LOG:  could not receive data from client: Connection reset by peer
2026-06-14 00:09:04.493 UTC [172626] LOG:  could not receive data from client: Connection reset by peer
2026-06-14 00:24:53.181 UTC [172997] LOG:  could not receive data from client: Connection reset by peer
2026-06-14 00:36:00.477 UTC [173255] LOG:  could not receive data from client: Connection reset by peer
2026-06-14 00:38:43.630 UTC [173324] LOG:  could not receive data from client: Connection reset by peer
2026-06-14 00:40:13.135 UTC [173357] LOG:  could not receive data from client: Connection reset by peer
2026-06-14 00:40:27.983 UTC [173363] LOG:  could not receive data from client: Connection reset by peer
2026-06-14 00:50:22.404 UTC [173599] LOG:  could not receive data from client: Connection reset by peer
2026-06-14 00:53:05.746 UTC [173668] LOG:  could not receive data from client: Connection reset by peer
2026-06-14 00:58:31.865 UTC [173797] LOG:  could not receive data from client: Connection reset by peer
2026-06-14 01:02:29.625 UTC [173893] LOG:  could not receive data from client: Connection reset by peer
2026-06-14 01:04:58.262 UTC [173947] LOG:  could not receive data from client: Connection reset by peer
2026-06-14 01:09:10.498 UTC [174047] LOG:  could not receive data from client: Connection reset by peer
2026-06-14 01:25:29.628 UTC [174428] LOG:  could not receive data from client: Connection reset by peer
2026-06-14 01:27:13.487 UTC [174476] LOG:  could not receive data from client: Connection reset by peer
2026-06-14 01:33:39.139 UTC [174623] LOG:  could not receive data from client: Connection reset by peer
2026-06-14 01:35:08.453 UTC [174655] LOG:  could not receive data from client: Connection reset by peer
2026-06-14 01:41:19.603 UTC [174801] LOG:  could not receive data from client: Connection reset by peer
2026-06-14 01:42:18.845 UTC [174833] LOG:  could not receive data from client: Connection reset by peer
2026-06-14 01:46:31.435 UTC [174927] LOG:  could not receive data from client: Connection reset by peer
2026-06-14 01:53:54.937 UTC [175107] LOG:  could not receive data from client: Connection reset by peer
2026-06-14 01:57:51.419 UTC [175202] LOG:  could not receive data from client: Connection reset by peer
2026-06-14 01:59:20.583 UTC [175235] LOG:  could not receive data from client: Connection reset by peer
2026-06-14 02:02:49.765 UTC [175322] LOG:  could not receive data from client: Connection reset by peer
2026-06-14 02:10:59.066 UTC [175507] LOG:  could not receive data from client: Connection reset by peer
2026-06-14 02:26:33.999 UTC [175872] LOG:  could not receive data from client: Connection reset by peer
2026-06-14 02:27:48.154 UTC [175909] LOG:  could not receive data from client: Connection reset by peer
2026-06-14 02:28:32.728 UTC [175927] LOG:  could not receive data from client: Connection reset by peer
2026-06-14 02:33:13.689 UTC [176037] LOG:  could not receive data from client: Connection reset by peer
2026-06-14 02:35:43.018 UTC [176092] LOG:  could not receive data from client: Connection reset by peer
2026-06-14 02:36:12.787 UTC [176103] LOG:  could not receive data from client: Connection reset by peer
2026-06-14 02:41:39.300 UTC [176230] LOG:  could not receive data from client: Connection reset by peer
2026-06-14 02:45:08.256 UTC [176315] LOG:  could not receive data from client: Connection reset by peer
2026-06-14 02:48:16.982 UTC [176340] LOG:  could not receive data from client: Connection reset by peer
2026-06-14 02:52:31.440 UTC [176441] LOG:  could not receive data from client: Connection reset by peer
2026-06-14 02:56:16.102 UTC [176521] LOG:  could not receive data from client: Connection reset by peer
2026-06-14 03:01:58.702 UTC [176652] LOG:  could not receive data from client: Connection reset by peer
2026-06-14 03:15:49.303 UTC [176980] LOG:  could not receive data from client: Connection reset by peer
2026-06-14 03:16:18.973 UTC [176993] LOG:  could not receive data from client: Connection reset by peer
2026-06-14 03:19:32.434 UTC [177072] LOG:  could not receive data from client: Connection reset by peer
2026-06-14 03:29:12.280 UTC [177299] LOG:  could not receive data from client: Connection reset by peer
2026-06-14 03:36:53.798 UTC [177475] LOG:  could not receive data from client: Connection reset by peer
2026-06-14 03:41:50.308 UTC [177592] LOG:  could not receive data from client: Connection reset by peer
2026-06-14 03:46:02.887 UTC [177692] LOG:  could not receive data from client: Connection reset by peer
2026-06-14 03:56:40.123 UTC [177939] LOG:  could not receive data from client: Connection reset by peer
2026-06-14 04:06:33.935 UTC [178170] LOG:  could not receive data from client: Connection reset by peer
2026-06-14 04:10:31.161 UTC [178268] LOG:  could not receive data from client: Connection reset by peer
2026-06-14 04:14:44.586 UTC [178369] LOG:  could not receive data from client: Connection reset by peer
2026-06-14 04:17:43.376 UTC [178443] LOG:  could not receive data from client: Connection reset by peer
2026-06-14 04:24:55.744 UTC [178611] LOG:  could not receive data from client: Connection reset by peer
2026-06-14 04:26:39.795 UTC [178649] LOG:  could not receive data from client: Connection reset by peer
2026-06-14 04:32:06.397 UTC [178778] LOG:  could not receive data from client: Connection reset by peer
2026-06-14 04:33:06.235 UTC [178810] LOG:  could not receive data from client: Connection reset by peer
2026-06-14 04:38:03.606 UTC [178927] LOG:  could not receive data from client: Connection reset by peer
2026-06-14 04:39:02.925 UTC [178949] LOG:  could not receive data from client: Connection reset by peer
2026-06-14 04:41:47.006 UTC [179008] LOG:  could not receive data from client: Connection reset by peer
2026-06-14 04:57:54.406 UTC [179396] LOG:  could not receive data from client: Connection reset by peer
2026-06-14 05:03:06.755 UTC [179519] LOG:  could not receive data from client: Connection reset by peer
2026-06-14 05:05:20.765 UTC [179567] LOG:  could not receive data from client: Connection reset by peer
2026-06-14 05:05:35.873 UTC [179574] LOG:  could not receive data from client: Connection reset by peer
2026-06-14 05:11:03.193 UTC [179700] LOG:  could not receive data from client: Connection reset by peer
2026-06-14 05:12:32.420 UTC [179743] LOG:  could not receive data from client: Connection reset by peer
2026-06-14 05:14:01.837 UTC [179775] LOG:  could not receive data from client: Connection reset by peer
2026-06-14 05:16:00.978 UTC [179821] LOG:  could not receive data from client: Connection reset by peer
2026-06-14 05:16:16.004 UTC [179827] LOG:  could not receive data from client: Connection reset by peer
2026-06-14 05:21:13.248 UTC [179943] LOG:  could not receive data from client: Connection reset by peer
2026-06-14 05:30:07.069 UTC [180156] LOG:  could not receive data from client: Connection reset by peer
2026-06-14 05:31:37.187 UTC [180189] LOG:  could not receive data from client: Connection reset by peer
2026-06-14 05:35:49.422 UTC [180289] LOG:  could not receive data from client: Connection reset by peer
2026-06-14 05:36:34.174 UTC [180307] LOG:  could not receive data from client: Connection reset by peer
2026-06-14 05:37:47.966 UTC [180344] LOG:  could not receive data from client: Connection reset by peer
2026-06-14 05:49:53.511 UTC [180622] LOG:  could not receive data from client: Connection reset by peer
2026-06-14 05:50:08.392 UTC [180628] LOG:  could not receive data from client: Connection reset by peer
2026-06-14 05:51:37.984 UTC [180661] LOG:  could not receive data from client: Connection reset by peer
2026-06-14 05:57:04.318 UTC [180789] LOG:  could not receive data from client: Connection reset by peer
2026-06-14 06:00:47.400 UTC [180881] LOG:  could not receive data from client: Connection reset by peer
2026-06-14 06:04:44.642 UTC [180976] LOG:  could not receive data from client: Connection reset by peer
2026-06-14 06:05:44.542 UTC [180998] LOG:  could not receive data from client: Connection reset by peer
2026-06-14 06:09:27.595 UTC [181090] LOG:  could not receive data from client: Connection reset by peer
2026-06-14 06:13:41.643 UTC [181191] LOG:  could not receive data from client: Connection reset by peer
2026-06-14 06:17:09.127 UTC [181266] LOG:  could not receive data from client: Connection reset by peer
2026-06-14 06:23:09.424 UTC [181416] LOG:  could not receive data from client: Connection reset by peer
2026-06-14 06:23:39.299 UTC [181428] LOG:  could not receive data from client: Connection reset by peer
2026-06-14 06:35:45.314 UTC [181712] LOG:  could not receive data from client: Connection reset by peer
2026-06-14 06:36:59.728 UTC [181739] LOG:  could not receive data from client: Connection reset by peer
2026-06-14 06:38:28.685 UTC [181782] LOG:  could not receive data from client: Connection reset by peer
2026-06-14 06:48:08.915 UTC [182011] LOG:  could not receive data from client: Connection reset by peer
2026-06-14 06:53:20.495 UTC [182133] LOG:  could not receive data from client: Connection reset by peer
2026-06-14 06:55:04.269 UTC [182171] LOG:  could not receive data from client: Connection reset by peer
2026-06-14 06:56:03.912 UTC [182193] LOG:  could not receive data from client: Connection reset by peer
2026-06-14 06:59:02.300 UTC [182266] LOG:  could not receive data from client: Connection reset by peer
2026-06-14 07:03:14.720 UTC [182368] LOG:  could not receive data from client: Connection reset by peer
2026-06-14 07:15:21.577 UTC [182648] LOG:  could not receive data from client: Connection reset by peer
2026-06-14 07:27:31.061 UTC [182927] LOG:  could not receive data from client: Connection reset by peer
2026-06-14 07:27:46.127 UTC [182943] LOG:  could not receive data from client: Connection reset by peer
2026-06-14 07:29:00.385 UTC [182970] LOG:  could not receive data from client: Connection reset by peer
2026-06-14 07:35:40.560 UTC [183124] LOG:  could not receive data from client: Connection reset by peer
2026-06-14 07:36:10.670 UTC [183135] LOG:  could not receive data from client: Connection reset by peer
2026-06-14 07:46:05.565 UTC [183367] LOG:  could not receive data from client: Connection reset by peer
2026-06-14 07:47:49.915 UTC [183415] LOG:  could not receive data from client: Connection reset by peer
2026-06-14 07:54:45.307 UTC [183575] LOG:  could not receive data from client: Connection reset by peer
2026-06-14 08:02:11.700 UTC [183745] LOG:  could not receive data from client: Connection reset by peer
2026-06-14 08:08:23.017 UTC [183898] LOG:  could not receive data from client: Connection reset by peer
2026-06-14 08:13:06.211 UTC [184011] LOG:  could not receive data from client: Connection reset by peer
2026-06-14 08:14:20.470 UTC [184038] LOG:  could not receive data from client: Connection reset by peer
2026-06-14 08:15:34.657 UTC [184066] LOG:  could not receive data from client: Connection reset by peer
2026-06-14 08:17:04.118 UTC [184098] LOG:  could not receive data from client: Connection reset by peer
2026-06-14 08:22:16.664 UTC [184220] LOG:  could not receive data from client: Connection reset by peer
2026-06-14 08:25:59.750 UTC [184311] LOG:  could not receive data from client: Connection reset by peer
2026-06-14 08:29:57.710 UTC [184407] LOG:  could not receive data from client: Connection reset by peer
2026-06-14 08:31:27.090 UTC [184439] LOG:  could not receive data from client: Connection reset by peer
2026-06-14 08:32:26.638 UTC [184461] LOG:  could not receive data from client: Connection reset by peer
2026-06-14 08:36:10.615 UTC [184553] LOG:  could not receive data from client: Connection reset by peer
2026-06-14 08:41:07.544 UTC [184669] LOG:  could not receive data from client: Connection reset by peer
2026-06-14 08:56:11.485 UTC [185025] LOG:  could not receive data from client: Connection reset by peer
2026-06-14 09:05:52.966 UTC [185254] LOG:  could not receive data from client: Connection reset by peer
2026-06-14 09:09:20.559 UTC [185338] LOG:  could not receive data from client: Connection reset by peer
2026-06-14 09:16:46.828 UTC [185508] LOG:  could not receive data from client: Connection reset by peer
2026-06-14 09:19:01.734 UTC [185567] LOG:  could not receive data from client: Connection reset by peer
2026-06-14 09:28:55.757 UTC [185799] LOG:  could not receive data from client: Connection reset by peer
2026-06-14 09:30:09.914 UTC [185826] LOG:  could not receive data from client: Connection reset by peer
2026-06-14 09:50:13.091 UTC [186294] LOG:  could not receive data from client: Connection reset by peer
2026-06-14 09:55:25.065 UTC [186415] LOG:  could not receive data from client: Connection reset by peer
2026-06-14 09:55:55.373 UTC [186427] LOG:  could not receive data from client: Connection reset by peer
2026-06-14 10:08:49.423 UTC [186733] LOG:  could not receive data from client: Connection reset by peer
2026-06-14 10:19:28.699 UTC [186980] LOG:  could not receive data from client: Connection reset by peer
2026-06-14 10:25:10.518 UTC [187113] LOG:  could not receive data from client: Connection reset by peer
2026-06-14 10:27:25.925 UTC [187165] LOG:  could not receive data from client: Connection reset by peer
2026-06-14 10:32:37.082 UTC [187286] LOG:  could not receive data from client: Connection reset by peer
2026-06-14 10:33:36.100 UTC [187318] LOG:  could not receive data from client: Connection reset by peer
2026-06-14 10:37:48.128 UTC [187419] LOG:  could not receive data from client: Connection reset by peer
2026-06-14 10:46:14.399 UTC [187614] LOG:  could not receive data from client: Connection reset by peer
2026-06-14 10:51:56.384 UTC [187747] LOG:  could not receive data from client: Connection reset by peer
2026-06-14 10:53:55.185 UTC [187802] LOG:  could not receive data from client: Connection reset by peer
2026-06-14 10:54:39.867 UTC [187819] LOG:  could not receive data from client: Connection reset by peer
2026-06-14 10:56:54.098 UTC [187868] LOG:  could not receive data from client: Connection reset by peer
2026-06-14 10:58:23.172 UTC [187910] LOG:  could not receive data from client: Connection reset by peer
2026-06-14 11:01:06.810 UTC [187969] LOG:  could not receive data from client: Connection reset by peer
2026-06-14 11:10:15.816 UTC [188185] LOG:  could not receive data from client: Connection reset by peer
2026-06-14 11:12:45.162 UTC [188239] LOG:  could not receive data from client: Connection reset by peer
2026-06-14 11:13:44.820 UTC [188272] LOG:  could not receive data from client: Connection reset by peer
2026-06-14 11:15:14.448 UTC [188305] LOG:  could not receive data from client: Connection reset by peer
2026-06-14 11:17:13.803 UTC [188348] LOG:  could not receive data from client: Connection reset by peer
2026-06-14 11:19:42.769 UTC [188412] LOG:  could not receive data from client: Connection reset by peer
2026-06-14 11:34:04.672 UTC [188751] LOG:  could not receive data from client: Connection reset by peer
2026-06-14 11:35:04.102 UTC [188773] LOG:  could not receive data from client: Connection reset by peer
2026-06-14 11:43:46.387 UTC [188980] LOG:  could not receive data from client: Connection reset by peer
2026-06-14 11:48:14.941 UTC [189087] LOG:  could not receive data from client: Connection reset by peer
2026-06-14 11:53:43.022 UTC [189215] LOG:  could not receive data from client: Connection reset by peer
2026-06-14 11:53:58.062 UTC [189221] LOG:  could not receive data from client: Connection reset by peer
2026-06-14 11:54:43.208 UTC [189238] LOG:  could not receive data from client: Connection reset by peer
2026-06-14 11:59:43.114 UTC [189355] LOG:  could not receive data from client: Connection reset by peer
2026-06-14 12:02:40.976 UTC [189418] LOG:  could not receive data from client: Connection reset by peer
2026-06-14 12:04:25.027 UTC [189466] LOG:  could not receive data from client: Connection reset by peer
2026-06-14 12:06:24.239 UTC [189510] LOG:  could not receive data from client: Connection reset by peer
2026-06-14 12:13:49.710 UTC [189690] LOG:  could not receive data from client: Connection reset by peer
2026-06-14 12:20:01.673 UTC [189833] LOG:  could not receive data from client: Connection reset by peer
2026-06-14 12:20:16.636 UTC [189839] LOG:  could not receive data from client: Connection reset by peer
2026-06-14 12:24:30.123 UTC [189940] LOG:  could not receive data from client: Connection reset by peer
2026-06-14 12:25:44.494 UTC [189968] LOG:  could not receive data from client: Connection reset by peer
2026-06-14 12:31:28.279 UTC [190101] LOG:  could not receive data from client: Connection reset by peer
2026-06-14 12:33:12.778 UTC [190150] LOG:  could not receive data from client: Connection reset by peer
2026-06-14 12:41:38.459 UTC [190341] LOG:  could not receive data from client: Connection reset by peer
2026-06-14 12:49:48.648 UTC [190538] LOG:  could not receive data from client: Connection reset by peer
2026-06-14 12:50:04.038 UTC [190545] LOG:  could not receive data from client: Connection reset by peer
2026-06-14 13:04:39.544 UTC [190887] LOG:  could not receive data from client: Connection reset by peer
2026-06-14 13:15:17.442 UTC [191134] LOG:  could not receive data from client: Connection reset by peer
2026-06-14 13:24:27.480 UTC [191354] LOG:  could not receive data from client: Connection reset by peer
2026-06-14 13:24:57.606 UTC [191366] LOG:  could not receive data from client: Connection reset by peer
2026-06-14 13:31:09.066 UTC [191510] LOG:  could not receive data from client: Connection reset by peer
2026-06-14 13:33:37.966 UTC [191573] LOG:  could not receive data from client: Connection reset by peer
2026-06-14 13:35:51.971 UTC [191623] LOG:  could not receive data from client: Connection reset by peer
2026-06-14 13:38:34.889 UTC [191691] LOG:  could not receive data from client: Connection reset by peer
2026-06-14 13:39:48.900 UTC [191719] LOG:  could not receive data from client: Connection reset by peer
2026-06-14 13:46:15.478 UTC [191866] LOG:  could not receive data from client: Connection reset by peer
2026-06-14 13:55:26.242 UTC [192083] LOG:  could not receive data from client: Connection reset by peer
2026-06-14 13:58:10.498 UTC [192156] LOG:  could not receive data from client: Connection reset by peer
2026-06-14 13:59:54.789 UTC [192194] LOG:  could not receive data from client: Connection reset by peer
2026-06-14 14:04:07.873 UTC [192296] LOG:  unexpected EOF on client connection with an open transaction
2026-06-14 14:05:51.924 UTC [192334] LOG:  could not receive data from client: Connection reset by peer
2026-06-14 14:10:19.978 UTC [192440] LOG:  could not receive data from client: Connection reset by peer
2026-06-14 14:11:04.693 UTC [192458] LOG:  could not receive data from client: Connection reset by peer
2026-06-14 14:17:18.220 UTC [192602] LOG:  could not receive data from client: Connection reset by peer
2026-06-14 14:17:48.296 UTC [192613] LOG:  could not receive data from client: Connection reset by peer
2026-06-14 14:26:27.998 UTC [192819] LOG:  could not receive data from client: Connection reset by peer
2026-06-14 14:27:57.733 UTC [192852] LOG:  could not receive data from client: Connection reset by peer
2026-06-14 14:36:53.257 UTC [193065] LOG:  could not receive data from client: Connection reset by peer
2026-06-14 14:41:20.990 UTC [193170] LOG:  could not receive data from client: Connection reset by peer
2026-06-14 14:49:46.437 UTC [193370] LOG:  could not receive data from client: Connection reset by peer
2026-06-14 14:54:15.159 UTC [193476] LOG:  could not receive data from client: Connection reset by peer
2026-06-14 14:54:59.688 UTC [193493] LOG:  could not receive data from client: Connection reset by peer
2026-06-14 14:58:13.093 UTC [193572] LOG:  could not receive data from client: Connection reset by peer
2026-06-14 15:05:54.838 UTC [193748] LOG:  could not receive data from client: Connection reset by peer
2026-06-14 15:12:22.046 UTC [193897] LOG:  could not receive data from client: Connection reset by peer
2026-06-14 15:16:35.532 UTC [193998] LOG:  could not receive data from client: Connection reset by peer
2026-06-14 15:17:05.412 UTC [194010] LOG:  could not receive data from client: Connection reset by peer
2026-06-14 15:18:05.364 UTC [194042] LOG:  could not receive data from client: Connection reset by peer
2026-06-14 15:20:19.045 UTC [194091] LOG:  could not receive data from client: Connection reset by peer
2026-06-14 15:27:44.449 UTC [194260] LOG:  could not receive data from client: Connection reset by peer
2026-06-14 15:30:12.776 UTC [194325] LOG:  could not receive data from client: Connection reset by peer
2026-06-14 15:32:56.626 UTC [194386] LOG:  could not receive data from client: Connection reset by peer
2026-06-14 15:38:22.197 UTC [194523] LOG:  could not receive data from client: Connection reset by peer
2026-06-14 15:38:37.280 UTC [194529] LOG:  could not receive data from client: Connection reset by peer
2026-06-14 15:44:04.340 UTC [194656] LOG:  could not receive data from client: Connection reset by peer
2026-06-14 15:50:16.489 UTC [194799] LOG:  could not receive data from client: Connection reset by peer
2026-06-14 15:53:14.490 UTC [194874] LOG:  could not receive data from client: Connection reset by peer
2026-06-14 15:53:58.952 UTC [194891] LOG:  could not receive data from client: Connection reset by peer
2026-06-14 15:55:58.139 UTC [194935] LOG:  could not receive data from client: Connection reset by peer
2026-06-14 15:56:28.094 UTC [194946] LOG:  could not receive data from client: Connection reset by peer
2026-06-14 15:57:27.409 UTC [194968] LOG:  could not receive data from client: Connection reset by peer
2026-06-14 16:03:54.101 UTC [195128] LOG:  could not receive data from client: Connection reset by peer
2026-06-14 16:09:51.038 UTC [195265] LOG:  could not receive data from client: Connection reset by peer
2026-06-14 16:11:05.608 UTC [195293] LOG:  could not receive data from client: Connection reset by peer
2026-06-14 16:12:04.987 UTC [195316] LOG:  could not receive data from client: Connection reset by peer
2026-06-14 16:16:33.454 UTC [195421] LOG:  could not receive data from client: Connection reset by peer
2026-06-14 16:23:14.171 UTC [195586] LOG:  could not receive data from client: Connection reset by peer
2026-06-14 16:45:48.060 UTC [196108] LOG:  could not receive data from client: Connection reset by peer
2026-06-14 16:46:03.035 UTC [196115] LOG:  could not receive data from client: Connection reset by peer
2026-06-14 16:48:01.535 UTC [196158] LOG:  could not receive data from client: Connection reset by peer
2026-06-14 16:51:15.041 UTC [196239] LOG:  could not receive data from client: Connection reset by peer
2026-06-14 16:58:11.539 UTC [196410] LOG:  could not receive data from client: Connection reset by peer
2026-06-14 17:00:10.661 UTC [196453] LOG:  could not receive data from client: Connection reset by peer
2026-06-14 17:07:36.440 UTC [196622] LOG:  could not receive data from client: Connection reset by peer
2026-06-14 17:11:48.931 UTC [196722] LOG:  could not receive data from client: Connection reset by peer
2026-06-14 17:20:58.978 UTC [196941] LOG:  could not receive data from client: Connection reset by peer
2026-06-14 17:21:58.411 UTC [196964] LOG:  could not receive data from client: Connection reset by peer
2026-06-14 17:23:28.093 UTC [197006] LOG:  could not receive data from client: Connection reset by peer
2026-06-14 17:32:23.660 UTC [197209] LOG:  could not receive data from client: Connection reset by peer
2026-06-14 17:34:51.483 UTC [197273] LOG:  could not receive data from client: Connection reset by peer
2026-06-14 17:44:16.372 UTC [197497] LOG:  could not receive data from client: Connection reset by peer
2026-06-14 17:49:12.641 UTC [197613] LOG:  could not receive data from client: Connection reset by peer
2026-06-14 17:54:53.999 UTC [197747] LOG:  could not receive data from client: Connection reset by peer
2026-06-14 18:02:49.726 UTC [197928] LOG:  could not receive data from client: Connection reset by peer
2026-06-14 18:06:32.224 UTC [198018] LOG:  could not receive data from client: Connection reset by peer
2026-06-14 18:11:14.398 UTC [198130] LOG:  could not receive data from client: Connection reset by peer
2026-06-14 18:11:29.681 UTC [198136] LOG:  could not receive data from client: Connection reset by peer
2026-06-14 18:13:43.291 UTC [198194] LOG:  could not receive data from client: Connection reset by peer
2026-06-14 18:15:27.644 UTC [198233] LOG:  could not receive data from client: Connection reset by peer
2026-06-14 18:18:11.861 UTC [198302] LOG:  could not receive data from client: Connection reset by peer
2026-06-14 18:23:38.533 UTC [198429] LOG:  could not receive data from client: Connection reset by peer
2026-06-14 18:26:37.680 UTC [198494] LOG:  could not receive data from client: Connection reset by peer
2026-06-14 18:31:19.335 UTC [198607] LOG:  could not receive data from client: Connection reset by peer
2026-06-14 18:41:27.813 UTC [198844] LOG:  could not receive data from client: Connection reset by peer
2026-06-14 18:47:09.464 UTC [198976] LOG:  could not receive data from client: Connection reset by peer
2026-06-14 18:49:38.699 UTC [199041] LOG:  could not receive data from client: Connection reset by peer
2026-06-14 18:52:06.932 UTC [199095] LOG:  could not receive data from client: Connection reset by peer
2026-06-14 18:53:06.497 UTC [199118] LOG:  could not receive data from client: Connection reset by peer
2026-06-14 18:57:04.164 UTC [199213] LOG:  could not receive data from client: Connection reset by peer
2026-06-14 19:10:10.948 UTC [199522] LOG:  could not receive data from client: Connection reset by peer
2026-06-14 19:17:51.565 UTC [199696] LOG:  could not receive data from client: Connection reset by peer
2026-06-14 19:20:05.286 UTC [199755] LOG:  could not receive data from client: Connection reset by peer
2026-06-14 19:21:19.849 UTC [199782] LOG:  could not receive data from client: Connection reset by peer
2026-06-14 19:37:26.814 UTC [200157] LOG:  could not receive data from client: Connection reset by peer
2026-06-14 19:39:25.576 UTC [200210] LOG:  could not receive data from client: Connection reset by peer
2026-06-14 19:54:48.097 UTC [200569] LOG:  could not receive data from client: Connection reset by peer
2026-06-14 19:56:32.123 UTC [200607] LOG:  could not receive data from client: Connection reset by peer
2026-06-14 19:57:46.545 UTC [200634] LOG:  could not receive data from client: Connection reset by peer
2026-06-14 19:58:16.204 UTC [200646] LOG:  could not receive data from client: Connection reset by peer
2026-06-14 19:58:46.237 UTC [200667] LOG:  could not receive data from client: Connection reset by peer
2026-06-14 20:02:58.360 UTC [200757] LOG:  could not receive data from client: Connection reset by peer
2026-06-14 20:07:11.019 UTC [200858] LOG:  could not receive data from client: Connection reset by peer
2026-06-14 20:26:17.218 UTC [201308] LOG:  could not receive data from client: Connection reset by peer
2026-06-14 20:26:47.002 UTC [201319] LOG:  could not receive data from client: Connection reset by peer
2026-06-14 20:27:46.809 UTC [201341] LOG:  could not receive data from client: Connection reset by peer
2026-06-14 20:28:16.541 UTC [201353] LOG:  could not receive data from client: Connection reset by peer
2026-06-14 20:28:31.527 UTC [201370] LOG:  could not receive data from client: Connection reset by peer
2026-06-14 20:32:28.935 UTC [201455] LOG:  could not receive data from client: Connection reset by peer
2026-06-14 20:35:43.065 UTC [201536] LOG:  could not receive data from client: Connection reset by peer
2026-06-14 20:35:43.065 UTC [201536] LOG:  unexpected EOF on client connection with an open transaction
2026-06-14 20:40:55.814 UTC [201658] LOG:  could not receive data from client: Connection reset by peer
2026-06-14 20:42:54.425 UTC [201701] LOG:  could not receive data from client: Connection reset by peer
2026-06-14 20:48:36.276 UTC [201843] LOG:  could not receive data from client: Connection reset by peer
2026-06-14 20:52:47.847 UTC [1] LOG:  received fast shutdown request
2026-06-14 20:52:48.900 UTC [1] LOG:  aborting any active transactions
2026-06-14 20:52:49.181 UTC [1] LOG:  background worker "logical replication launcher" (PID 47) exited with exit code 1
2026-06-14 20:52:49.418 UTC [42] LOG:  shutting down
2026-06-14 20:52:54.792 UTC [1] LOG:  database system is shut down
