2026-05-19 00:09:30.973 UTC [86130] LOG:  could not receive data from client: Connection reset by peer
2026-05-19 00:19:23.404 UTC [86363] LOG:  could not receive data from client: Connection reset by peer
2026-05-19 00:29:47.171 UTC [86608] LOG:  could not receive data from client: Connection reset by peer
2026-05-19 00:34:30.393 UTC [86722] LOG:  could not receive data from client: Connection reset by peer
2026-05-19 00:41:25.099 UTC [86880] LOG:  could not receive data from client: Connection reset by peer
2026-05-19 00:46:50.845 UTC [87007] LOG:  could not receive data from client: Connection reset by peer
2026-05-19 01:02:55.642 UTC [87392] LOG:  could not receive data from client: Connection reset by peer
2026-05-19 01:19:59.387 UTC [87789] LOG:  could not receive data from client: Connection reset by peer
2026-05-19 01:24:12.274 UTC [87892] LOG:  could not receive data from client: Connection reset by peer
2026-05-19 01:27:40.030 UTC [87968] LOG:  could not receive data from client: Connection reset by peer
2026-05-19 01:28:24.502 UTC [87994] LOG:  could not receive data from client: Connection reset by peer
2026-05-19 01:32:36.213 UTC [88085] LOG:  could not receive data from client: Connection reset by peer
2026-05-19 01:34:04.912 UTC [88127] LOG:  could not receive data from client: Connection reset by peer
2026-05-19 01:34:49.643 UTC [88144] LOG:  could not receive data from client: Connection reset by peer
2026-05-19 01:37:03.647 UTC [88194] LOG:  could not receive data from client: Connection reset by peer
2026-05-19 01:38:18.458 UTC [88233] LOG:  could not receive data from client: Connection reset by peer
2026-05-19 01:47:28.169 UTC [88440] LOG:  could not receive data from client: Connection reset by peer
2026-05-19 01:47:43.355 UTC [88447] LOG:  could not receive data from client: Connection reset by peer
2026-05-19 01:47:58.476 UTC [88463] LOG:  could not receive data from client: Connection reset by peer
2026-05-19 01:53:10.870 UTC [88584] LOG:  could not receive data from client: Connection reset by peer
2026-05-19 01:55:39.749 UTC [88639] LOG:  could not receive data from client: Connection reset by peer
2026-05-19 01:57:08.988 UTC [88672] LOG:  could not receive data from client: Connection reset by peer
2026-05-19 01:57:24.112 UTC [88678] LOG:  could not receive data from client: Connection reset by peer
2026-05-19 01:58:23.263 UTC [88710] LOG:  could not receive data from client: Connection reset by peer
2026-05-19 02:00:06.885 UTC [88749] LOG:  could not receive data from client: Connection reset by peer
2026-05-19 02:13:43.009 UTC [89071] LOG:  could not receive data from client: Connection reset by peer
2026-05-19 02:25:35.358 UTC [89346] LOG:  could not receive data from client: Connection reset by peer
2026-05-19 02:31:45.898 UTC [89489] LOG:  could not receive data from client: Connection reset by peer
2026-05-19 02:37:12.282 UTC [89616] LOG:  could not receive data from client: Connection reset by peer
2026-05-19 02:45:37.630 UTC [89817] LOG:  could not receive data from client: Connection reset by peer
2026-05-19 02:46:38.166 UTC [89839] LOG:  could not receive data from client: Connection reset by peer
2026-05-19 02:48:07.221 UTC [89881] LOG:  could not receive data from client: Connection reset by peer
2026-05-19 02:54:04.271 UTC [90020] LOG:  could not receive data from client: Connection reset by peer
2026-05-19 02:59:01.543 UTC [90138] LOG:  could not receive data from client: Connection reset by peer
2026-05-19 03:04:42.974 UTC [90272] LOG:  could not receive data from client: Connection reset by peer
2026-05-19 03:12:38.407 UTC [90452] LOG:  unexpected EOF on client connection with an open transaction
2026-05-19 03:22:18.023 UTC [90681] LOG:  could not receive data from client: Connection reset by peer
2026-05-19 03:26:30.158 UTC [90781] LOG:  could not receive data from client: Connection reset by peer
2026-05-19 03:27:44.894 UTC [90810] LOG:  could not receive data from client: Connection reset by peer
2026-05-19 03:28:14.863 UTC [90831] LOG:  could not receive data from client: Connection reset by peer
2026-05-19 03:30:14.191 UTC [90876] LOG:  could not receive data from client: Connection reset by peer
2026-05-19 03:31:28.092 UTC [90903] LOG:  could not receive data from client: Connection reset by peer
2026-05-19 03:34:26.651 UTC [90979] LOG:  could not receive data from client: Connection reset by peer
2026-05-19 03:47:18.180 UTC [91277] LOG:  could not receive data from client: Connection reset by peer
2026-05-19 03:57:26.800 UTC [91517] LOG:  could not receive data from client: Connection reset by peer
2026-05-19 04:02:08.972 UTC [91632] LOG:  could not receive data from client: Connection reset by peer
2026-05-19 04:04:22.741 UTC [91690] LOG:  could not receive data from client: Connection reset by peer
2026-05-19 04:04:37.437 UTC [91697] LOG:  could not receive data from client: Connection reset by peer
2026-05-19 04:08:05.893 UTC [91782] LOG:  could not receive data from client: Connection reset by peer
2026-05-19 04:08:05.893 UTC [91782] LOG:  unexpected EOF on client connection with an open transaction
2026-05-19 04:11:33.444 UTC [91856] LOG:  could not receive data from client: Connection reset by peer
2026-05-19 04:16:59.482 UTC [91984] LOG:  could not receive data from client: Connection reset by peer
2026-05-19 04:19:57.778 UTC [92059] LOG:  could not receive data from client: Connection reset by peer
2026-05-19 04:23:10.570 UTC [92138] LOG:  could not receive data from client: Connection reset by peer
2026-05-19 04:24:10.177 UTC [92160] LOG:  could not receive data from client: Connection reset by peer
2026-05-19 04:37:31.034 UTC [92464] LOG:  could not receive data from client: Connection reset by peer
2026-05-19 04:46:25.670 UTC [92675] LOG:  could not receive data from client: Connection reset by peer
2026-05-19 04:50:08.400 UTC [92766] LOG:  could not receive data from client: Connection reset by peer
2026-05-19 04:51:52.575 UTC [92804] LOG:  could not receive data from client: Connection reset by peer
2026-05-19 04:54:21.476 UTC [92867] LOG:  could not receive data from client: Connection reset by peer
2026-05-19 05:08:41.742 UTC [93205] LOG:  could not receive data from client: Connection reset by peer
2026-05-19 05:10:25.797 UTC [93243] LOG:  could not receive data from client: Connection reset by peer
2026-05-19 05:11:55.057 UTC [93276] LOG:  could not receive data from client: Connection reset by peer
2026-05-19 05:13:24.469 UTC [93320] LOG:  could not receive data from client: Connection reset by peer
2026-05-19 05:17:36.637 UTC [93411] LOG:  could not receive data from client: Connection reset by peer
2026-05-19 05:20:50.499 UTC [93492] LOG:  could not receive data from client: Connection reset by peer
2026-05-19 05:20:50.499 UTC [93492] LOG:  unexpected EOF on client connection with an open transaction
2026-05-19 05:21:20.701 UTC [93504] LOG:  could not receive data from client: Connection reset by peer
2026-05-19 05:24:04.961 UTC [93575] LOG:  could not receive data from client: Connection reset by peer
2026-05-19 05:24:19.883 UTC [93581] LOG:  could not receive data from client: Connection reset by peer
2026-05-19 05:26:03.241 UTC [93619] LOG:  could not receive data from client: Connection reset by peer
2026-05-19 05:37:56.267 UTC [93894] LOG:  could not receive data from client: Connection reset by peer
2026-05-19 05:42:38.100 UTC [94006] LOG:  could not receive data from client: Connection reset by peer
2026-05-19 05:46:50.577 UTC [94108] LOG:  could not receive data from client: Connection reset by peer
2026-05-19 05:50:33.196 UTC [94197] LOG:  could not receive data from client: Connection reset by peer
2026-05-19 05:54:16.510 UTC [94287] LOG:  could not receive data from client: Connection reset by peer
2026-05-19 05:56:59.494 UTC [94346] LOG:  could not receive data from client: Connection reset by peer
2026-05-19 06:11:06.374 UTC [94681] LOG:  could not receive data from client: Connection reset by peer
2026-05-19 06:22:28.270 UTC [94944] LOG:  could not receive data from client: Connection reset by peer
2026-05-19 06:31:37.381 UTC [95161] LOG:  could not receive data from client: Connection reset by peer
2026-05-19 06:39:17.494 UTC [95345] LOG:  could not receive data from client: Connection reset by peer
2026-05-19 06:40:31.677 UTC [95372] LOG:  could not receive data from client: Connection reset by peer
2026-05-19 06:48:12.601 UTC [95557] LOG:  could not receive data from client: Connection reset by peer
2026-05-19 06:59:20.285 UTC [95816] LOG:  could not receive data from client: Connection reset by peer
2026-05-19 07:00:34.412 UTC [95843] LOG:  could not receive data from client: Connection reset by peer
2026-05-19 07:09:14.490 UTC [96049] LOG:  could not receive data from client: Connection reset by peer
2026-05-19 07:13:26.767 UTC [96149] LOG:  could not receive data from client: Connection reset by peer
2026-05-19 07:16:54.477 UTC [96225] LOG:  could not receive data from client: Connection reset by peer
2026-05-19 07:24:50.380 UTC [96416] LOG:  could not receive data from client: Connection reset by peer
2026-05-19 07:37:55.538 UTC [96718] LOG:  could not receive data from client: Connection reset by peer
2026-05-19 07:39:39.623 UTC [96766] LOG:  could not receive data from client: Connection reset by peer
2026-05-19 07:41:23.625 UTC [96805] LOG:  could not receive data from client: Connection reset by peer
2026-05-19 07:49:19.141 UTC [96997] LOG:  could not receive data from client: Connection reset by peer
2026-05-19 07:50:33.673 UTC [97024] LOG:  could not receive data from client: Connection reset by peer
2026-05-19 07:52:47.526 UTC [97073] LOG:  could not receive data from client: Connection reset by peer
2026-05-19 08:00:58.605 UTC [97269] LOG:  could not receive data from client: Connection reset by peer
2026-05-19 08:01:58.377 UTC [97291] LOG:  could not receive data from client: Connection reset by peer
2026-05-19 08:05:56.111 UTC [97386] LOG:  could not receive data from client: Connection reset by peer
2026-05-19 08:06:26.290 UTC [97397] LOG:  could not receive data from client: Connection reset by peer
2026-05-19 08:07:11.045 UTC [97415] LOG:  could not receive data from client: Connection reset by peer
2026-05-19 08:10:38.547 UTC [97499] LOG:  could not receive data from client: Connection reset by peer
2026-05-19 08:36:34.818 UTC [98104] LOG:  could not receive data from client: Connection reset by peer
2026-05-19 08:40:02.986 UTC [98190] LOG:  could not receive data from client: Connection reset by peer
2026-05-19 08:46:59.226 UTC [98350] LOG:  could not receive data from client: Connection reset by peer
2026-05-19 08:47:29.044 UTC [98362] LOG:  could not receive data from client: Connection reset by peer
2026-05-19 08:49:42.335 UTC [98420] LOG:  could not receive data from client: Connection reset by peer
2026-05-19 08:53:25.272 UTC [98511] LOG:  could not receive data from client: Connection reset by peer
2026-05-19 08:56:53.267 UTC [98588] LOG:  could not receive data from client: Connection reset by peer
2026-05-19 09:05:05.133 UTC [98789] LOG:  could not receive data from client: Connection reset by peer
2026-05-19 09:07:18.830 UTC [98838] LOG:  could not receive data from client: Connection reset by peer
2026-05-19 09:14:44.407 UTC [99019] LOG:  could not receive data from client: Connection reset by peer
2026-05-19 09:15:58.894 UTC [99047] LOG:  could not receive data from client: Connection reset by peer
2026-05-19 09:19:27.368 UTC [99132] LOG:  could not receive data from client: Connection reset by peer
2026-05-19 09:23:24.933 UTC [99227] LOG:  could not receive data from client: Connection reset by peer
2026-05-19 09:24:54.153 UTC [99260] LOG:  could not receive data from client: Connection reset by peer
2026-05-19 09:25:53.658 UTC [99282] LOG:  could not receive data from client: Connection reset by peer
2026-05-19 09:28:51.813 UTC [99356] LOG:  could not receive data from client: Connection reset by peer
2026-05-19 09:29:51.789 UTC [99378] LOG:  could not receive data from client: Connection reset by peer
2026-05-19 09:34:19.926 UTC [99485] LOG:  could not receive data from client: Connection reset by peer
2026-05-19 09:36:19.494 UTC [99528] LOG:  could not receive data from client: Connection reset by peer
2026-05-19 09:43:43.991 UTC [99706] LOG:  could not receive data from client: Connection reset by peer
2026-05-19 09:45:57.603 UTC [99755] LOG:  could not receive data from client: Connection reset by peer
2026-05-19 09:55:50.981 UTC [99986] LOG:  could not receive data from client: Connection reset by peer
2026-05-19 10:04:47.258 UTC [100196] LOG:  could not receive data from client: Connection reset by peer
2026-05-19 10:11:28.731 UTC [100352] LOG:  could not receive data from client: Connection reset by peer
2026-05-19 10:11:58.548 UTC [100364] LOG:  could not receive data from client: Connection reset by peer
2026-05-19 10:17:09.628 UTC [100486] LOG:  could not receive data from client: Connection reset by peer
2026-05-19 10:22:36.996 UTC [100614] LOG:  could not receive data from client: Connection reset by peer
2026-05-19 10:33:44.531 UTC [100883] LOG:  could not receive data from client: Connection reset by peer
2026-05-19 10:42:09.755 UTC [101076] LOG:  could not receive data from client: Connection reset by peer
2026-05-19 10:43:24.090 UTC [101114] LOG:  could not receive data from client: Connection reset by peer
2026-05-19 10:44:08.318 UTC [101131] LOG:  could not receive data from client: Connection reset by peer
2026-05-19 10:45:38.231 UTC [101165] LOG:  could not receive data from client: Connection reset by peer
2026-05-19 10:52:33.392 UTC [101325] LOG:  could not receive data from client: Connection reset by peer
2026-05-19 10:53:03.716 UTC [101338] LOG:  could not receive data from client: Connection reset by peer
2026-05-19 10:53:33.590 UTC [101359] LOG:  could not receive data from client: Connection reset by peer
2026-05-19 11:03:28.483 UTC [101591] LOG:  could not receive data from client: Connection reset by peer
2026-05-19 11:30:45.327 UTC [102228] LOG:  could not receive data from client: Connection reset by peer
2026-05-19 11:31:44.843 UTC [102250] LOG:  could not receive data from client: Connection reset by peer
2026-05-19 11:35:13.717 UTC [102336] LOG:  could not receive data from client: Connection reset by peer
2026-05-19 11:36:13.266 UTC [102359] LOG:  could not receive data from client: Connection reset by peer
2026-05-19 11:46:06.939 UTC [102591] LOG:  could not receive data from client: Connection reset by peer
2026-05-19 11:55:00.465 UTC [102802] LOG:  could not receive data from client: Connection reset by peer
2026-05-19 12:14:05.996 UTC [103258] LOG:  could not receive data from client: Connection reset by peer
2026-05-19 12:16:05.686 UTC [103302] LOG:  could not receive data from client: Connection reset by peer
2026-05-19 12:18:18.989 UTC [103350] LOG:  could not receive data from client: Connection reset by peer
2026-05-19 12:19:41.492 UTC [1] LOG:  received fast shutdown request
2026-05-19 12:19:41.666 UTC [1] LOG:  aborting any active transactions
2026-05-19 12:19:42.092 UTC [1] LOG:  background worker "logical replication launcher" (PID 64) exited with exit code 1
2026-05-19 12:19:42.456 UTC [59] LOG:  shutting down
2026-05-19 12:19:48.018 UTC [1] LOG:  database system is shut down
