2026-05-07 00:09:10.082 UTC [6905] LOG:  could not receive data from client: Connection reset by peer
2026-05-07 00:33:31.762 UTC [7467] LOG:  could not receive data from client: Connection reset by peer
2026-05-07 00:50:46.779 UTC [7877] LOG:  could not receive data from client: Connection reset by peer
2026-05-07 00:52:45.854 UTC [7921] LOG:  could not receive data from client: Connection reset by peer
2026-05-07 00:56:12.159 UTC [8006] LOG:  could not receive data from client: Connection reset by peer
2026-05-07 00:56:56.894 UTC [8024] LOG:  could not receive data from client: Connection reset by peer
2026-05-07 00:58:55.146 UTC [8067] LOG:  could not receive data from client: Connection reset by peer
2026-05-07 01:00:38.797 UTC [8115] LOG:  could not receive data from client: Connection reset by peer
2026-05-07 01:04:35.113 UTC [8210] LOG:  could not receive data from client: Connection reset by peer
2026-05-07 01:18:38.099 UTC [8535] LOG:  could not receive data from client: Connection reset by peer
2026-05-07 01:23:18.025 UTC [8646] LOG:  could not receive data from client: Connection reset by peer
2026-05-07 01:34:08.709 UTC [8910] LOG:  could not receive data from client: Connection reset by peer
2026-05-07 01:34:38.387 UTC [8923] LOG:  could not receive data from client: Connection reset by peer
2026-05-07 01:49:26.007 UTC [9270] LOG:  could not receive data from client: Connection reset by peer
2026-05-07 02:01:30.347 UTC [9551] LOG:  could not receive data from client: Connection reset by peer
2026-05-07 02:11:35.912 UTC [9788] LOG:  could not receive data from client: Connection reset by peer
2026-05-07 02:17:46.353 UTC [9932] LOG:  could not receive data from client: Connection reset by peer
2026-05-07 02:20:43.685 UTC [10006] LOG:  could not receive data from client: Connection reset by peer
2026-05-07 02:26:39.661 UTC [10145] LOG:  could not receive data from client: Connection reset by peer
2026-05-07 02:29:36.936 UTC [10219] LOG:  could not receive data from client: Connection reset by peer
2026-05-07 02:30:06.612 UTC [10231] LOG:  could not receive data from client: Connection reset by peer
2026-05-07 02:40:43.294 UTC [10479] LOG:  could not receive data from client: Connection reset by peer
2026-05-07 02:41:57.084 UTC [10507] LOG:  could not receive data from client: Connection reset by peer
2026-05-07 03:04:20.903 UTC [11039] LOG:  could not receive data from client: Connection reset by peer
2026-05-07 03:13:14.770 UTC [11240] LOG:  could not receive data from client: Connection reset by peer
2026-05-07 03:14:57.780 UTC [11288] LOG:  could not receive data from client: Connection reset by peer
2026-05-07 03:17:55.261 UTC [11352] LOG:  could not receive data from client: Connection reset by peer
2026-05-07 03:21:22.582 UTC [11436] LOG:  could not receive data from client: Connection reset by peer
2026-05-07 03:30:44.482 UTC [11658] LOG:  could not receive data from client: Connection reset by peer
2026-05-07 03:44:17.100 UTC [11979] LOG:  could not receive data from client: Connection reset by peer
2026-05-07 03:58:05.309 UTC [12297] LOG:  could not receive data from client: Connection reset by peer
2026-05-07 04:12:36.910 UTC [12640] LOG:  could not receive data from client: Connection reset by peer
2026-05-07 04:17:18.013 UTC [12751] LOG:  could not receive data from client: Connection reset by peer
2026-05-07 04:23:12.756 UTC [12888] LOG:  could not receive data from client: Connection reset by peer
2026-05-07 04:24:41.365 UTC [12931] LOG:  could not receive data from client: Connection reset by peer
2026-05-07 04:29:52.459 UTC [13053] LOG:  could not receive data from client: Connection reset by peer
2026-05-07 04:34:33.960 UTC [13165] LOG:  could not receive data from client: Connection reset by peer
2026-05-07 04:39:01.018 UTC [13262] LOG:  could not receive data from client: Connection reset by peer
2026-05-07 04:44:41.070 UTC [13407] LOG:  could not receive data from client: Connection reset by peer
2026-05-07 04:50:06.766 UTC [13535] LOG:  could not receive data from client: Connection reset by peer
2026-05-07 05:01:41.310 UTC [13802] LOG:  could not receive data from client: Connection reset by peer
2026-05-07 05:12:30.752 UTC [14058] LOG:  could not receive data from client: Connection reset by peer
2026-05-07 05:15:28.604 UTC [14132] LOG:  could not receive data from client: Connection reset by peer
2026-05-07 05:18:11.559 UTC [14193] LOG:  could not receive data from client: Connection reset by peer
2026-05-07 05:31:00.761 UTC [14499] LOG:  could not receive data from client: Connection reset by peer
2026-05-07 05:32:59.334 UTC [14543] LOG:  could not receive data from client: Connection reset by peer
2026-05-07 05:44:18.675 UTC [14808] LOG:  could not receive data from client: Connection reset by peer
2026-05-07 05:46:46.914 UTC [14873] LOG:  could not receive data from client: Connection reset by peer
2026-05-07 05:47:31.487 UTC [14890] LOG:  could not receive data from client: Connection reset by peer
2026-05-07 05:50:44.616 UTC [14969] LOG:  could not receive data from client: Connection reset by peer
2026-05-07 06:02:19.523 UTC [15241] LOG:  could not receive data from client: Connection reset by peer
2026-05-07 06:06:31.340 UTC [15341] LOG:  could not receive data from client: Connection reset by peer
2026-05-07 06:10:42.214 UTC [15441] LOG:  could not receive data from client: Connection reset by peer
2026-05-07 06:17:37.169 UTC [15602] LOG:  could not receive data from client: Connection reset by peer
2026-05-07 06:33:08.867 UTC [15967] LOG:  could not receive data from client: Connection reset by peer
2026-05-07 06:40:02.978 UTC [16135] LOG:  could not receive data from client: Connection reset by peer
2026-05-07 06:46:27.166 UTC [16282] LOG:  could not receive data from client: Connection reset by peer
2026-05-07 06:48:40.017 UTC [16330] LOG:  could not receive data from client: Connection reset by peer
2026-05-07 06:54:36.778 UTC [16478] LOG:  could not receive data from client: Connection reset by peer
2026-05-07 07:11:07.536 UTC [16862] LOG:  could not receive data from client: Connection reset by peer
2026-05-07 07:19:46.659 UTC [17066] LOG:  could not receive data from client: Connection reset by peer
2026-05-07 07:26:55.527 UTC [17231] LOG:  could not receive data from client: Connection reset by peer
2026-05-07 07:31:36.739 UTC [17341] LOG:  could not receive data from client: Connection reset by peer
2026-05-07 08:00:22.058 UTC [18018] LOG:  could not receive data from client: Connection reset by peer
2026-05-07 08:06:47.129 UTC [18167] LOG:  could not receive data from client: Connection reset by peer
2026-05-07 08:08:45.518 UTC [18210] LOG:  could not receive data from client: Connection reset by peer
2026-05-07 08:11:13.843 UTC [18274] LOG:  could not receive data from client: Connection reset by peer
2026-05-07 08:16:24.538 UTC [18395] LOG:  could not receive data from client: Connection reset by peer
2026-05-07 08:22:19.727 UTC [18532] LOG:  could not receive data from client: Connection reset by peer
2026-05-07 08:38:35.679 UTC [18911] LOG:  could not receive data from client: Connection reset by peer
2026-05-07 08:42:17.571 UTC [19001] LOG:  could not receive data from client: Connection reset by peer
2026-05-07 09:01:59.885 UTC [19467] LOG:  could not receive data from client: Connection reset by peer
2026-05-07 09:07:55.238 UTC [19606] LOG:  could not receive data from client: Connection reset by peer
2026-05-07 09:08:24.920 UTC [19618] LOG:  could not receive data from client: Connection reset by peer
2026-05-07 09:31:06.099 UTC [20157] LOG:  could not receive data from client: Connection reset by peer
2026-05-07 09:50:33.843 UTC [20617] LOG:  could not receive data from client: Connection reset by peer
2026-05-07 09:56:28.426 UTC [20756] LOG:  could not receive data from client: Connection reset by peer
2026-05-07 10:12:15.278 UTC [21124] LOG:  could not receive data from client: Connection reset by peer
2026-05-07 10:16:26.280 UTC [21224] LOG:  could not receive data from client: Connection reset by peer
2026-05-07 10:27:01.825 UTC [21470] LOG:  could not receive data from client: Connection reset by peer
2026-05-07 10:50:11.117 UTC [22016] LOG:  could not receive data from client: Connection reset by peer
2026-05-07 10:51:25.289 UTC [22044] LOG:  could not receive data from client: Connection reset by peer
2026-05-07 10:58:04.730 UTC [22198] LOG:  could not receive data from client: Connection reset by peer
2026-05-07 11:19:44.366 UTC [22713] LOG:  could not receive data from client: Connection reset by peer
2026-05-07 11:23:39.934 UTC [22799] LOG:  could not receive data from client: Connection reset by peer
2026-05-07 11:32:17.544 UTC [23007] LOG:  could not receive data from client: Connection reset by peer
2026-05-07 11:33:31.655 UTC [23034] LOG:  could not receive data from client: Connection reset by peer
2026-05-07 11:37:28.691 UTC [23130] LOG:  could not receive data from client: Connection reset by peer
2026-05-07 12:36:36.954 UTC [24520] LOG:  could not receive data from client: Connection reset by peer
2026-05-07 12:55:03.460 UTC [24955] LOG:  could not receive data from client: Connection reset by peer
2026-05-07 13:05:54.090 UTC [25207] LOG:  could not receive data from client: Connection reset by peer
2026-05-07 13:07:23.345 UTC [25240] LOG:  could not receive data from client: Connection reset by peer
2026-05-07 13:10:50.805 UTC [25324] LOG:  could not receive data from client: Connection reset by peer
2026-05-07 13:11:49.906 UTC [25346] LOG:  could not receive data from client: Connection reset by peer
2026-05-07 13:15:46.419 UTC [25441] LOG:  could not receive data from client: Connection reset by peer
2026-05-07 13:20:42.023 UTC [25557] LOG:  could not receive data from client: Connection reset by peer
2026-05-07 13:21:11.384 UTC [25569] LOG:  could not receive data from client: Connection reset by peer
2026-05-07 13:22:25.832 UTC [25596] LOG:  could not receive data from client: Connection reset by peer
2026-05-07 13:29:34.786 UTC [25761] LOG:  could not receive data from client: Connection reset by peer
2026-05-07 13:41:11.951 UTC [26040] LOG:  could not receive data from client: Connection reset by peer
2026-05-07 13:43:10.870 UTC [26083] LOG:  could not receive data from client: Connection reset by peer
2026-05-07 14:23:07.675 UTC [27018] LOG:  could not receive data from client: Connection reset by peer
2026-05-07 14:33:59.162 UTC [27270] LOG:  could not receive data from client: Connection reset by peer
2026-05-07 14:41:06.888 UTC [27443] LOG:  could not receive data from client: Connection reset by peer
2026-05-07 14:41:51.524 UTC [27460] LOG:  could not receive data from client: Connection reset by peer
2026-05-07 15:05:00.150 UTC [28005] LOG:  could not receive data from client: Connection reset by peer
2026-05-07 15:15:21.127 UTC [28249] LOG:  could not receive data from client: Connection reset by peer
2026-05-07 15:18:32.986 UTC [28318] LOG:  could not receive data from client: Connection reset by peer
2026-05-07 15:31:49.948 UTC [28632] LOG:  could not receive data from client: Connection reset by peer
2026-05-07 15:41:55.431 UTC [28868] LOG:  could not receive data from client: Connection reset by peer
2026-05-07 15:52:59.359 UTC [29125] LOG:  could not receive data from client: Connection reset by peer
2026-05-07 16:40:19.819 UTC [30243] LOG:  could not receive data from client: Connection reset by peer
2026-05-07 16:54:06.173 UTC [1] LOG:  received fast shutdown request
2026-05-07 16:54:08.144 UTC [1] LOG:  aborting any active transactions
2026-05-07 16:54:08.445 UTC [1] LOG:  background worker "logical replication launcher" (PID 47) exited with exit code 1
2026-05-07 16:54:09.030 UTC [42] LOG:  shutting down
2026-05-07 16:54:14.215 UTC [1] LOG:  database system is shut down
