2026-08-18 11:06:42.328 UTC [1] LOG:  starting PostgreSQL 14.17 (Debian 14.17-1.pgdg120+1) on x86_64-pc-linux-gnu, compiled by gcc (Debian 12.2.0-14) 12.2.0, 64-bit
2026-08-18 11:06:42.334 UTC [1] LOG:  listening on IPv4 address "0.0.0.0", port 5432
2026-08-18 11:06:42.334 UTC [1] LOG:  listening on IPv6 address "::", port 5432
2026-08-18 11:06:44.138 UTC [1] LOG:  listening on Unix socket "/var/run/postgresql/.s.PGSQL.5432"
2026-08-18 11:06:44.485 UTC [28] LOG:  database system was interrupted; last known up at 2026-08-18 07:28:50 UTC
[2026-08-18T11:06:44Z INFO  service::utils::clean] Find directory "pg_vectors/indexes/17576".
[2026-08-18T11:06:44Z INFO  service::utils::clean] Find directory "pg_vectors/indexes/17332".
[2026-08-18T11:06:44Z INFO  service::utils::clean] Find directory "pg_vectors/indexes/17576/segments/71c2a884-29b7-4e33-a945-28dfac840a67".
[2026-08-18T11:06:46Z INFO  service::utils::clean] Find directory "pg_vectors/indexes/17332/segments/a2b3c4a6-8223-41fe-a99f-c47b7f1b8a1c".
2026-08-18 11:07:04.992 UTC [49] FATAL:  the database system is starting up
2026-08-18 11:07:29.159 UTC [28] LOG:  database system was not properly shut down; automatic recovery in progress
2026-08-18 11:07:29.169 UTC [28] LOG:  redo starts at 0/AB50D4D8
2026-08-18 11:07:29.169 UTC [28] LOG:  invalid record length at 0/AB50D5C0: wanted 24, got 0
2026-08-18 11:07:29.169 UTC [28] LOG:  redo done at 0/AB50D588 system usage: CPU: user: 0.00 s, system: 0.00 s, elapsed: 0.00 s
2026-08-18 11:07:29.293 UTC [1] LOG:  database system is ready to accept connections
2026-08-18 12:34:12.824 UTC [1] LOG:  received fast shutdown request
2026-08-18 12:34:13.248 UTC [1] LOG:  aborting any active transactions
2026-08-18 12:34:13.253 UTC [1] LOG:  background worker "logical replication launcher" (PID 55) exited with exit code 1
2026-08-18 12:34:13.321 UTC [50] LOG:  shutting down
2026-08-18 12:34:15.038 UTC [1] LOG:  database system is shut down
