2026-03-25 19:19:14.693 UTC [1] LOG:  starting PostgreSQL 14.17 (Debian 14.17-1.pgdg120+1) on x86_64-pc-linux-gnu, compiled by gcc (Debian 12.2.0-14) 12.2.0, 64-bit
2026-03-25 19:19:14.695 UTC [1] LOG:  listening on IPv4 address "0.0.0.0", port 5432
2026-03-25 19:19:14.695 UTC [1] LOG:  listening on IPv6 address "::", port 5432
2026-03-25 19:19:14.857 UTC [1] LOG:  listening on Unix socket "/var/run/postgresql/.s.PGSQL.5432"
2026-03-25 19:19:15.445 UTC [28] LOG:  database system was interrupted; last known up at 2026-03-25 18:06:45 UTC
[2026-03-25T19:19:15Z INFO  service::utils::clean] Find directory "pg_vectors/indexes/17576".
[2026-03-25T19:19:15Z INFO  service::utils::clean] Find directory "pg_vectors/indexes/17332".
[2026-03-25T19:19:15Z INFO  service::utils::clean] Find directory "pg_vectors/indexes/17332/segments/a2b3c4a6-8223-41fe-a99f-c47b7f1b8a1c".
[2026-03-25T19:19:16Z INFO  service::utils::clean] Find directory "pg_vectors/indexes/17576/segments/71c2a884-29b7-4e33-a945-28dfac840a67".
2026-03-25 19:19:36.825 UTC [49] FATAL:  the database system is starting up
2026-03-25 19:20:05.166 UTC [50] FATAL:  the database system is starting up
2026-03-25 19:20:06.149 UTC [28] LOG:  database system was not properly shut down; automatic recovery in progress
2026-03-25 19:20:06.156 UTC [28] LOG:  redo starts at 0/A2B3C7E0
2026-03-25 19:20:06.156 UTC [28] LOG:  invalid record length at 0/A2B3C8C8: wanted 24, got 0
2026-03-25 19:20:06.156 UTC [28] LOG:  redo done at 0/A2B3C890 system usage: CPU: user: 0.00 s, system: 0.00 s, elapsed: 0.00 s
2026-03-25 19:20:06.205 UTC [1] LOG:  database system is ready to accept connections
2026-03-25 19:20:39.597 UTC [73] LOG:  could not receive data from client: Connection reset by peer
2026-03-25 19:21:17.050 UTC [86] LOG:  could not receive data from client: Connection reset by peer
2026-03-25 19:23:21.182 UTC [130] LOG:  could not receive data from client: Connection reset by peer
2026-03-25 19:23:36.324 UTC [136] LOG:  could not receive data from client: Connection reset by peer
2026-03-25 19:24:51.179 UTC [163] LOG:  could not receive data from client: Connection reset by peer
2026-03-25 19:31:03.684 UTC [320] LOG:  could not receive data from client: Connection reset by peer
2026-03-25 19:35:17.923 UTC [424] LOG:  could not receive data from client: Connection reset by peer
2026-03-25 19:35:32.816 UTC [430] LOG:  could not receive data from client: Connection reset by peer
2026-03-25 19:37:32.464 UTC [473] LOG:  could not receive data from client: Connection reset by peer
2026-03-25 19:42:46.258 UTC [597] LOG:  could not receive data from client: Connection reset by peer
2026-03-25 19:43:01.110 UTC [603] LOG:  could not receive data from client: Connection reset by peer
2026-03-25 19:44:00.905 UTC [626] LOG:  could not receive data from client: Connection reset by peer
2026-03-25 19:44:30.742 UTC [638] LOG:  could not receive data from client: Connection reset by peer
2026-03-25 19:45:15.551 UTC [665] LOG:  could not receive data from client: Connection reset by peer
2026-03-25 19:45:45.624 UTC [676] LOG:  could not receive data from client: Connection reset by peer
2026-03-25 19:46:15.636 UTC [688] LOG:  could not receive data from client: Connection reset by peer
2026-03-25 19:47:44.869 UTC [721] LOG:  could not receive data from client: Connection reset by peer
2026-03-25 19:49:59.085 UTC [769] LOG:  could not receive data from client: Connection reset by peer
2026-03-25 19:50:43.652 UTC [796] LOG:  could not receive data from client: Connection reset by peer
2026-03-25 19:51:13.566 UTC [808] LOG:  could not receive data from client: Connection reset by peer
2026-03-25 19:51:28.633 UTC [815] LOG:  could not receive data from client: Connection reset by peer
2026-03-25 19:51:43.570 UTC [821] LOG:  could not receive data from client: Connection reset by peer
2026-03-25 19:52:58.740 UTC [849] LOG:  could not receive data from client: Connection reset by peer
2026-03-25 19:53:28.585 UTC [861] LOG:  could not receive data from client: Connection reset by peer
2026-03-25 19:54:58.690 UTC [894] LOG:  could not receive data from client: Connection reset by peer
2026-03-25 19:55:58.666 UTC [926] LOG:  could not receive data from client: Connection reset by peer
2026-03-25 19:57:28.621 UTC [961] LOG:  could not receive data from client: Connection reset by peer
2026-03-25 19:59:42.186 UTC [1011] LOG:  could not receive data from client: Connection reset by peer
2026-03-25 20:03:40.887 UTC [1109] LOG:  could not receive data from client: Connection reset by peer
2026-03-25 20:04:40.707 UTC [1131] LOG:  could not receive data from client: Connection reset by peer
2026-03-25 20:05:40.932 UTC [1163] LOG:  could not receive data from client: Connection reset by peer
2026-03-25 20:06:11.122 UTC [1175] LOG:  could not receive data from client: Connection reset by peer
2026-03-25 20:06:56.360 UTC [1192] LOG:  could not receive data from client: Connection reset by peer
2026-03-25 20:10:10.539 UTC [1263] LOG:  could not receive data from client: Connection reset by peer
2026-03-25 20:11:55.269 UTC [1311] LOG:  could not receive data from client: Connection reset by peer
2026-03-25 20:12:25.054 UTC [1323] LOG:  could not receive data from client: Connection reset by peer
2026-03-25 20:12:55.242 UTC [1335] LOG:  could not receive data from client: Connection reset by peer
2026-03-25 20:13:54.832 UTC [1358] LOG:  could not receive data from client: Connection reset by peer
2026-03-25 20:14:39.473 UTC [1376] LOG:  could not receive data from client: Connection reset by peer
2026-03-25 20:16:08.908 UTC [1418] LOG:  could not receive data from client: Connection reset by peer
2026-03-25 20:18:22.902 UTC [1467] LOG:  could not receive data from client: Connection reset by peer
2026-03-25 20:19:22.336 UTC [1489] LOG:  could not receive data from client: Connection reset by peer
2026-03-25 20:22:36.052 UTC [1571] LOG:  could not receive data from client: Connection reset by peer
2026-03-25 20:24:35.769 UTC [1614] LOG:  could not receive data from client: Connection reset by peer
2026-03-25 20:26:35.674 UTC [1669] LOG:  could not receive data from client: Connection reset by peer
2026-03-25 20:28:05.455 UTC [1703] LOG:  could not receive data from client: Connection reset by peer
2026-03-25 20:28:50.467 UTC [1720] LOG:  could not receive data from client: Connection reset by peer
2026-03-25 20:29:20.464 UTC [1733] LOG:  could not receive data from client: Connection reset by peer
2026-03-25 20:29:50.550 UTC [1744] LOG:  could not receive data from client: Connection reset by peer
2026-03-25 20:30:05.426 UTC [1750] LOG:  could not receive data from client: Connection reset by peer
2026-03-25 20:31:50.079 UTC [1798] LOG:  could not receive data from client: Connection reset by peer
2026-03-25 20:35:33.280 UTC [1888] LOG:  could not receive data from client: Connection reset by peer
2026-03-25 20:39:16.975 UTC [1969] LOG:  could not receive data from client: Connection reset by peer
2026-03-25 20:39:47.007 UTC [1980] LOG:  could not receive data from client: Connection reset by peer
2026-03-25 20:40:02.227 UTC [1986] LOG:  could not receive data from client: Connection reset by peer
2026-03-25 20:42:01.991 UTC [2041] LOG:  could not receive data from client: Connection reset by peer
2026-03-25 20:42:31.929 UTC [2054] LOG:  could not receive data from client: Connection reset by peer
2026-03-25 20:42:47.118 UTC [2061] LOG:  could not receive data from client: Connection reset by peer
2026-03-25 20:45:01.406 UTC [2109] LOG:  could not receive data from client: Connection reset by peer
2026-03-25 20:46:01.425 UTC [2142] LOG:  could not receive data from client: Connection reset by peer
2026-03-25 20:47:16.332 UTC [2171] LOG:  could not receive data from client: Connection reset by peer
2026-03-25 20:50:00.705 UTC [2231] LOG:  could not receive data from client: Connection reset by peer
2026-03-25 20:50:45.393 UTC [2258] LOG:  could not receive data from client: Connection reset by peer
2026-03-25 20:53:59.371 UTC [2329] LOG:  could not receive data from client: Connection reset by peer
2026-03-25 20:55:43.455 UTC [2378] LOG:  could not receive data from client: Connection reset by peer
2026-03-25 20:55:58.402 UTC [2384] LOG:  could not receive data from client: Connection reset by peer
2026-03-25 20:56:28.141 UTC [2396] LOG:  could not receive data from client: Connection reset by peer
2026-03-25 20:58:57.490 UTC [2450] LOG:  could not receive data from client: Connection reset by peer
2026-03-25 21:01:41.919 UTC [2520] LOG:  could not receive data from client: Connection reset by peer
2026-03-25 21:04:10.580 UTC [2575] LOG:  could not receive data from client: Connection reset by peer
2026-03-25 21:07:24.852 UTC [2657] LOG:  could not receive data from client: Connection reset by peer
2026-03-25 21:07:39.887 UTC [2663] LOG:  could not receive data from client: Connection reset by peer
2026-03-25 21:07:54.963 UTC [2669] LOG:  could not receive data from client: Connection reset by peer
2026-03-25 21:08:39.841 UTC [2686] LOG:  could not receive data from client: Connection reset by peer
2026-03-25 21:08:54.947 UTC [2692] LOG:  could not receive data from client: Connection reset by peer
2026-03-25 21:11:54.754 UTC [2768] LOG:  could not receive data from client: Connection reset by peer
2026-03-25 21:12:39.683 UTC [2785] LOG:  could not receive data from client: Connection reset by peer
2026-03-25 21:13:39.182 UTC [2807] LOG:  could not receive data from client: Connection reset by peer
2026-03-25 21:15:09.418 UTC [2840] LOG:  could not receive data from client: Connection reset by peer
2026-03-25 21:15:24.353 UTC [2857] LOG:  could not receive data from client: Connection reset by peer
2026-03-25 21:15:54.192 UTC [2868] LOG:  could not receive data from client: Connection reset by peer
2026-03-25 21:17:39.022 UTC [2906] LOG:  could not receive data from client: Connection reset by peer
2026-03-25 21:19:38.900 UTC [2949] LOG:  could not receive data from client: Connection reset by peer
2026-03-25 21:20:08.774 UTC [2960] LOG:  could not receive data from client: Connection reset by peer
2026-03-25 21:20:23.798 UTC [2977] LOG:  could not receive data from client: Connection reset by peer
2026-03-25 21:21:53.090 UTC [3009] LOG:  could not receive data from client: Connection reset by peer
2026-03-25 21:22:52.957 UTC [3032] LOG:  could not receive data from client: Connection reset by peer
2026-03-25 21:24:22.626 UTC [3067] LOG:  could not receive data from client: Connection reset by peer
2026-03-25 21:24:37.704 UTC [3073] LOG:  could not receive data from client: Connection reset by peer
2026-03-25 21:25:52.366 UTC [3110] LOG:  could not receive data from client: Connection reset by peer
2026-03-25 21:26:52.186 UTC [3132] LOG:  could not receive data from client: Connection reset by peer
2026-03-25 21:31:35.882 UTC [3245] LOG:  could not receive data from client: Connection reset by peer
2026-03-25 21:32:50.309 UTC [3272] LOG:  could not receive data from client: Connection reset by peer
2026-03-25 21:34:05.189 UTC [3299] LOG:  could not receive data from client: Connection reset by peer
2026-03-25 21:36:34.248 UTC [3364] LOG:  could not receive data from client: Connection reset by peer
2026-03-25 21:38:48.742 UTC [3413] LOG:  could not receive data from client: Connection reset by peer
2026-03-25 21:41:49.169 UTC [3490] LOG:  could not receive data from client: Connection reset by peer
2026-03-25 21:49:47.056 UTC [3671] LOG:  could not receive data from client: Connection reset by peer
2026-03-25 21:50:16.946 UTC [3689] LOG:  could not receive data from client: Connection reset by peer
2026-03-25 21:51:32.136 UTC [3720] LOG:  could not receive data from client: Connection reset by peer
2026-03-25 21:54:46.957 UTC [3792] LOG:  could not receive data from client: Connection reset by peer
2026-03-25 21:59:45.633 UTC [3910] LOG:  could not receive data from client: Connection reset by peer
2026-03-25 22:00:00.833 UTC [3916] LOG:  could not receive data from client: Connection reset by peer
2026-03-25 22:00:15.819 UTC [3924] LOG:  could not receive data from client: Connection reset by peer
2026-03-25 22:00:45.638 UTC [3945] LOG:  could not receive data from client: Connection reset by peer
2026-03-25 22:04:46.544 UTC [4032] LOG:  could not receive data from client: Connection reset by peer
2026-03-25 22:05:31.463 UTC [4060] LOG:  could not receive data from client: Connection reset by peer
2026-03-25 22:06:31.141 UTC [4083] LOG:  could not receive data from client: Connection reset by peer
2026-03-25 22:06:46.360 UTC [4089] LOG:  could not receive data from client: Connection reset by peer
2026-03-25 22:07:46.444 UTC [4112] LOG:  could not receive data from client: Connection reset by peer
2026-03-25 22:11:16.634 UTC [4198] LOG:  could not receive data from client: Connection reset by peer
2026-03-25 22:12:31.973 UTC [4225] LOG:  could not receive data from client: Connection reset by peer
2026-03-25 22:14:46.628 UTC [4275] LOG:  could not receive data from client: Connection reset by peer
2026-03-25 22:15:01.465 UTC [4281] LOG:  could not receive data from client: Connection reset by peer
2026-03-25 22:17:00.766 UTC [4335] LOG:  could not receive data from client: Connection reset by peer
2026-03-25 22:17:16.160 UTC [4343] LOG:  could not receive data from client: Connection reset by peer
2026-03-25 22:19:31.286 UTC [4393] LOG:  could not receive data from client: Connection reset by peer
2026-03-25 22:20:31.617 UTC [4427] LOG:  could not receive data from client: Connection reset by peer
2026-03-25 22:21:16.506 UTC [4444] LOG:  could not receive data from client: Connection reset by peer
2026-03-25 22:22:16.714 UTC [4466] LOG:  could not receive data from client: Connection reset by peer
2026-03-25 22:26:02.301 UTC [4563] LOG:  could not receive data from client: Connection reset by peer
2026-03-25 22:26:17.145 UTC [4570] LOG:  could not receive data from client: Connection reset by peer
2026-03-25 22:27:47.594 UTC [4605] LOG:  could not receive data from client: Connection reset by peer
2026-03-25 22:28:17.877 UTC [4619] LOG:  could not receive data from client: Connection reset by peer
2026-03-25 22:29:18.233 UTC [4641] LOG:  could not receive data from client: Connection reset by peer
2026-03-25 22:30:33.482 UTC [4680] LOG:  could not receive data from client: Connection reset by peer
2026-03-25 22:31:03.667 UTC [4692] LOG:  could not receive data from client: Connection reset by peer
2026-03-25 22:31:48.702 UTC [4710] LOG:  could not receive data from client: Connection reset by peer
2026-03-25 22:33:48.319 UTC [4754] LOG:  could not receive data from client: Connection reset by peer
2026-03-25 22:38:02.251 UTC [4856] LOG:  could not receive data from client: Connection reset by peer
2026-03-25 22:39:02.325 UTC [4878] LOG:  could not receive data from client: Connection reset by peer
2026-03-25 22:43:01.410 UTC [4975] LOG:  could not receive data from client: Connection reset by peer
2026-03-25 22:44:01.008 UTC [4997] LOG:  could not receive data from client: Connection reset by peer
2026-03-25 22:44:15.952 UTC [5003] LOG:  could not receive data from client: Connection reset by peer
2026-03-25 22:45:45.719 UTC [5047] LOG:  could not receive data from client: Connection reset by peer
2026-03-25 22:47:00.732 UTC [5074] LOG:  could not receive data from client: Connection reset by peer
2026-03-25 22:48:00.605 UTC [5097] LOG:  could not receive data from client: Connection reset by peer
2026-03-25 22:48:30.452 UTC [5109] LOG:  could not receive data from client: Connection reset by peer
2026-03-25 22:51:30.268 UTC [5185] LOG:  could not receive data from client: Connection reset by peer
2026-03-25 22:51:45.262 UTC [5191] LOG:  could not receive data from client: Connection reset by peer
2026-03-25 22:52:44.981 UTC [5213] LOG:  could not receive data from client: Connection reset by peer
2026-03-25 22:53:15.270 UTC [5225] LOG:  could not receive data from client: Connection reset by peer
2026-03-25 22:54:00.150 UTC [5244] LOG:  could not receive data from client: Connection reset by peer
2026-03-25 22:54:15.274 UTC [5250] LOG:  could not receive data from client: Connection reset by peer
2026-03-25 22:57:59.423 UTC [5341] LOG:  could not receive data from client: Connection reset by peer
2026-03-25 23:00:46.598 UTC [5411] LOG:  could not receive data from client: Connection reset by peer
2026-03-25 23:02:17.385 UTC [5446] LOG:  could not receive data from client: Connection reset by peer
2026-03-25 23:05:47.680 UTC [5534] LOG:  could not receive data from client: Connection reset by peer
2026-03-25 23:06:02.735 UTC [5541] LOG:  could not receive data from client: Connection reset by peer
2026-03-25 23:06:32.764 UTC [5554] LOG:  could not receive data from client: Connection reset by peer
2026-03-25 23:07:17.950 UTC [5572] LOG:  could not receive data from client: Connection reset by peer
2026-03-25 23:09:47.743 UTC [5625] LOG:  unexpected EOF on client connection with an open transaction
2026-03-25 23:10:17.794 UTC [5637] LOG:  could not receive data from client: Connection reset by peer
2026-03-25 23:16:17.632 UTC [5787] LOG:  could not receive data from client: Connection reset by peer
2026-03-25 23:17:03.013 UTC [5805] LOG:  could not receive data from client: Connection reset by peer
2026-03-25 23:17:47.948 UTC [5823] LOG:  could not receive data from client: Connection reset by peer
2026-03-25 23:18:02.995 UTC [5829] LOG:  could not receive data from client: Connection reset by peer
2026-03-25 23:18:18.230 UTC [5836] LOG:  could not receive data from client: Connection reset by peer
2026-03-25 23:19:18.015 UTC [5858] LOG:  could not receive data from client: Connection reset by peer
2026-03-25 23:19:33.040 UTC [5864] LOG:  could not receive data from client: Connection reset by peer
2026-03-25 23:19:48.262 UTC [5871] LOG:  could not receive data from client: Connection reset by peer
2026-03-25 23:21:02.833 UTC [5908] LOG:  could not receive data from client: Connection reset by peer
2026-03-25 23:22:03.428 UTC [5932] LOG:  could not receive data from client: Connection reset by peer
2026-03-25 23:22:33.362 UTC [5944] LOG:  could not receive data from client: Connection reset by peer
2026-03-25 23:22:48.409 UTC [5950] LOG:  could not receive data from client: Connection reset by peer
2026-03-25 23:24:33.283 UTC [5989] LOG:  could not receive data from client: Connection reset by peer
2026-03-25 23:24:48.210 UTC [5995] LOG:  could not receive data from client: Connection reset by peer
2026-03-25 23:25:48.086 UTC [6028] LOG:  could not receive data from client: Connection reset by peer
2026-03-25 23:27:02.748 UTC [6056] LOG:  could not receive data from client: Connection reset by peer
2026-03-25 23:28:02.554 UTC [6078] LOG:  could not receive data from client: Connection reset by peer
2026-03-25 23:30:16.788 UTC [6127] LOG:  could not receive data from client: Connection reset by peer
2026-03-25 23:33:00.865 UTC [6199] LOG:  could not receive data from client: Connection reset by peer
2026-03-25 23:33:15.874 UTC [6205] LOG:  could not receive data from client: Connection reset by peer
2026-03-25 23:33:30.896 UTC [6212] LOG:  could not receive data from client: Connection reset by peer
2026-03-25 23:34:00.777 UTC [6224] LOG:  could not receive data from client: Connection reset by peer
2026-03-25 23:34:45.910 UTC [6241] LOG:  could not receive data from client: Connection reset by peer
2026-03-25 23:35:45.730 UTC [6274] LOG:  could not receive data from client: Connection reset by peer
2026-03-25 23:36:45.471 UTC [6296] LOG:  could not receive data from client: Connection reset by peer
2026-03-25 23:36:45.472 UTC [6296] LOG:  unexpected EOF on client connection with an open transaction
2026-03-25 23:37:30.706 UTC [6314] LOG:  could not receive data from client: Connection reset by peer
2026-03-25 23:40:30.585 UTC [6391] LOG:  could not receive data from client: Connection reset by peer
2026-03-25 23:42:45.638 UTC [6442] LOG:  could not receive data from client: Connection reset by peer
2026-03-25 23:44:30.548 UTC [6480] LOG:  could not receive data from client: Connection reset by peer
2026-03-25 23:44:45.741 UTC [6487] LOG:  could not receive data from client: Connection reset by peer
2026-03-25 23:47:59.578 UTC [6568] LOG:  could not receive data from client: Connection reset by peer
2026-03-25 23:48:59.257 UTC [6590] LOG:  could not receive data from client: Connection reset by peer
2026-03-25 23:50:59.465 UTC [6645] LOG:  could not receive data from client: Connection reset by peer
2026-03-25 23:51:59.342 UTC [6668] LOG:  could not receive data from client: Connection reset by peer
2026-03-25 23:54:28.807 UTC [6723] LOG:  could not receive data from client: Connection reset by peer
2026-03-25 23:54:43.995 UTC [6729] LOG:  could not receive data from client: Connection reset by peer
2026-03-25 23:54:58.838 UTC [6735] LOG:  could not receive data from client: Connection reset by peer
2026-03-25 23:57:14.183 UTC [6798] LOG:  could not receive data from client: Connection reset by peer
2026-03-25 23:58:43.651 UTC [6832] LOG:  could not receive data from client: Connection reset by peer
