2026-06-16 09:07:49.608 UTC [51235] LOG:  could not receive data from client: Connection reset by peer
2026-06-16 09:10:33.954 UTC [51305] LOG:  could not receive data from client: Connection reset by peer
2026-06-16 09:29:05.948 UTC [51732] LOG:  could not receive data from client: Connection reset by peer
2026-06-16 09:32:34.097 UTC [51818] LOG:  could not receive data from client: Connection reset by peer
2026-06-16 09:34:32.745 UTC [51871] LOG:  could not receive data from client: Connection reset by peer
2026-06-16 09:41:12.804 UTC [52025] LOG:  could not receive data from client: Connection reset by peer
2026-06-16 09:55:02.761 UTC [52355] LOG:  could not receive data from client: Connection reset by peer
2026-06-16 09:57:47.031 UTC [52417] LOG:  could not receive data from client: Connection reset by peer
2026-06-16 10:09:23.615 UTC [52686] LOG:  could not receive data from client: Connection reset by peer
2026-06-16 10:11:06.858 UTC [52734] LOG:  could not receive data from client: Connection reset by peer
2026-06-16 10:12:35.876 UTC [52767] LOG:  could not receive data from client: Connection reset by peer
2026-06-16 10:22:30.978 UTC [52999] LOG:  could not receive data from client: Connection reset by peer
2026-06-16 10:22:30.978 UTC [52999] LOG:  unexpected EOF on client connection with an open transaction
2026-06-16 10:23:00.808 UTC [53011] LOG:  could not receive data from client: Connection reset by peer
2026-06-16 10:30:12.302 UTC [53184] LOG:  could not receive data from client: Connection reset by peer
2026-06-16 10:35:23.862 UTC [53307] LOG:  could not receive data from client: Connection reset by peer
2026-06-16 10:44:17.836 UTC [53511] LOG:  could not receive data from client: Connection reset by peer
2026-06-16 10:45:17.787 UTC [53543] LOG:  could not receive data from client: Connection reset by peer
2026-06-16 10:48:00.416 UTC [53604] LOG:  could not receive data from client: Connection reset by peer
2026-06-16 10:51:28.271 UTC [53688] LOG:  could not receive data from client: Connection reset by peer
2026-06-16 10:51:58.037 UTC [53700] LOG:  could not receive data from client: Connection reset by peer
2026-06-16 11:00:22.955 UTC [53900] LOG:  could not receive data from client: Connection reset by peer
2026-06-16 11:08:17.236 UTC [54081] LOG:  could not receive data from client: Connection reset by peer
2026-06-16 11:15:41.872 UTC [54264] LOG:  could not receive data from client: Connection reset by peer
2026-06-16 11:32:16.304 UTC [54648] LOG:  could not receive data from client: Connection reset by peer
2026-06-16 11:36:59.313 UTC [54760] LOG:  could not receive data from client: Connection reset by peer
2026-06-16 11:39:42.541 UTC [54830] LOG:  could not receive data from client: Connection reset by peer
2026-06-16 11:40:56.960 UTC [54857] LOG:  could not receive data from client: Connection reset by peer
2026-06-16 11:42:56.511 UTC [54902] LOG:  could not receive data from client: Connection reset by peer
2026-06-16 11:44:10.668 UTC [54929] LOG:  could not receive data from client: Connection reset by peer
2026-06-16 11:49:52.822 UTC [55073] LOG:  could not receive data from client: Connection reset by peer
2026-06-16 11:54:20.151 UTC [55172] LOG:  could not receive data from client: Connection reset by peer
2026-06-16 11:58:17.588 UTC [55267] LOG:  could not receive data from client: Connection reset by peer
2026-06-16 12:03:43.891 UTC [55399] LOG:  could not receive data from client: Connection reset by peer
2026-06-16 12:03:59.093 UTC [55405] LOG:  could not receive data from client: Connection reset by peer
2026-06-16 12:08:42.935 UTC [55517] LOG:  could not receive data from client: Connection reset by peer
2026-06-16 12:18:06.851 UTC [55739] LOG:  could not receive data from client: Connection reset by peer
2026-06-16 12:20:35.164 UTC [55802] LOG:  could not receive data from client: Connection reset by peer
2026-06-16 12:23:17.933 UTC [55861] LOG:  could not receive data from client: Connection reset by peer
2026-06-16 12:26:31.109 UTC [55940] LOG:  could not receive data from client: Connection reset by peer
2026-06-16 12:32:12.751 UTC [56073] LOG:  could not receive data from client: Connection reset by peer
2026-06-16 12:34:11.666 UTC [56118] LOG:  could not receive data from client: Connection reset by peer
2026-06-16 12:43:21.933 UTC [56337] LOG:  could not receive data from client: Connection reset by peer
2026-06-16 12:47:34.185 UTC [56437] LOG:  could not receive data from client: Connection reset by peer
2026-06-16 12:54:45.235 UTC [56614] LOG:  could not receive data from client: Connection reset by peer
2026-06-16 13:05:37.420 UTC [56867] LOG:  could not receive data from client: Connection reset by peer
2026-06-16 13:12:03.015 UTC [57018] LOG:  could not receive data from client: Connection reset by peer
2026-06-16 13:12:47.674 UTC [57035] LOG:  could not receive data from client: Connection reset by peer
2026-06-16 13:19:42.995 UTC [57203] LOG:  could not receive data from client: Connection reset by peer
2026-06-16 13:27:21.976 UTC [57376] LOG:  could not receive data from client: Connection reset by peer
2026-06-16 13:30:35.373 UTC [57456] LOG:  could not receive data from client: Connection reset by peer
2026-06-16 13:33:04.367 UTC [57511] LOG:  could not receive data from client: Connection reset by peer
2026-06-16 13:34:18.886 UTC [57539] LOG:  could not receive data from client: Connection reset by peer
2026-06-16 13:36:48.000 UTC [57603] LOG:  could not receive data from client: Connection reset by peer
2026-06-16 13:40:45.369 UTC [57700] LOG:  could not receive data from client: Connection reset by peer
2026-06-16 13:48:39.694 UTC [57882] LOG:  could not receive data from client: Connection reset by peer
2026-06-16 13:55:34.080 UTC [58050] LOG:  could not receive data from client: Connection reset by peer
2026-06-16 14:12:51.963 UTC [58454] LOG:  could not receive data from client: Connection reset by peer
2026-06-16 14:16:04.516 UTC [58534] LOG:  could not receive data from client: Connection reset by peer
2026-06-16 14:21:16.044 UTC [58656] LOG:  could not receive data from client: Connection reset by peer
2026-06-16 14:23:15.373 UTC [58699] LOG:  could not receive data from client: Connection reset by peer
2026-06-16 14:24:44.715 UTC [58742] LOG:  could not receive data from client: Connection reset by peer
2026-06-16 14:26:42.876 UTC [58784] LOG:  could not receive data from client: Connection reset by peer
2026-06-16 14:32:53.663 UTC [58930] LOG:  could not receive data from client: Connection reset by peer
2026-06-16 14:33:08.553 UTC [58936] LOG:  could not receive data from client: Connection reset by peer
2026-06-16 14:47:15.769 UTC [59269] LOG:  could not receive data from client: Connection reset by peer
2026-06-16 14:54:12.997 UTC [59432] LOG:  could not receive data from client: Connection reset by peer
2026-06-16 14:55:14.071 UTC [59465] LOG:  could not receive data from client: Connection reset by peer
2026-06-16 15:02:10.996 UTC [59626] LOG:  could not receive data from client: Connection reset by peer
2026-06-16 15:12:21.721 UTC [59870] LOG:  could not receive data from client: Connection reset by peer
2026-06-16 15:18:32.690 UTC [60012] LOG:  could not receive data from client: Connection reset by peer
2026-06-16 15:31:40.199 UTC [60326] LOG:  could not receive data from client: Connection reset by peer
2026-06-16 15:35:37.453 UTC [60422] LOG:  could not receive data from client: Connection reset by peer
2026-06-16 15:35:52.394 UTC [60429] LOG:  could not receive data from client: Connection reset by peer
2026-06-16 15:43:45.694 UTC [60608] LOG:  could not receive data from client: Connection reset by peer
2026-06-16 15:46:14.523 UTC [60674] LOG:  could not receive data from client: Connection reset by peer
2026-06-16 15:46:58.705 UTC [60691] LOG:  could not receive data from client: Connection reset by peer
2026-06-16 15:47:13.707 UTC [60697] LOG:  could not receive data from client: Connection reset by peer
2026-06-16 15:54:40.267 UTC [60870] LOG:  could not receive data from client: Connection reset by peer
2026-06-16 16:05:02.417 UTC [61126] LOG:  could not receive data from client: Connection reset by peer
2026-06-16 16:06:46.362 UTC [61163] LOG:  could not receive data from client: Connection reset by peer
2026-06-16 16:07:45.902 UTC [61185] LOG:  could not receive data from client: Connection reset by peer
2026-06-16 16:09:59.398 UTC [61245] LOG:  could not receive data from client: Connection reset by peer
2026-06-16 16:16:56.301 UTC [61407] LOG:  could not receive data from client: Connection reset by peer
2026-06-16 16:25:05.035 UTC [61603] LOG:  could not receive data from client: Connection reset by peer
2026-06-16 16:26:49.204 UTC [61643] LOG:  could not receive data from client: Connection reset by peer
2026-06-16 16:31:47.096 UTC [61762] LOG:  could not receive data from client: Connection reset by peer
2026-06-16 16:32:16.695 UTC [61774] LOG:  could not receive data from client: Connection reset by peer
2026-06-16 16:35:30.159 UTC [61855] LOG:  could not receive data from client: Connection reset by peer
2026-06-16 16:36:14.591 UTC [61872] LOG:  could not receive data from client: Connection reset by peer
2026-06-16 16:36:58.962 UTC [61889] LOG:  could not receive data from client: Connection reset by peer
2026-06-16 16:37:13.873 UTC [61895] LOG:  could not receive data from client: Connection reset by peer
2026-06-16 16:37:28.968 UTC [61901] LOG:  could not receive data from client: Connection reset by peer
2026-06-16 16:37:44.050 UTC [61908] LOG:  could not receive data from client: Connection reset by peer
2026-06-16 16:38:13.474 UTC [61920] LOG:  could not receive data from client: Connection reset by peer
2026-06-16 16:41:11.943 UTC [61995] LOG:  could not receive data from client: Connection reset by peer
2026-06-16 16:45:53.853 UTC [62109] LOG:  could not receive data from client: Connection reset by peer
2026-06-16 16:46:23.640 UTC [62120] LOG:  could not receive data from client: Connection reset by peer
2026-06-16 16:50:22.000 UTC [62216] LOG:  could not receive data from client: Connection reset by peer
2026-06-16 16:52:21.032 UTC [62259] LOG:  could not receive data from client: Connection reset by peer
2026-06-16 16:53:05.504 UTC [62276] LOG:  could not receive data from client: Connection reset by peer
2026-06-16 16:58:03.276 UTC [62394] LOG:  could not receive data from client: Connection reset by peer
2026-06-16 16:59:47.902 UTC [62432] LOG:  could not receive data from client: Connection reset by peer
2026-06-16 17:01:01.994 UTC [62470] LOG:  could not receive data from client: Connection reset by peer
2026-06-16 17:01:47.150 UTC [62486] LOG:  could not receive data from client: Connection reset by peer
2026-06-16 17:05:00.732 UTC [62572] LOG:  could not receive data from client: Connection reset by peer
2026-06-16 17:05:30.324 UTC [62583] LOG:  could not receive data from client: Connection reset by peer
2026-06-16 17:25:02.238 UTC [63042] LOG:  could not receive data from client: Connection reset by peer
2026-06-16 17:28:59.407 UTC [63127] LOG:  could not receive data from client: Connection reset by peer
2026-06-16 17:40:22.440 UTC [63400] LOG:  could not receive data from client: Connection reset by peer
2026-06-16 17:41:07.267 UTC [63417] LOG:  could not receive data from client: Connection reset by peer
2026-06-16 17:44:35.745 UTC [63492] LOG:  could not receive data from client: Connection reset by peer
2026-06-16 17:48:04.690 UTC [63579] LOG:  could not receive data from client: Connection reset by peer
2026-06-16 17:49:04.376 UTC [63602] LOG:  could not receive data from client: Connection reset by peer
2026-06-16 17:50:48.700 UTC [63649] LOG:  could not receive data from client: Connection reset by peer
2026-06-16 17:55:00.939 UTC [63750] LOG:  could not receive data from client: Connection reset by peer
2026-06-16 18:01:27.205 UTC [63897] LOG:  could not receive data from client: Connection reset by peer
2026-06-16 18:03:11.081 UTC [63936] LOG:  could not receive data from client: Connection reset by peer
2026-06-16 18:08:52.216 UTC [64068] LOG:  could not receive data from client: Connection reset by peer
2026-06-16 18:22:00.551 UTC [64382] LOG:  could not receive data from client: Connection reset by peer
2026-06-16 18:23:15.123 UTC [64410] LOG:  could not receive data from client: Connection reset by peer
2026-06-16 18:27:28.239 UTC [64512] LOG:  could not receive data from client: Connection reset by peer
2026-06-16 18:36:23.554 UTC [64723] LOG:  could not receive data from client: Connection reset by peer
2026-06-16 18:37:08.309 UTC [64740] LOG:  could not receive data from client: Connection reset by peer
2026-06-16 18:51:59.819 UTC [65092] LOG:  could not receive data from client: Connection reset by peer
2026-06-16 18:54:43.757 UTC [65151] LOG:  could not receive data from client: Connection reset by peer
2026-06-16 18:56:58.721 UTC [65211] LOG:  could not receive data from client: Connection reset by peer
2026-06-16 18:59:12.666 UTC [65259] LOG:  could not receive data from client: Connection reset by peer
2026-06-16 19:03:10.450 UTC [65355] LOG:  could not receive data from client: Connection reset by peer
2026-06-16 19:12:07.741 UTC [65570] LOG:  could not receive data from client: Connection reset by peer
2026-06-16 19:16:35.353 UTC [65675] LOG:  could not receive data from client: Connection reset by peer
2026-06-16 19:26:46.291 UTC [65911] LOG:  could not receive data from client: Connection reset by peer
2026-06-16 19:28:30.873 UTC [65950] LOG:  could not receive data from client: Connection reset by peer
2026-06-16 19:33:29.781 UTC [66067] LOG:  could not receive data from client: Connection reset by peer
2026-06-16 19:43:52.610 UTC [66310] LOG:  could not receive data from client: Connection reset by peer
2026-06-16 19:45:51.305 UTC [66363] LOG:  could not receive data from client: Connection reset by peer
2026-06-16 19:56:15.964 UTC [66607] LOG:  could not receive data from client: Connection reset by peer
2026-06-16 20:01:57.353 UTC [66739] LOG:  could not receive data from client: Connection reset by peer
2026-06-16 20:12:50.853 UTC [66995] LOG:  could not receive data from client: Connection reset by peer
2026-06-16 20:15:49.320 UTC [67071] LOG:  could not receive data from client: Connection reset by peer
2026-06-16 20:18:03.167 UTC [67120] LOG:  could not receive data from client: Connection reset by peer
2026-06-16 20:23:44.510 UTC [67251] LOG:  could not receive data from client: Connection reset by peer
2026-06-16 20:24:44.211 UTC [67273] LOG:  could not receive data from client: Connection reset by peer
2026-06-16 20:25:28.714 UTC [67301] LOG:  could not receive data from client: Connection reset by peer
2026-06-16 20:26:58.628 UTC [67334] LOG:  could not receive data from client: Connection reset by peer
2026-06-16 20:30:29.161 UTC [1] LOG:  received fast shutdown request
2026-06-16 20:30:29.439 UTC [1] LOG:  aborting any active transactions
2026-06-16 20:30:29.878 UTC [1] LOG:  background worker "logical replication launcher" (PID 47) exited with exit code 1
2026-06-16 20:30:30.036 UTC [42] LOG:  shutting down
2026-06-16 20:30:38.281 UTC [1] LOG:  database system is shut down
