2026-05-04 00:04:41.166 UTC [44420] LOG:  could not receive data from client: Connection reset by peer
2026-05-04 00:05:10.545 UTC [44431] LOG:  could not receive data from client: Connection reset by peer
2026-05-04 00:20:49.397 UTC [44804] LOG:  could not receive data from client: Connection reset by peer
2026-05-04 00:47:12.548 UTC [45435] LOG:  could not receive data from client: Connection reset by peer
2026-05-04 00:54:17.310 UTC [45598] LOG:  could not receive data from client: Connection reset by peer
2026-05-04 01:00:37.885 UTC [45746] LOG:  could not receive data from client: Connection reset by peer
2026-05-04 01:09:54.072 UTC [45967] LOG:  could not receive data from client: Connection reset by peer
2026-05-04 01:13:48.821 UTC [46062] LOG:  could not receive data from client: Connection reset by peer
2026-05-04 01:16:00.505 UTC [46110] LOG:  could not receive data from client: Connection reset by peer
2026-05-04 01:16:30.084 UTC [46132] LOG:  could not receive data from client: Connection reset by peer
2026-05-04 01:20:09.964 UTC [46211] LOG:  could not receive data from client: Connection reset by peer
2026-05-04 01:26:01.160 UTC [46349] LOG:  could not receive data from client: Connection reset by peer
2026-05-04 01:28:57.193 UTC [46423] LOG:  could not receive data from client: Connection reset by peer
2026-05-04 01:38:58.555 UTC [46660] LOG:  could not receive data from client: Connection reset by peer
2026-05-04 01:49:43.087 UTC [46915] LOG:  could not receive data from client: Connection reset by peer
2026-05-04 02:05:36.092 UTC [47288] LOG:  could not receive data from client: Connection reset by peer
2026-05-04 02:12:25.032 UTC [47457] LOG:  could not receive data from client: Connection reset by peer
2026-05-04 02:29:33.390 UTC [47859] LOG:  could not receive data from client: Connection reset by peer
2026-05-04 02:49:34.583 UTC [48291] LOG:  could not receive data from client: Connection reset by peer
2026-05-04 02:54:57.218 UTC [48419] LOG:  could not receive data from client: Connection reset by peer
2026-05-04 02:54:57.218 UTC [48419] LOG:  unexpected EOF on client connection with an open transaction
2026-05-04 03:04:29.320 UTC [48644] LOG:  could not receive data from client: Connection reset by peer
2026-05-04 03:14:30.805 UTC [48880] LOG:  could not receive data from client: Connection reset by peer
2026-05-04 03:16:57.485 UTC [48945] LOG:  could not receive data from client: Connection reset by peer
2026-05-04 03:20:51.333 UTC [49033] LOG:  could not receive data from client: Connection reset by peer
2026-05-04 03:27:26.559 UTC [49195] LOG:  could not receive data from client: Connection reset by peer
2026-05-04 03:39:55.243 UTC [49486] LOG:  could not receive data from client: Connection reset by peer
2026-05-04 04:02:08.161 UTC [50015] LOG:  could not receive data from client: Connection reset by peer
2026-05-04 04:04:48.686 UTC [50074] LOG:  could not receive data from client: Connection reset by peer
2026-05-04 04:11:09.764 UTC [50221] LOG:  could not receive data from client: Connection reset by peer
2026-05-04 04:22:38.378 UTC [50499] LOG:  could not receive data from client: Connection reset by peer
2026-05-04 04:32:37.861 UTC [50737] LOG:  could not receive data from client: Connection reset by peer
2026-05-04 04:34:35.169 UTC [50779] LOG:  could not receive data from client: Connection reset by peer
2026-05-04 04:35:48.632 UTC [50807] LOG:  could not receive data from client: Connection reset by peer
2026-05-04 05:05:51.972 UTC [51517] LOG:  could not receive data from client: Connection reset by peer
2026-05-04 05:32:44.235 UTC [52158] LOG:  could not receive data from client: Connection reset by peer
2026-05-04 06:07:06.469 UTC [52972] LOG:  could not receive data from client: Connection reset by peer
2026-05-04 06:07:21.518 UTC [52978] LOG:  could not receive data from client: Connection reset by peer
2026-05-04 06:10:02.430 UTC [53037] LOG:  could not receive data from client: Connection reset by peer
2026-05-04 06:12:30.025 UTC [53101] LOG:  could not receive data from client: Connection reset by peer
2026-05-04 06:12:59.304 UTC [53113] LOG:  could not receive data from client: Connection reset by peer
2026-05-04 06:17:37.962 UTC [53224] LOG:  could not receive data from client: Connection reset by peer
2026-05-04 06:23:00.527 UTC [53351] LOG:  could not receive data from client: Connection reset by peer
2026-05-04 06:30:49.763 UTC [53533] LOG:  could not receive data from client: Connection reset by peer
2026-05-04 06:33:31.052 UTC [53602] LOG:  could not receive data from client: Connection reset by peer
2026-05-04 06:47:54.551 UTC [53944] LOG:  could not receive data from client: Connection reset by peer
2026-05-04 07:06:15.220 UTC [54374] LOG:  could not receive data from client: Connection reset by peer
2026-05-04 07:08:56.921 UTC [54443] LOG:  could not receive data from client: Connection reset by peer
2026-05-04 07:31:26.717 UTC [54968] LOG:  could not receive data from client: Connection reset by peer
2026-05-04 07:43:39.233 UTC [55266] LOG:  could not receive data from client: Connection reset by peer
2026-05-04 08:02:57.039 UTC [55727] LOG:  could not receive data from client: Connection reset by peer
2026-05-04 08:16:53.245 UTC [56058] LOG:  could not receive data from client: Connection reset by peer
2026-05-04 08:17:36.986 UTC [56074] LOG:  could not receive data from client: Connection reset by peer
2026-05-04 08:40:20.580 UTC [56603] LOG:  could not receive data from client: Connection reset by peer
2026-05-04 08:43:59.858 UTC [56694] LOG:  could not receive data from client: Connection reset by peer
2026-05-04 09:09:21.991 UTC [57291] LOG:  could not receive data from client: Connection reset by peer
2026-05-04 09:15:58.666 UTC [57445] LOG:  could not receive data from client: Connection reset by peer
2026-05-04 09:22:04.500 UTC [57597] LOG:  could not receive data from client: Connection reset by peer
2026-05-04 09:24:31.381 UTC [57650] LOG:  could not receive data from client: Connection reset by peer
2026-05-04 09:29:38.842 UTC [57771] LOG:  could not receive data from client: Connection reset by peer
2026-05-04 09:35:15.780 UTC [57903] LOG:  could not receive data from client: Connection reset by peer
2026-05-04 09:36:29.212 UTC [57930] LOG:  could not receive data from client: Connection reset by peer
2026-05-04 09:38:11.245 UTC [57978] LOG:  could not receive data from client: Connection reset by peer
2026-05-04 09:43:03.626 UTC [58095] LOG:  could not receive data from client: Connection reset by peer
2026-05-04 09:43:32.976 UTC [58106] LOG:  could not receive data from client: Connection reset by peer
2026-05-04 09:47:56.884 UTC [58212] LOG:  could not receive data from client: Connection reset by peer
2026-05-04 09:59:40.251 UTC [58486] LOG:  could not receive data from client: Connection reset by peer
2026-05-04 10:09:54.389 UTC [58729] LOG:  could not receive data from client: Connection reset by peer
2026-05-04 10:33:22.654 UTC [59288] LOG:  could not receive data from client: Connection reset by peer
2026-05-04 10:54:07.119 UTC [59775] LOG:  could not receive data from client: Connection reset by peer
2026-05-04 11:02:40.006 UTC [59981] LOG:  could not receive data from client: Connection reset by peer
2026-05-04 11:18:02.192 UTC [60346] LOG:  could not receive data from client: Connection reset by peer
2026-05-04 11:30:01.206 UTC [60627] LOG:  could not receive data from client: Connection reset by peer
2026-05-04 11:46:09.486 UTC [61005] LOG:  could not receive data from client: Connection reset by peer
2026-05-04 11:57:51.906 UTC [61288] LOG:  could not receive data from client: Connection reset by peer
2026-05-04 11:59:05.752 UTC [61316] LOG:  could not receive data from client: Connection reset by peer
2026-05-04 12:00:48.396 UTC [61353] LOG:  could not receive data from client: Connection reset by peer
2026-05-04 12:01:47.516 UTC [61375] LOG:  could not receive data from client: Connection reset by peer
2026-05-04 12:10:06.052 UTC [61575] LOG:  could not receive data from client: Connection reset by peer
2026-05-04 12:10:50.319 UTC [61591] LOG:  could not receive data from client: Connection reset by peer
2026-05-04 12:30:52.713 UTC [62065] LOG:  could not receive data from client: Connection reset by peer
2026-05-04 12:38:27.243 UTC [62249] LOG:  could not receive data from client: Connection reset by peer
2026-05-04 12:48:01.128 UTC [62476] LOG:  could not receive data from client: Connection reset by peer
2026-05-04 12:50:14.261 UTC [62525] LOG:  could not receive data from client: Connection reset by peer
2026-05-04 13:09:07.584 UTC [62976] LOG:  could not receive data from client: Connection reset by peer
2026-05-04 13:15:01.565 UTC [63114] LOG:  could not receive data from client: Connection reset by peer
2026-05-04 13:22:22.246 UTC [63293] LOG:  could not receive data from client: Connection reset by peer
2026-05-04 13:23:06.921 UTC [63310] LOG:  could not receive data from client: Connection reset by peer
2026-05-04 13:27:01.527 UTC [63405] LOG:  could not receive data from client: Connection reset by peer
2026-05-04 13:32:55.059 UTC [63544] LOG:  could not receive data from client: Connection reset by peer
2026-05-04 13:50:47.093 UTC [63960] LOG:  could not receive data from client: Connection reset by peer
2026-05-04 14:01:18.573 UTC [64208] LOG:  could not receive data from client: Connection reset by peer
2026-05-04 14:16:45.222 UTC [64570] LOG:  could not receive data from client: Connection reset by peer
2026-05-04 14:21:24.352 UTC [64682] LOG:  could not receive data from client: Connection reset by peer
2026-05-04 14:25:19.044 UTC [64777] LOG:  could not receive data from client: Connection reset by peer
2026-05-04 14:27:16.533 UTC [64830] LOG:  could not receive data from client: Connection reset by peer
2026-05-04 14:27:16.533 UTC [64830] LOG:  unexpected EOF on client connection with an open transaction
2026-05-04 14:34:07.205 UTC [64988] LOG:  could not receive data from client: Connection reset by peer
2026-05-04 14:39:29.837 UTC [65114] LOG:  could not receive data from client: Connection reset by peer
2026-05-04 14:42:40.561 UTC [65193] LOG:  could not receive data from client: Connection reset by peer
2026-05-04 14:45:37.317 UTC [65258] LOG:  could not receive data from client: Connection reset by peer
2026-05-04 14:53:12.710 UTC [65443] LOG:  could not receive data from client: Connection reset by peer
2026-05-04 15:05:13.234 UTC [65723] LOG:  could not receive data from client: Connection reset by peer
2026-05-04 15:27:45.446 UTC [66259] LOG:  could not receive data from client: Connection reset by peer
2026-05-04 15:33:09.597 UTC [66386] LOG:  could not receive data from client: Connection reset by peer
2026-05-04 15:36:35.369 UTC [66462] LOG:  could not receive data from client: Connection reset by peer
2026-05-04 15:39:17.701 UTC [66532] LOG:  could not receive data from client: Connection reset by peer
2026-05-04 15:48:51.037 UTC [66759] LOG:  could not receive data from client: Connection reset by peer
2026-05-04 16:08:12.802 UTC [67215] LOG:  could not receive data from client: Connection reset by peer
2026-05-04 16:18:00.250 UTC [67447] LOG:  could not receive data from client: Connection reset by peer
2026-05-04 16:30:01.430 UTC [67727] LOG:  could not receive data from client: Connection reset by peer
2026-05-04 16:35:23.698 UTC [67856] LOG:  could not receive data from client: Connection reset by peer
2026-05-04 16:50:05.421 UTC [68205] LOG:  could not receive data from client: Connection reset by peer
2026-05-04 16:52:32.327 UTC [68269] LOG:  could not receive data from client: Connection reset by peer
2026-05-04 17:17:29.884 UTC [68865] LOG:  could not receive data from client: Connection reset by peer
2026-05-04 17:24:07.285 UTC [69017] LOG:  could not receive data from client: Connection reset by peer
2026-05-04 17:24:22.293 UTC [69024] LOG:  could not receive data from client: Connection reset by peer
2026-05-04 17:27:48.861 UTC [69109] LOG:  could not receive data from client: Connection reset by peer
2026-05-04 17:41:31.681 UTC [69424] LOG:  could not receive data from client: Connection reset by peer
2026-05-04 17:51:35.064 UTC [69661] LOG:  could not receive data from client: Connection reset by peer
2026-05-04 17:53:18.021 UTC [69709] LOG:  could not receive data from client: Connection reset by peer
2026-05-04 17:54:17.061 UTC [69731] LOG:  could not receive data from client: Connection reset by peer
2026-05-04 17:54:46.759 UTC [69742] LOG:  could not receive data from client: Connection reset by peer
2026-05-04 18:05:18.189 UTC [69990] LOG:  could not receive data from client: Connection reset by peer
2026-05-04 18:07:00.584 UTC [70027] LOG:  could not receive data from client: Connection reset by peer
2026-05-04 18:22:25.705 UTC [70401] LOG:  could not receive data from client: Connection reset by peer
2026-05-04 18:25:22.064 UTC [70465] LOG:  could not receive data from client: Connection reset by peer
2026-05-04 18:31:59.419 UTC [70620] LOG:  could not receive data from client: Connection reset by peer
2026-05-04 18:39:35.792 UTC [70806] LOG:  could not receive data from client: Connection reset by peer
2026-05-04 18:49:38.182 UTC [71046] LOG:  could not receive data from client: Connection reset by peer
2026-05-04 18:55:31.204 UTC [71184] LOG:  could not receive data from client: Connection reset by peer
2026-05-04 18:57:58.713 UTC [71247] LOG:  could not receive data from client: Connection reset by peer
2026-05-04 19:01:24.646 UTC [71323] LOG:  could not receive data from client: Connection reset by peer
2026-05-04 19:08:45.421 UTC [71502] LOG:  could not receive data from client: Connection reset by peer
2026-05-04 19:39:01.402 UTC [72219] LOG:  could not receive data from client: Connection reset by peer
2026-05-04 19:54:57.163 UTC [72591] LOG:  could not receive data from client: Connection reset by peer
2026-05-04 20:09:23.604 UTC [72933] LOG:  could not receive data from client: Connection reset by peer
2026-05-04 20:12:19.217 UTC [72997] LOG:  could not receive data from client: Connection reset by peer
2026-05-04 20:20:52.234 UTC [73202] LOG:  could not receive data from client: Connection reset by peer
2026-05-04 20:30:55.661 UTC [73440] LOG:  could not receive data from client: Connection reset by peer
2026-05-04 20:34:06.667 UTC [73519] LOG:  could not receive data from client: Connection reset by peer
2026-05-04 20:38:30.644 UTC [73625] LOG:  could not receive data from client: Connection reset by peer
2026-05-04 20:45:36.513 UTC [73788] LOG:  could not receive data from client: Connection reset by peer
2026-05-04 20:51:16.103 UTC [1] LOG:  received fast shutdown request
2026-05-04 20:51:16.302 UTC [1] LOG:  aborting any active transactions
2026-05-04 20:51:16.865 UTC [1] LOG:  background worker "logical replication launcher" (PID 47) exited with exit code 1
2026-05-04 20:51:17.338 UTC [42] LOG:  shutting down
2026-05-04 20:51:22.286 UTC [1] LOG:  database system is shut down
