2026-05-06 00:04:34.917 UTC [2303] LOG:  could not receive data from client: Connection reset by peer
2026-05-06 00:26:33.100 UTC [2815] LOG:  could not receive data from client: Connection reset by peer
2026-05-06 00:28:46.860 UTC [2874] LOG:  could not receive data from client: Connection reset by peer
2026-05-06 00:44:49.033 UTC [3250] LOG:  could not receive data from client: Connection reset by peer
2026-05-06 01:19:36.823 UTC [4063] LOG:  could not receive data from client: Connection reset by peer
2026-05-06 01:26:16.888 UTC [4215] LOG:  could not receive data from client: Connection reset by peer
2026-05-06 01:42:19.475 UTC [4587] LOG:  could not receive data from client: Connection reset by peer
2026-05-06 01:58:06.102 UTC [4954] LOG:  could not receive data from client: Connection reset by peer
2026-05-06 02:16:19.449 UTC [5384] LOG:  could not receive data from client: Connection reset by peer
2026-05-06 02:17:04.089 UTC [5401] LOG:  could not receive data from client: Connection reset by peer
2026-05-06 03:09:33.208 UTC [6632] LOG:  could not receive data from client: Connection reset by peer
2026-05-06 03:23:39.180 UTC [6967] LOG:  could not receive data from client: Connection reset by peer
2026-05-06 03:28:06.445 UTC [7062] LOG:  could not receive data from client: Connection reset by peer
2026-05-06 03:37:13.881 UTC [7277] LOG:  could not receive data from client: Connection reset by peer
2026-05-06 03:43:27.698 UTC [7430] LOG:  could not receive data from client: Connection reset by peer
2026-05-06 03:48:38.053 UTC [7551] LOG:  could not receive data from client: Connection reset by peer
2026-05-06 03:51:20.569 UTC [7610] LOG:  could not receive data from client: Connection reset by peer
2026-05-06 03:52:49.846 UTC [7644] LOG:  could not receive data from client: Connection reset by peer
2026-05-06 03:56:47.874 UTC [7742] LOG:  could not receive data from client: Connection reset by peer
2026-05-06 03:57:32.594 UTC [7758] LOG:  could not receive data from client: Connection reset by peer
2026-05-06 04:08:39.985 UTC [8027] LOG:  could not receive data from client: Connection reset by peer
2026-05-06 04:13:06.885 UTC [8125] LOG:  could not receive data from client: Connection reset by peer
2026-05-06 04:23:44.276 UTC [8385] LOG:  could not receive data from client: Connection reset by peer
2026-05-06 04:32:52.904 UTC [8594] LOG:  could not receive data from client: Connection reset by peer
2026-05-06 04:36:19.805 UTC [8678] LOG:  could not receive data from client: Connection reset by peer
2026-05-06 05:05:55.179 UTC [9370] LOG:  could not receive data from client: Connection reset by peer
2026-05-06 05:20:29.897 UTC [9710] LOG:  could not receive data from client: Connection reset by peer
2026-05-06 05:29:22.889 UTC [9924] LOG:  could not receive data from client: Connection reset by peer
2026-05-06 05:40:28.817 UTC [10182] LOG:  could not receive data from client: Connection reset by peer
2026-05-06 05:47:52.749 UTC [10351] LOG:  could not receive data from client: Connection reset by peer
2026-05-06 06:05:38.959 UTC [10770] LOG:  could not receive data from client: Connection reset by peer
2026-05-06 06:35:00.658 UTC [11458] LOG:  could not receive data from client: Connection reset by peer
2026-05-06 06:46:22.959 UTC [11722] LOG:  could not receive data from client: Connection reset by peer
2026-05-06 06:48:21.281 UTC [11765] LOG:  could not receive data from client: Connection reset by peer
2026-05-06 06:56:48.873 UTC [11965] LOG:  could not receive data from client: Connection reset by peer
2026-05-06 07:13:50.571 UTC [12372] LOG:  could not receive data from client: Connection reset by peer
2026-05-06 07:34:19.211 UTC [12850] LOG:  could not receive data from client: Connection reset by peer
2026-05-06 07:36:02.859 UTC [12888] LOG:  could not receive data from client: Connection reset by peer
2026-05-06 07:55:36.490 UTC [13346] LOG:  could not receive data from client: Connection reset by peer
2026-05-06 08:07:27.922 UTC [13620] LOG:  could not receive data from client: Connection reset by peer
2026-05-06 08:28:56.234 UTC [14130] LOG:  could not receive data from client: Connection reset by peer
2026-05-06 08:29:25.993 UTC [14142] LOG:  could not receive data from client: Connection reset by peer
2026-05-06 08:37:33.581 UTC [14329] LOG:  could not receive data from client: Connection reset by peer
2026-05-06 08:46:10.513 UTC [14534] LOG:  could not receive data from client: Connection reset by peer
2026-05-06 08:52:06.395 UTC [14671] LOG:  could not receive data from client: Connection reset by peer
2026-05-06 09:08:22.097 UTC [15051] LOG:  could not receive data from client: Connection reset by peer
2026-05-06 09:10:35.448 UTC [15109] LOG:  could not receive data from client: Connection reset by peer
2026-05-06 09:16:00.523 UTC [15236] LOG:  could not receive data from client: Connection reset by peer
2026-05-06 09:25:38.384 UTC [15464] LOG:  could not receive data from client: Connection reset by peer
2026-05-06 09:33:32.641 UTC [15643] LOG:  could not receive data from client: Connection reset by peer
2026-05-06 09:44:24.152 UTC [15907] LOG:  could not receive data from client: Connection reset by peer
2026-05-06 09:46:37.424 UTC [15955] LOG:  could not receive data from client: Connection reset by peer
2026-05-06 09:48:21.162 UTC [15994] LOG:  could not receive data from client: Connection reset by peer
2026-05-06 09:52:47.406 UTC [16099] LOG:  could not receive data from client: Connection reset by peer
2026-05-06 09:53:02.434 UTC [16106] LOG:  could not receive data from client: Connection reset by peer
2026-05-06 09:57:14.179 UTC [16207] LOG:  could not receive data from client: Connection reset by peer
2026-05-06 10:05:36.982 UTC [16406] LOG:  could not receive data from client: Connection reset by peer
2026-05-06 10:14:44.642 UTC [16623] LOG:  could not receive data from client: Connection reset by peer
2026-05-06 10:28:02.944 UTC [16929] LOG:  could not receive data from client: Connection reset by peer
2026-05-06 10:33:14.432 UTC [17051] LOG:  could not receive data from client: Connection reset by peer
2026-05-06 10:33:29.212 UTC [17057] LOG:  could not receive data from client: Connection reset by peer
2026-05-06 10:34:28.401 UTC [17089] LOG:  could not receive data from client: Connection reset by peer
2026-05-06 10:44:05.853 UTC [17315] LOG:  could not receive data from client: Connection reset by peer
2026-05-06 10:59:25.387 UTC [17676] LOG:  could not receive data from client: Connection reset by peer
2026-05-06 11:02:53.187 UTC [17750] LOG:  could not receive data from client: Connection reset by peer
2026-05-06 11:04:22.342 UTC [17793] LOG:  could not receive data from client: Connection reset by peer
2026-05-06 11:07:49.524 UTC [17867] LOG:  could not receive data from client: Connection reset by peer
2026-05-06 11:12:17.307 UTC [17973] LOG:  could not receive data from client: Connection reset by peer
2026-05-06 11:27:01.815 UTC [1] LOG:  received fast shutdown request
2026-05-06 11:27:02.544 UTC [1] LOG:  aborting any active transactions
2026-05-06 11:27:02.781 UTC [1] LOG:  background worker "logical replication launcher" (PID 65) exited with exit code 1
2026-05-06 11:27:03.034 UTC [60] LOG:  shutting down
2026-05-06 11:27:04.801 UTC [1] LOG:  database system is shut down
